Archive member included because of file (symbol)

C:/Freescale/KSDK_1.3.0/examples/frdmkl25z/driver_examples/adc16/kds/../../../../../lib/ksdk_platform_lib/kds/KL25Z4/debug/libksdk_platform.a(fsl_uart_hal.o)
                              ./utilities/fsl_debug_console.o (UART_HAL_SetBaudRate)
C:/Freescale/KSDK_1.3.0/examples/frdmkl25z/driver_examples/adc16/kds/../../../../../lib/ksdk_platform_lib/kds/KL25Z4/debug/libksdk_platform.a(fsl_lpsci_hal.o)
                              ./utilities/fsl_debug_console.o (LPSCI_HAL_SetBaudRate)
C:/Freescale/KSDK_1.3.0/examples/frdmkl25z/driver_examples/adc16/kds/../../../../../lib/ksdk_platform_lib/kds/KL25Z4/debug/libksdk_platform.a(fsl_gpio_driver.o)
                              ./source/main.o (GPIO_DRV_OutputPinInit)
C:/Freescale/KSDK_1.3.0/examples/frdmkl25z/driver_examples/adc16/kds/../../../../../lib/ksdk_platform_lib/kds/KL25Z4/debug/libksdk_platform.a(fsl_clock_MKL25Z4.o)
                              ./board/board.o (CLOCK_SYS_SetSimConfigration)
C:/Freescale/KSDK_1.3.0/examples/frdmkl25z/driver_examples/adc16/kds/../../../../../lib/ksdk_platform_lib/kds/KL25Z4/debug/libksdk_platform.a(fsl_clock_manager.o)
                              C:/Freescale/KSDK_1.3.0/examples/frdmkl25z/driver_examples/adc16/kds/../../../../../lib/ksdk_platform_lib/kds/KL25Z4/debug/libksdk_platform.a(fsl_clock_MKL25Z4.o) (CLOCK_SYS_GetSystickFreq)
C:/Freescale/KSDK_1.3.0/examples/frdmkl25z/driver_examples/adc16/kds/../../../../../lib/ksdk_platform_lib/kds/KL25Z4/debug/libksdk_platform.a(fsl_clock_manager_common.o)
                              C:/Freescale/KSDK_1.3.0/examples/frdmkl25z/driver_examples/adc16/kds/../../../../../lib/ksdk_platform_lib/kds/KL25Z4/debug/libksdk_platform.a(fsl_clock_MKL25Z4.o) (g_oscBase)
C:/Freescale/KSDK_1.3.0/examples/frdmkl25z/driver_examples/adc16/kds/../../../../../lib/ksdk_platform_lib/kds/KL25Z4/debug/libksdk_platform.a(fsl_os_abstraction_bm.o)
                              C:/Freescale/KSDK_1.3.0/examples/frdmkl25z/driver_examples/adc16/kds/../../../../../lib/ksdk_platform_lib/kds/KL25Z4/debug/libksdk_platform.a(fsl_clock_manager.o) (OSA_EnterCritical)
C:/Freescale/KSDK_1.3.0/examples/frdmkl25z/driver_examples/adc16/kds/../../../../../lib/ksdk_platform_lib/kds/KL25Z4/debug/libksdk_platform.a(fsl_sim_hal_MKL25Z4.o)
                              C:/Freescale/KSDK_1.3.0/examples/frdmkl25z/driver_examples/adc16/kds/../../../../../lib/ksdk_platform_lib/kds/KL25Z4/debug/libksdk_platform.a(fsl_clock_MKL25Z4.o) (CLOCK_HAL_SetOutDiv)
C:/Freescale/KSDK_1.3.0/examples/frdmkl25z/driver_examples/adc16/kds/../../../../../lib/ksdk_platform_lib/kds/KL25Z4/debug/libksdk_platform.a(fsl_osc_hal.o)
                              C:/Freescale/KSDK_1.3.0/examples/frdmkl25z/driver_examples/adc16/kds/../../../../../lib/ksdk_platform_lib/kds/KL25Z4/debug/libksdk_platform.a(fsl_clock_manager.o) (OSC_HAL_SetCapacitor)
C:/Freescale/KSDK_1.3.0/examples/frdmkl25z/driver_examples/adc16/kds/../../../../../lib/ksdk_platform_lib/kds/KL25Z4/debug/libksdk_platform.a(fsl_mcg_hal.o)
                              C:/Freescale/KSDK_1.3.0/examples/frdmkl25z/driver_examples/adc16/kds/../../../../../lib/ksdk_platform_lib/kds/KL25Z4/debug/libksdk_platform.a(fsl_clock_MKL25Z4.o) (g_xtal0ClkFreq)
C:/Freescale/KSDK_1.3.0/examples/frdmkl25z/driver_examples/adc16/kds/../../../../../lib/ksdk_platform_lib/kds/KL25Z4/debug/libksdk_platform.a(fsl_mcg_hal_modes.o)
                              C:/Freescale/KSDK_1.3.0/examples/frdmkl25z/driver_examples/adc16/kds/../../../../../lib/ksdk_platform_lib/kds/KL25Z4/debug/libksdk_platform.a(fsl_clock_manager.o) (CLOCK_HAL_GetMcgMode)
C:/Freescale/KSDK_1.3.0/examples/frdmkl25z/driver_examples/adc16/kds/../../../../../lib/ksdk_platform_lib/kds/KL25Z4/debug/libksdk_platform.a(fsl_lptmr_hal.o)
                              C:/Freescale/KSDK_1.3.0/examples/frdmkl25z/driver_examples/adc16/kds/../../../../../lib/ksdk_platform_lib/kds/KL25Z4/debug/libksdk_platform.a(fsl_os_abstraction_bm.o) (LPTMR_HAL_SetTimerWorkingMode)
C:/Freescale/KSDK_1.3.0/examples/frdmkl25z/driver_examples/adc16/kds/../../../../../lib/ksdk_platform_lib/kds/KL25Z4/debug/libksdk_platform.a(fsl_interrupt_manager.o)
                              C:/Freescale/KSDK_1.3.0/examples/frdmkl25z/driver_examples/adc16/kds/../../../../../lib/ksdk_platform_lib/kds/KL25Z4/debug/libksdk_platform.a(fsl_os_abstraction_bm.o) (INT_SYS_InstallHandler)
C:/Freescale/KSDK_1.3.0/examples/frdmkl25z/driver_examples/adc16/kds/../../../../../lib/ksdk_platform_lib/kds/KL25Z4/debug/libksdk_platform.a(fsl_gpio_hal.o)
                              C:/Freescale/KSDK_1.3.0/examples/frdmkl25z/driver_examples/adc16/kds/../../../../../lib/ksdk_platform_lib/kds/KL25Z4/debug/libksdk_platform.a(fsl_gpio_driver.o) (GPIO_HAL_SetPinDir)
C:/Freescale/KSDK_1.3.0/examples/frdmkl25z/driver_examples/adc16/kds/../../../../../lib/ksdk_platform_lib/kds/KL25Z4/debug/libksdk_platform.a(fsl_gpio_common.o)
[...]
Memory Configuration

Name             Origin             Length             Attributes
m_interrupts     0x00000000         0x00000100         xr
m_flash_config   0x00000400         0x00000010         xr
m_text           0x00000410         0x0001fbf0         xr
m_data           0x1ffff000         0x00004000         rw
*default*        0x00000000         0xffffffff

Linker script and memory map

LOAD c:/freescale/kds_v3/toolchain/bin/../lib/gcc/arm-none-eabi/4.8.4/armv6-m/crti.o
LOAD c:/freescale/kds_v3/toolchain/bin/../lib/gcc/arm-none-eabi/4.8.4/armv6-m/crtbegin.o
LOAD c:/freescale/kds_v3/toolchain/bin/../lib/gcc/arm-none-eabi/4.8.4/../../../../arm-none-eabi/lib/armv6-m/crt0.o
                0x00000400                __stack_size__ = 0x400
                0x00000200                __heap_size__ = 0x200
START GROUP
LOAD ./utilities/fsl_debug_console.o
LOAD ./utilities/fsl_misc_utilities.o
LOAD ./utilities/print_scan.o
LOAD ./startup/startup.o
LOAD ./startup/startup_MKL25Z4.o
LOAD ./startup/system_MKL25Z4.o
LOAD ./source/main.o
LOAD ./board/board.o
LOAD ./board/gpio_pins.o
LOAD ./board/hardware_init.o
LOAD ./board/pin_mux.o
LOAD ./Sources/adc.o
LOAD ./Sources/dma.o
LOAD ./Sources/uart.o
LOAD C:/Freescale/KSDK_1.3.0/examples/frdmkl25z/driver_examples/adc16/kds/../../../../../lib/ksdk_platform_lib/kds/KL25Z4/debug/libksdk_platform.a
LOAD c:/freescale/kds_v3/toolchain/bin/../lib/gcc/arm-none-eabi/4.8.4/../../../../arm-none-eabi/lib/armv6-m\libm.a
LOAD c:/freescale/kds_v3/toolchain/bin/../lib/gcc/arm-none-eabi/4.8.4/../../../../arm-none-eabi/lib/armv6-m\libg_s.a
LOAD c:/freescale/kds_v3/toolchain/bin/../lib/gcc/arm-none-eabi/4.8.4/armv6-m\libgcc.a
LOAD c:/freescale/kds_v3/toolchain/bin/../lib/gcc/arm-none-eabi/4.8.4/../../../../arm-none-eabi/lib/armv6-m\libnosys.a
END GROUP
START GROUP
LOAD c:/freescale/kds_v3/toolchain/bin/../lib/gcc/arm-none-eabi/4.8.4/armv6-m\libgcc.a
LOAD c:/freescale/kds_v3/toolchain/bin/../lib/gcc/arm-none-eabi/4.8.4/../../../../arm-none-eabi/lib/armv6-m\libg_s.a
LOAD c:/freescale/kds_v3/toolchain/bin/../lib/gcc/arm-none-eabi/4.8.4/../../../../arm-none-eabi/lib/armv6-m\libc_s.a
END GROUP
START GROUP
LOAD c:/freescale/kds_v3/toolchain/bin/../lib/gcc/arm-none-eabi/4.8.4/armv6-m\libgcc.a
LOAD c:/freescale/kds_v3/toolchain/bin/../lib/gcc/arm-none-eabi/4.8.4/../../../../arm-none-eabi/lib/armv6-m\libc_s.a
END GROUP
LOAD c:/freescale/kds_v3/toolchain/bin/../lib/gcc/arm-none-eabi/4.8.4/armv6-m/crtend.o
LOAD c:/freescale/kds_v3/toolchain/bin/../lib/gcc/arm-none-eabi/4.8.4/armv6-m/crtn.o
                0x00000400                HEAP_SIZE = DEFINED (__heap_size__)?__heap_size__:0x400
                0x00000400                STACK_SIZE = DEFINED (__stack_size__)?__stack_size__:0x400
                0x00000000                M_VECTOR_RAM_SIZE = DEFINED (__ram_vector_table__)?0x100:0x0

.interrupts     0x00000000       0xc0
                0x00000000                __VECTOR_TABLE = .
                0x00000000                . = ALIGN (0x4)
 *(.isr_vector)
 .isr_vector    0x00000000       0xc0 ./startup/startup_MKL25Z4.o
                0x00000000                __isr_vector
                0x000000c0                . = ALIGN (0x4)

.flash_config   0x00000400       0x10
                0x00000400                . = ALIGN (0x4)
 *(.FlashConfig)
 .FlashConfig   0x00000400       0x10 ./startup/startup_MKL25Z4.o
                0x00000410                . = ALIGN (0x4)

.text           0x00000410     0x79f0
                0x00000410                . = ALIGN (0x4)
 *(.text)
 .text          0x00000410       0x60 c:/freescale/kds_v3/toolchain/bin/../lib/gcc/arm-none-eabi/4.8.4/armv6-m/crtbegin.o
 .text          0x00000470       0x78 c:/freescale/kds_v3/toolchain/bin/../lib/gcc/arm-none-eabi/4.8.4/../../../../arm-none-eabi/lib/armv6-m/crt0.o
                0x00000470                _start
                0x00000470                _mainCRTStartup
 .text          0x000004e8       0x18 ./startup/startup_MKL25Z4.o
                0x000004e8                Reset_Handler
                0x000004f8                HardFault_Handler
                0x000004f8                SysTick_Handler
                0x000004f8                PendSV_Handler
                0x000004f8                NMI_Handler
                0x000004f8                I2C1_IRQHandler
                0x000004f8                UART1_IRQHandler
                0x000004f8                DMA2_IRQHandler
                0x000004f8                TPM0_IRQHandler
                0x000004f8                LLWU_IRQHandler
                0x000004f8                TSI0_IRQHandler
                0x000004f8                UART0_IRQHandler
                0x000004f8                ADC0_IRQHandler
                0x000004f8                Reserved39_IRQHandler
                0x000004f8                SPI1_IRQHandler
                0x000004f8                DefaultISR
                0x000004f8                PORTD_IRQHandler
                0x000004f8                TPM2_IRQHandler
                0x000004f8                RTC_IRQHandler
                0x000004f8                I2C0_IRQHandler
                0x000004f8                RTC_Seconds_IRQHandler
                0x000004f8                MCG_IRQHandler
                0x000004f8                UART2_IRQHandler
                0x000004f8                Reserved20_IRQHandler
                0x000004f8                USB0_IRQHandler
                0x000004f8                PIT_IRQHandler
                0x000004f8                SVC_Handler
                0x000004f8                DMA3_IRQHandler
                0x000004f8                DAC0_IRQHandler
                0x000004f8                Reserved45_IRQHandler
                0x000004f8                TPM1_IRQHandler
                0x000004f8                LVD_LVW_IRQHandler
                0x000004f8                SPI0_IRQHandler
                0x000004f8                PORTA_IRQHandler
                0x000004f8                FTFA_IRQHandler
                0x000004f8                LPTMR0_IRQHandler
                0x000004f8                CMP0_IRQHandler
                0x000004f8                DMA1_IRQHandler
 .text          0x00000500       0x9c c:/freescale/kds_v3/toolchain/bin/../lib/gcc/arm-none-eabi/4.8.4/armv6-m\libgcc.a(_udivsi3.o)
                0x00000500                __aeabi_uidiv
                0x00000500                __udivsi3
                0x00000588                __aeabi_uidivmod
 .text          0x0000059c       0xc0 c:/freescale/kds_v3/toolchain/bin/../lib/gcc/arm-none-eabi/4.8.4/armv6-m\libgcc.a(_divsi3.o)
                0x0000059c                __divsi3
                0x0000059c                __aeabi_idiv
                0x00000648                __aeabi_idivmod
 .text          0x0000065c        0x4 c:/freescale/kds_v3/toolchain/bin/../lib/gcc/arm-none-eabi/4.8.4/armv6-m\libgcc.a(_dvmd_tls.o)
                0x0000065c                __aeabi_idiv0
                0x0000065c                __aeabi_ldiv0
 .text          0x00000660       0x7c c:/freescale/kds_v3/toolchain/bin/../lib/gcc/arm-none-eabi/4.8.4/armv6-m\libgcc.a(_arm_cmpdf2.o)
                0x00000660                __aeabi_cdrcmple
                0x00000670                __aeabi_cdcmple
                0x00000670                __aeabi_cdcmpeq
                0x00000680                __aeabi_dcmpeq
                0x0000068c                __aeabi_dcmplt
                0x000006a0                __aeabi_dcmple
                0x000006b4                __aeabi_dcmpgt
                0x000006c8                __aeabi_dcmpge
 .text          0x000006dc       0x74 c:/freescale/kds_v3/toolchain/bin/../lib/gcc/arm-none-eabi/4.8.4/armv6-m\libgcc.a(_arm_cmpsf2.o)
                0x000006dc                __aeabi_cfrcmple
                0x000006e4                __aeabi_cfcmpeq
                0x000006e4                __aeabi_cfcmple
                0x000006f4                __aeabi_fcmpeq
                0x00000700                __aeabi_fcmplt
                0x00000714                __aeabi_fcmple
                0x00000728                __aeabi_fcmpgt
                0x0000073c                __aeabi_fcmpge
 .text          0x00000750       0x30 c:/freescale/kds_v3/toolchain/bin/../lib/gcc/arm-none-eabi/4.8.4/armv6-m\libgcc.a(_fixunssfsi.o)
                0x00000750                __fixunssfsi
                0x00000750                __aeabi_f2uiz
 .text          0x00000780       0x40 c:/freescale/kds_v3/toolchain/bin/../lib/gcc/arm-none-eabi/4.8.4/armv6-m\libgcc.a(_fixunsdfsi.o)
                0x00000780                __aeabi_d2uiz
                0x00000780                __fixunsdfsi
 .text          0x000007c0       0x54 c:/freescale/kds_v3/toolchain/bin/../lib/gcc/arm-none-eabi/4.8.4/armv6-m\libgcc.a(eqsf2.o)
                0x000007c0                __eqsf2
                0x000007c0                __nesf2
 .text          0x00000814       0x90 c:/freescale/kds_v3/toolchain/bin/../lib/gcc/arm-none-eabi/4.8.4/armv6-m\libgcc.a(gesf2.o)
                0x00000814                __gesf2
                0x00000814                __gtsf2
 .text          0x000008a4       0x98 c:/freescale/kds_v3/toolchain/bin/../lib/gcc/arm-none-eabi/4.8.4/armv6-m\libgcc.a(lesf2.o)
                0x000008a4                __ltsf2
                0x000008a4                __lesf2
 .text          0x0000093c      0x254 c:/freescale/kds_v3/toolchain/bin/../lib/gcc/arm-none-eabi/4.8.4/armv6-m\libgcc.a(mulsf3.o)
                0x0000093c                __aeabi_fmul
 .text          0x00000b90      0x2ec c:/freescale/kds_v3/toolchain/bin/../lib/gcc/arm-none-eabi/4.8.4/armv6-m\libgcc.a(subsf3.o)
                0x00000b90                __aeabi_fsub
 .text          0x00000e7c       0x40 c:/freescale/kds_v3/toolchain/bin/../lib/gcc/arm-none-eabi/4.8.4/armv6-m\libgcc.a(fixsfsi.o)
                0x00000e7c                __aeabi_f2iz
 .text          0x00000ebc       0xb8 c:/freescale/kds_v3/toolchain/bin/../lib/gcc/arm-none-eabi/4.8.4/armv6-m\libgcc.a(floatsisf.o)
                0x00000ebc                __aeabi_i2f
 .text          0x00000f74      0x644 c:/freescale/kds_v3/toolchain/bin/../lib/gcc/arm-none-eabi/4.8.4/armv6-m\libgcc.a(adddf3.o)
                0x00000f74                __aeabi_dadd
 .text          0x000015b8      0x648 c:/freescale/kds_v3/toolchain/bin/../lib/gcc/arm-none-eabi/4.8.4/armv6-m\libgcc.a(divdf3.o)
                0x000015b8                __aeabi_ddiv
 .text          0x00001c00       0x94 c:/freescale/kds_v3/toolchain/bin/../lib/gcc/arm-none-eabi/4.8.4/armv6-m\libgcc.a(eqdf2.o)
                0x00001c00                __nedf2
                0x00001c00                __eqdf2
 .text          0x00001c94       0xfc c:/freescale/kds_v3/toolchain/bin/../lib/gcc/arm-none-eabi/4.8.4/armv6-m\libgcc.a(gedf2.o)
                0x00001c94                __gedf2
                0x00001c94                __gtdf2
 .text          0x00001d90       0xfc c:/freescale/kds_v3/toolchain/bin/../lib/gcc/arm-none-eabi/4.8.4/armv6-m\libgcc.a(ledf2.o)
                0x00001d90                __ledf2
                0x00001d90                __ltdf2
 .text          0x00001e8c      0x520 c:/freescale/kds_v3/toolchain/bin/../lib/gcc/arm-none-eabi/4.8.4/armv6-m\libgcc.a(muldf3.o)
                0x00001e8c                __aeabi_dmul
 .text          0x000023ac      0x668 c:/freescale/kds_v3/toolchain/bin/../lib/gcc/arm-none-eabi/4.8.4/armv6-m\libgcc.a(subdf3.o)
                0x000023ac                __aeabi_dsub
 .text          0x00002a14       0x68 c:/freescale/kds_v3/toolchain/bin/../lib/gcc/arm-none-eabi/4.8.4/armv6-m\libgcc.a(fixdfsi.o)
                0x00002a14                __aeabi_d2iz
 .text          0x00002a7c       0x7c c:/freescale/kds_v3/toolchain/bin/../lib/gcc/arm-none-eabi/4.8.4/armv6-m\libgcc.a(floatsidf.o)
                0x00002a7c                __aeabi_i2d
 .text          0x00002af8       0x68 c:/freescale/kds_v3/toolchain/bin/../lib/gcc/arm-none-eabi/4.8.4/armv6-m\libgcc.a(floatunsidf.o)
                0x00002af8                __aeabi_ui2d
 .text          0x00002b60       0xa4 c:/freescale/kds_v3/toolchain/bin/../lib/gcc/arm-none-eabi/4.8.4/armv6-m\libgcc.a(extendsfdf2.o)
                0x00002b60                __aeabi_f2d
 .text          0x00002c04      0x118 c:/freescale/kds_v3/toolchain/bin/../lib/gcc/arm-none-eabi/4.8.4/armv6-m\libgcc.a(truncdfsf2.o)
                0x00002c04                __aeabi_d2f
 .text          0x00002d1c       0x3c c:/freescale/kds_v3/toolchain/bin/../lib/gcc/arm-none-eabi/4.8.4/armv6-m\libgcc.a(_clzsi2.o)
                0x00002d1c                __clzsi2
 *(.text*)
 .text.UART_HAL_EnableTransmitter
                0x00002d58       0x1c ./utilities/fsl_debug_console.o
 .text.UART_HAL_EnableReceiver
                0x00002d74       0x1c ./utilities/fsl_debug_console.o
 .text.UART_HAL_SetBitCountPerChar
                0x00002d90       0x28 ./utilities/fsl_debug_console.o
 .text.UART_HAL_SetStopBitCount
                0x00002db8       0x28 ./utilities/fsl_debug_console.o
 .text.LPSCI_HAL_EnableTransmitter
                0x00002de0       0x1c ./utilities/fsl_debug_console.o
 .text.LPSCI_HAL_EnableReceiver
                0x00002dfc       0x1c ./utilities/fsl_debug_console.o
 .text.LPSCI_HAL_SetBitCountPerChar
                0x00002e18       0x28 ./utilities/fsl_debug_console.o
 .text.LPSCI_HAL_SetStopBitCount
                0x00002e40       0x28 ./utilities/fsl_debug_console.o
 .text.DbgConsole_Init
                0x00002e68      0x160 ./utilities/fsl_debug_console.o
                0x00002e68                DbgConsole_Init
 .text._write   0x00002fc8       0x5c ./utilities/fsl_debug_console.o
                0x00002fc8                _write
 .text._read    0x00003024       0x48 ./utilities/fsl_debug_console.o
                0x00003024                _read
 .text._sbrk    0x0000306c       0x5c ./utilities/fsl_misc_utilities.o
                0x0000306c                _sbrk
 .text.init_data_bss
                0x000030c8       0xc8 ./startup/startup.o
                0x000030c8                init_data_bss
 .text.SystemInit
                0x00003190       0x18 ./startup/system_MKL25Z4.o
                0x00003190                SystemInit
 .text.log_value
                0x000031a8      0x188 ./source/main.o
                0x000031a8                log_value
 .text.main     0x00003330       0x60 ./source/main.o
                0x00003330                main
 .text.PORT_HAL_SetMuxMode
                0x00003390       0x4c ./board/board.o
 .text.CLOCK_HAL_SetLpsciSrc
                0x000033dc       0x30 ./board/board.o
 .text.CLOCK_SYS_SetLpsciSrc
                0x0000340c       0x2c ./board/board.o
 .text.SMC_HAL_SetProtection
                0x00003438       0x1c ./board/board.o
 .text.BOARD_InitOsc0
                0x00003454       0x40 ./board/board.o
                0x00003454                BOARD_InitOsc0
 .text.CLOCK_SetBootConfig
                0x00003494       0x3c ./board/board.o
 .text.BOARD_ClockInit
                0x000034d0       0x44 ./board/board.o
                0x000034d0                BOARD_ClockInit
 .text.dbg_uart_init
                0x00003514       0x24 ./board/board.o
                0x00003514                dbg_uart_init
 .text.hardware_init
                0x00003538       0x28 ./board/hardware_init.o
                0x00003538                hardware_init
 .text.PORT_HAL_SetMuxMode
                0x00003560       0x4c ./board/pin_mux.o
 .text.configure_lpsci_pins
                0x000035ac       0x34 ./board/pin_mux.o
                0x000035ac                configure_lpsci_pins
 .text.adc_init
                0x000035e0       0x88 ./Sources/adc.o
                0x000035e0                adc_init
 .text.dma_init
                0x00003668       0xb4 ./Sources/dma.o
                0x00003668                dma_init
 .text.DMA0_IRQHandler
                0x0000371c       0xc0 ./Sources/dma.o
                0x0000371c                DMA0_IRQHandler
 .text.uart_init
                0x000037dc       0xe8 ./Sources/uart.o
                0x000037dc                uart_init
 .text.uart_tx_irq
                0x000038c4       0x50 ./Sources/uart.o
                0x000038c4                uart_tx_irq
 *fill*         0x00003914        0x4 
 .text.myprintf
                0x00003918      0x288 ./Sources/uart.o
                0x00003918                myprintf
 .text.UART_HAL_SetBaudRate
                0x00003ba0       0x6c C:/Freescale/KSDK_1.3.0/examples/frdmkl25z/driver_examples/adc16/kds/../../../../../lib/ksdk_platform_lib/kds/KL25Z4/debug/libksdk_platform.a(fsl_uart_hal.o)
                0x00003ba0                UART_HAL_SetBaudRate
 .text.UART_HAL_SetParityMode
                0x00003c0c       0x40 C:/Freescale/KSDK_1.3.0/examples/frdmkl25z/driver_examples/adc16/kds/../../../../../lib/ksdk_platform_lib/kds/KL25Z4/debug/libksdk_platform.a(fsl_uart_hal.o)
                0x00003c0c                UART_HAL_SetParityMode
 .text.UART_HAL_Putchar
                0x00003c4c       0x34 C:/Freescale/KSDK_1.3.0/examples/frdmkl25z/driver_examples/adc16/kds/../../../../../lib/ksdk_platform_lib/kds/KL25Z4/debug/libksdk_platform.a(fsl_uart_hal.o)
                0x00003c4c                UART_HAL_Putchar
 .text.UART_HAL_Getchar
                0x00003c80       0x34 C:/Freescale/KSDK_1.3.0/examples/frdmkl25z/driver_examples/adc16/kds/../../../../../lib/ksdk_platform_lib/kds/KL25Z4/debug/libksdk_platform.a(fsl_uart_hal.o)
                0x00003c80                UART_HAL_Getchar
 .text.UART_HAL_SendDataPolling
                0x00003cb4       0x44 C:/Freescale/KSDK_1.3.0/examples/frdmkl25z/driver_examples/adc16/kds/../../../../../lib/ksdk_platform_lib/kds/KL25Z4/debug/libksdk_platform.a(fsl_uart_hal.o)
                0x00003cb4                UART_HAL_SendDataPolling
 .text.UART_HAL_ReceiveDataPolling
                0x00003cf8       0xa4 C:/Freescale/KSDK_1.3.0/examples/frdmkl25z/driver_examples/adc16/kds/../../../../../lib/ksdk_platform_lib/kds/KL25Z4/debug/libksdk_platform.a(fsl_uart_hal.o)
                0x00003cf8                UART_HAL_ReceiveDataPolling
 .text.LPSCI_HAL_Putchar
                0x00003d9c       0x1c C:/Freescale/KSDK_1.3.0/examples/frdmkl25z/driver_examples/adc16/kds/../../../../../lib/ksdk_platform_lib/kds/KL25Z4/debug/libksdk_platform.a(fsl_lpsci_hal.o)
 .text.LPSCI_HAL_Getchar
                0x00003db8       0x1c C:/Freescale/KSDK_1.3.0/examples/frdmkl25z/driver_examples/adc16/kds/../../../../../lib/ksdk_platform_lib/kds/KL25Z4/debug/libksdk_platform.a(fsl_lpsci_hal.o)
 .text.LPSCI_HAL_SetBaudRate
                0x00003dd4      0x14c C:/Freescale/KSDK_1.3.0/examples/frdmkl25z/driver_examples/adc16/kds/../../../../../lib/ksdk_platform_lib/kds/KL25Z4/debug/libksdk_platform.a(fsl_lpsci_hal.o)
                0x00003dd4                LPSCI_HAL_SetBaudRate
 .text.LPSCI_HAL_SetParityMode
                0x00003f20       0x40 C:/Freescale/KSDK_1.3.0/examples/frdmkl25z/driver_examples/adc16/kds/../../../../../lib/ksdk_platform_lib/kds/KL25Z4/debug/libksdk_platform.a(fsl_lpsci_hal.o)
                0x00003f20                LPSCI_HAL_SetParityMode
 .text.LPSCI_HAL_SendDataPolling
                0x00003f60       0x44 C:/Freescale/KSDK_1.3.0/examples/frdmkl25z/driver_examples/adc16/kds/../../../../../lib/ksdk_platform_lib/kds/KL25Z4/debug/libksdk_platform.a(fsl_lpsci_hal.o)
                0x00003f60                LPSCI_HAL_SendDataPolling
 .text.LPSCI_HAL_ReceiveDataPolling
                0x00003fa4       0x88 C:/Freescale/KSDK_1.3.0/examples/frdmkl25z/driver_examples/adc16/kds/../../../../../lib/ksdk_platform_lib/kds/KL25Z4/debug/libksdk_platform.a(fsl_lpsci_hal.o)
                0x00003fa4                LPSCI_HAL_ReceiveDataPolling
 .text.PORT_HAL_SetSlewRateMode
                0x0000402c       0x4c C:/Freescale/KSDK_1.3.0/examples/frdmkl25z/driver_examples/adc16/kds/../../../../../lib/ksdk_platform_lib/kds/KL25Z4/debug/libksdk_platform.a(fsl_gpio_driver.o)
 .text.PORT_HAL_SetDriveStrengthMode
                0x00004078       0x4c C:/Freescale/KSDK_1.3.0/examples/frdmkl25z/driver_examples/adc16/kds/../../../../../lib/ksdk_platform_lib/kds/KL25Z4/debug/libksdk_platform.a(fsl_gpio_driver.o)
 .text.PORT_HAL_SetMuxMode
                0x000040c4       0x4c C:/Freescale/KSDK_1.3.0/examples/frdmkl25z/driver_examples/adc16/kds/../../../../../lib/ksdk_platform_lib/kds/KL25Z4/debug/libksdk_platform.a(fsl_gpio_driver.o)
 .text.GPIO_HAL_TogglePinOutput
                0x00004110       0x3c C:/Freescale/KSDK_1.3.0/examples/frdmkl25z/driver_examples/adc16/kds/../../../../../lib/ksdk_platform_lib/kds/KL25Z4/debug/libksdk_platform.a(fsl_gpio_driver.o)
 .text.GPIO_DRV_OutputPinInit
                0x0000414c       0x9c C:/Freescale/KSDK_1.3.0/examples/frdmkl25z/driver_examples/adc16/kds/../../../../../lib/ksdk_platform_lib/kds/KL25Z4/debug/libksdk_platform.a(fsl_gpio_driver.o)
                0x0000414c                GPIO_DRV_OutputPinInit
 .text.GPIO_DRV_TogglePinOutput
                0x000041e8       0x38 C:/Freescale/KSDK_1.3.0/examples/frdmkl25z/driver_examples/adc16/kds/../../../../../lib/ksdk_platform_lib/kds/KL25Z4/debug/libksdk_platform.a(fsl_gpio_driver.o)
                0x000041e8                GPIO_DRV_TogglePinOutput
 .text.SIM_HAL_EnableClock
                0x00004220       0x58 C:/Freescale/KSDK_1.3.0/examples/frdmkl25z/driver_examples/adc16/kds/../../../../../lib/ksdk_platform_lib/kds/KL25Z4/debug/libksdk_platform.a(fsl_clock_MKL25Z4.o)
 .text.CLOCK_HAL_GetLpsciSrc
                0x00004278       0x28 C:/Freescale/KSDK_1.3.0/examples/frdmkl25z/driver_examples/adc16/kds/../../../../../lib/ksdk_platform_lib/kds/KL25Z4/debug/libksdk_platform.a(fsl_clock_MKL25Z4.o)
 .text.CLOCK_HAL_SetExternalRefClock32kSrc
                0x000042a0       0x28 C:/Freescale/KSDK_1.3.0/examples/frdmkl25z/driver_examples/adc16/kds/../../../../../lib/ksdk_platform_lib/kds/KL25Z4/debug/libksdk_platform.a(fsl_clock_MKL25Z4.o)
 .text.CLOCK_HAL_SetPllfllSel
                0x000042c8       0x2c C:/Freescale/KSDK_1.3.0/examples/frdmkl25z/driver_examples/adc16/kds/../../../../../lib/ksdk_platform_lib/kds/KL25Z4/debug/libksdk_platform.a(fsl_clock_MKL25Z4.o)
 .text.CLOCK_HAL_GetPllfllSel
                0x000042f4       0x24 C:/Freescale/KSDK_1.3.0/examples/frdmkl25z/driver_examples/adc16/kds/../../../../../lib/ksdk_platform_lib/kds/KL25Z4/debug/libksdk_platform.a(fsl_clock_MKL25Z4.o)
 .text.CLOCK_HAL_GetOutDiv1
                0x00004318       0x28 C:/Freescale/KSDK_1.3.0/examples/frdmkl25z/driver_examples/adc16/kds/../../../../../lib/ksdk_platform_lib/kds/KL25Z4/debug/libksdk_platform.a(fsl_clock_MKL25Z4.o)
 .text.CLOCK_HAL_GetOutDiv4
                0x00004340       0x28 C:/Freescale/KSDK_1.3.0/examples/frdmkl25z/driver_examples/adc16/kds/../../../../../lib/ksdk_platform_lib/kds/KL25Z4/debug/libksdk_platform.a(fsl_clock_MKL25Z4.o)
 .text.OSC_HAL_GetExternalRefClkCmd
                0x00004368       0x24 C:/Freescale/KSDK_1.3.0/examples/frdmkl25z/driver_examples/adc16/kds/../../../../../lib/ksdk_platform_lib/kds/KL25Z4/debug/libksdk_platform.a(fsl_clock_MKL25Z4.o)
 .text.CLOCK_SYS_SetSimConfigration
                0x0000438c       0x48 C:/Freescale/KSDK_1.3.0/examples/frdmkl25z/driver_examples/adc16/kds/../../../../../lib/ksdk_platform_lib/kds/KL25Z4/debug/libksdk_platform.a(fsl_clock_MKL25Z4.o)
                0x0000438c                CLOCK_SYS_SetSimConfigration
 .text.CLOCK_SYS_GetSystemClockFreq
                0x000043d4       0x34 C:/Freescale/KSDK_1.3.0/examples/frdmkl25z/driver_examples/adc16/kds/../../../../../lib/ksdk_platform_lib/kds/KL25Z4/debug/libksdk_platform.a(fsl_clock_MKL25Z4.o)
                0x000043d4                CLOCK_SYS_GetSystemClockFreq
 .text.CLOCK_SYS_GetBusClockFreq
                0x00004408       0x2c C:/Freescale/KSDK_1.3.0/examples/frdmkl25z/driver_examples/adc16/kds/../../../../../lib/ksdk_platform_lib/kds/KL25Z4/debug/libksdk_platform.a(fsl_clock_MKL25Z4.o)
                0x00004408                CLOCK_SYS_GetBusClockFreq
 .text.CLOCK_SYS_GetPllFllClockFreq
                0x00004434       0x5c C:/Freescale/KSDK_1.3.0/examples/frdmkl25z/driver_examples/adc16/kds/../../../../../lib/ksdk_platform_lib/kds/KL25Z4/debug/libksdk_platform.a(fsl_clock_MKL25Z4.o)
                0x00004434                CLOCK_SYS_GetPllFllClockFreq
 .text.CLOCK_SYS_GetOsc0ExternalRefClockFreq
                0x00004490       0x2c C:/Freescale/KSDK_1.3.0/examples/frdmkl25z/driver_examples/adc16/kds/../../../../../lib/ksdk_platform_lib/kds/KL25Z4/debug/libksdk_platform.a(fsl_clock_MKL25Z4.o)
                0x00004490                CLOCK_SYS_GetOsc0ExternalRefClockFreq
 .text.CLOCK_SYS_GetLpsciFreq
                0x000044bc       0x68 C:/Freescale/KSDK_1.3.0/examples/frdmkl25z/driver_examples/adc16/kds/../../../../../lib/ksdk_platform_lib/kds/KL25Z4/debug/libksdk_platform.a(fsl_clock_MKL25Z4.o)
                0x000044bc                CLOCK_SYS_GetLpsciFreq
 .text.CLOCK_SYS_GetUartFreq
                0x00004524       0x2c C:/Freescale/KSDK_1.3.0/examples/frdmkl25z/driver_examples/adc16/kds/../../../../../lib/ksdk_platform_lib/kds/KL25Z4/debug/libksdk_platform.a(fsl_clock_MKL25Z4.o)
                0x00004524                CLOCK_SYS_GetUartFreq
 .text.CLOCK_SYS_EnablePortClock
                0x00004550       0x4c C:/Freescale/KSDK_1.3.0/examples/frdmkl25z/driver_examples/adc16/kds/../../../../../lib/ksdk_platform_lib/kds/KL25Z4/debug/libksdk_platform.a(fsl_clock_MKL25Z4.o)
                0x00004550                CLOCK_SYS_EnablePortClock
 .text.CLOCK_SYS_EnableLpsciClock
                0x0000459c       0x40 C:/Freescale/KSDK_1.3.0/examples/frdmkl25z/driver_examples/adc16/kds/../../../../../lib/ksdk_platform_lib/kds/KL25Z4/debug/libksdk_platform.a(fsl_clock_MKL25Z4.o)
                0x0000459c                CLOCK_SYS_EnableLpsciClock
 .text.CLOCK_SYS_EnableUartClock
                0x000045dc       0x4c C:/Freescale/KSDK_1.3.0/examples/frdmkl25z/driver_examples/adc16/kds/../../../../../lib/ksdk_platform_lib/kds/KL25Z4/debug/libksdk_platform.a(fsl_clock_MKL25Z4.o)
                0x000045dc                CLOCK_SYS_EnableUartClock
 .text.CLOCK_HAL_SetClkOutSrc
                0x00004628       0x28 C:/Freescale/KSDK_1.3.0/examples/frdmkl25z/driver_examples/adc16/kds/../../../../../lib/ksdk_platform_lib/kds/KL25Z4/debug/libksdk_platform.a(fsl_clock_manager.o)
 .text.CLOCK_HAL_SetClksFrdivIrefs
                0x00004650       0x60 C:/Freescale/KSDK_1.3.0/examples/frdmkl25z/driver_examples/adc16/kds/../../../../../lib/ksdk_platform_lib/kds/KL25Z4/debug/libksdk_platform.a(fsl_clock_manager.o)
 .text.CLOCK_HAL_GetClkOutStat
                0x000046b0       0x20 C:/Freescale/KSDK_1.3.0/examples/frdmkl25z/driver_examples/adc16/kds/../../../../../lib/ksdk_platform_lib/kds/KL25Z4/debug/libksdk_platform.a(fsl_clock_manager.o)
 .text.CLOCK_HAL_GetFllSrc
                0x000046d0       0x20 C:/Freescale/KSDK_1.3.0/examples/frdmkl25z/driver_examples/adc16/kds/../../../../../lib/ksdk_platform_lib/kds/KL25Z4/debug/libksdk_platform.a(fsl_clock_manager.o)
 .text.CLOCK_HAL_IsOsc0Stable
                0x000046f0       0x24 C:/Freescale/KSDK_1.3.0/examples/frdmkl25z/driver_examples/adc16/kds/../../../../../lib/ksdk_platform_lib/kds/KL25Z4/debug/libksdk_platform.a(fsl_clock_manager.o)
 .text.OSC_HAL_SetExternalRefClkCmd
                0x00004714       0x28 C:/Freescale/KSDK_1.3.0/examples/frdmkl25z/driver_examples/adc16/kds/../../../../../lib/ksdk_platform_lib/kds/KL25Z4/debug/libksdk_platform.a(fsl_clock_manager.o)
 .text.OSC_HAL_SetExternalRefClkInStopModeCmd
                0x0000473c       0x28 C:/Freescale/KSDK_1.3.0/examples/frdmkl25z/driver_examples/adc16/kds/../../../../../lib/ksdk_platform_lib/kds/KL25Z4/debug/libksdk_platform.a(fsl_clock_manager.o)
 .text.CLOCK_SYS_BootToPee
                0x00004764       0xd0 C:/Freescale/KSDK_1.3.0/examples/frdmkl25z/driver_examples/adc16/kds/../../../../../lib/ksdk_platform_lib/kds/KL25Z4/debug/libksdk_platform.a(fsl_clock_manager.o)
                0x00004764                CLOCK_SYS_BootToPee
 .text.CLOCK_SYS_OscInit
                0x00004834       0xf0 C:/Freescale/KSDK_1.3.0/examples/frdmkl25z/driver_examples/adc16/kds/../../../../../lib/ksdk_platform_lib/kds/KL25Z4/debug/libksdk_platform.a(fsl_clock_manager.o)
                0x00004834                CLOCK_SYS_OscInit
 .text.CLOCK_SYS_SetOscerConfigration
                0x00004924       0x3c C:/Freescale/KSDK_1.3.0/examples/frdmkl25z/driver_examples/adc16/kds/../../../../../lib/ksdk_platform_lib/kds/KL25Z4/debug/libksdk_platform.a(fsl_clock_manager.o)
                0x00004924                CLOCK_SYS_SetOscerConfigration
 .text.CLOCK_HAL_SetOutDiv
                0x00004960       0x50 C:/Freescale/KSDK_1.3.0/examples/frdmkl25z/driver_examples/adc16/kds/../../../../../lib/ksdk_platform_lib/kds/KL25Z4/debug/libksdk_platform.a(fsl_sim_hal_MKL25Z4.o)
                0x00004960                CLOCK_HAL_SetOutDiv
 .text.OSC_HAL_SetCapacitor
                0x000049b0       0x28 C:/Freescale/KSDK_1.3.0/examples/frdmkl25z/driver_examples/adc16/kds/../../../../../lib/ksdk_platform_lib/kds/KL25Z4/debug/libksdk_platform.a(fsl_osc_hal.o)
                0x000049b0                OSC_HAL_SetCapacitor
 .text.CLOCK_HAL_GetClkOutStat
                0x000049d8       0x20 C:/Freescale/KSDK_1.3.0/examples/frdmkl25z/driver_examples/adc16/kds/../../../../../lib/ksdk_platform_lib/kds/KL25Z4/debug/libksdk_platform.a(fsl_mcg_hal.o)
 .text.CLOCK_HAL_SetInternalRefClkMode
                0x000049f8       0x24 C:/Freescale/KSDK_1.3.0/examples/frdmkl25z/driver_examples/adc16/kds/../../../../../lib/ksdk_platform_lib/kds/KL25Z4/debug/libksdk_platform.a(fsl_mcg_hal.o)
 .text.CLOCK_HAL_GetInternalRefClkMode
                0x00004a1c       0x20 C:/Freescale/KSDK_1.3.0/examples/frdmkl25z/driver_examples/adc16/kds/../../../../../lib/ksdk_platform_lib/kds/KL25Z4/debug/libksdk_platform.a(fsl_mcg_hal.o)
 .text.CLOCK_HAL_IsPllSelected
                0x00004a3c       0x24 C:/Freescale/KSDK_1.3.0/examples/frdmkl25z/driver_examples/adc16/kds/../../../../../lib/ksdk_platform_lib/kds/KL25Z4/debug/libksdk_platform.a(fsl_mcg_hal.o)
 .text.CLOCK_HAL_IsOsc0Stable
                0x00004a60       0x24 C:/Freescale/KSDK_1.3.0/examples/frdmkl25z/driver_examples/adc16/kds/../../../../../lib/ksdk_platform_lib/kds/KL25Z4/debug/libksdk_platform.a(fsl_mcg_hal.o)
 .text.CLOCK_HAL_PrepareOsc
                0x00004a84       0x3c C:/Freescale/KSDK_1.3.0/examples/frdmkl25z/driver_examples/adc16/kds/../../../../../lib/ksdk_platform_lib/kds/KL25Z4/debug/libksdk_platform.a(fsl_mcg_hal.o)
                0x00004a84                CLOCK_HAL_PrepareOsc
 .text.CLOCK_HAL_GetMcgExternalClkFreq
                0x00004ac0       0x18 C:/Freescale/KSDK_1.3.0/examples/frdmkl25z/driver_examples/adc16/kds/../../../../../lib/ksdk_platform_lib/kds/KL25Z4/debug/libksdk_platform.a(fsl_mcg_hal.o)
 .text.CLOCK_HAL_TestFllExternalRefFreq
                0x00004ad8       0x7c C:/Freescale/KSDK_1.3.0/examples/frdmkl25z/driver_examples/adc16/kds/../../../../../lib/ksdk_platform_lib/kds/KL25Z4/debug/libksdk_platform.a(fsl_mcg_hal.o)
                0x00004ad8                CLOCK_HAL_TestFllExternalRefFreq
 .text.CLOCK_HAL_GetFllRefClk
                0x00004b54       0x8c C:/Freescale/KSDK_1.3.0/examples/frdmkl25z/driver_examples/adc16/kds/../../../../../lib/ksdk_platform_lib/kds/KL25Z4/debug/libksdk_platform.a(fsl_mcg_hal.o)
                0x00004b54                CLOCK_HAL_GetFllRefClk
 .text.CLOCK_HAL_TestFllFreq
                0x00004be0       0x6c C:/Freescale/KSDK_1.3.0/examples/frdmkl25z/driver_examples/adc16/kds/../../../../../lib/ksdk_platform_lib/kds/KL25Z4/debug/libksdk_platform.a(fsl_mcg_hal.o)
                0x00004be0                CLOCK_HAL_TestFllFreq
 .text.CLOCK_HAL_GetFllClk
                0x00004c4c       0x7c C:/Freescale/KSDK_1.3.0/examples/frdmkl25z/driver_examples/adc16/kds/../../../../../lib/ksdk_platform_lib/kds/KL25Z4/debug/libksdk_platform.a(fsl_mcg_hal.o)
                0x00004c4c                CLOCK_HAL_GetFllClk
 .text.CLOCK_HAL_UpdateFastClkInternalRefDiv
                0x00004cc8       0xb8 C:/Freescale/KSDK_1.3.0/examples/frdmkl25z/driver_examples/adc16/kds/../../../../../lib/ksdk_platform_lib/kds/KL25Z4/debug/libksdk_platform.a(fsl_mcg_hal.o)
                0x00004cc8                CLOCK_HAL_UpdateFastClkInternalRefDiv
 .text.CLOCK_HAL_UpdateInternalRefClk
                0x00004d80       0x8c C:/Freescale/KSDK_1.3.0/examples/frdmkl25z/driver_examples/adc16/kds/../../../../../lib/ksdk_platform_lib/kds/KL25Z4/debug/libksdk_platform.a(fsl_mcg_hal.o)
                0x00004d80                CLOCK_HAL_UpdateInternalRefClk
 .text.CLOCK_HAL_GetPll0RefFreq
                0x00004e0c       0x1c C:/Freescale/KSDK_1.3.0/examples/frdmkl25z/driver_examples/adc16/kds/../../../../../lib/ksdk_platform_lib/kds/KL25Z4/debug/libksdk_platform.a(fsl_mcg_hal.o)
                0x00004e0c                CLOCK_HAL_GetPll0RefFreq
 .text.CLOCK_HAL_GetPll0Clk
                0x00004e28       0x90 C:/Freescale/KSDK_1.3.0/examples/frdmkl25z/driver_examples/adc16/kds/../../../../../lib/ksdk_platform_lib/kds/KL25Z4/debug/libksdk_platform.a(fsl_mcg_hal.o)
                0x00004e28                CLOCK_HAL_GetPll0Clk
 .text.CLOCK_HAL_GetInternalRefClk
                0x00004eb8       0x64 C:/Freescale/KSDK_1.3.0/examples/frdmkl25z/driver_examples/adc16/kds/../../../../../lib/ksdk_platform_lib/kds/KL25Z4/debug/libksdk_platform.a(fsl_mcg_hal.o)
                0x00004eb8                CLOCK_HAL_GetInternalRefClk
 .text.CLOCK_HAL_GetOutClk
                0x00004f1c       0x7c C:/Freescale/KSDK_1.3.0/examples/frdmkl25z/driver_examples/adc16/kds/../../../../../lib/ksdk_platform_lib/kds/KL25Z4/debug/libksdk_platform.a(fsl_mcg_hal.o)
                0x00004f1c                CLOCK_HAL_GetOutClk
 .text.CLOCK_HAL_SetOsc0Mode
                0x00004f98       0x68 C:/Freescale/KSDK_1.3.0/examples/frdmkl25z/driver_examples/adc16/kds/../../../../../lib/ksdk_platform_lib/kds/KL25Z4/debug/libksdk_platform.a(fsl_mcg_hal.o)
                0x00004f98                CLOCK_HAL_SetOsc0Mode
 .text.CLOCK_HAL_GetClkOutStat
                0x00005000       0x20 C:/Freescale/KSDK_1.3.0/examples/frdmkl25z/driver_examples/adc16/kds/../../../../../lib/ksdk_platform_lib/kds/KL25Z4/debug/libksdk_platform.a(fsl_mcg_hal_modes.o)
 .text.CLOCK_HAL_SetPll0EnableCmd
                0x00005020       0x28 C:/Freescale/KSDK_1.3.0/examples/frdmkl25z/driver_examples/adc16/kds/../../../../../lib/ksdk_platform_lib/kds/KL25Z4/debug/libksdk_platform.a(fsl_mcg_hal_modes.o)
 .text.CLOCK_HAL_IsPll0Locked
                0x00005048       0x24 C:/Freescale/KSDK_1.3.0/examples/frdmkl25z/driver_examples/adc16/kds/../../../../../lib/ksdk_platform_lib/kds/KL25Z4/debug/libksdk_platform.a(fsl_mcg_hal_modes.o)
 .text.CLOCK_HAL_IsPllSelected
                0x0000506c       0x24 C:/Freescale/KSDK_1.3.0/examples/frdmkl25z/driver_examples/adc16/kds/../../../../../lib/ksdk_platform_lib/kds/KL25Z4/debug/libksdk_platform.a(fsl_mcg_hal_modes.o)
 .text.CLOCK_HAL_SetPbeMode
                0x00005090      0x100 C:/Freescale/KSDK_1.3.0/examples/frdmkl25z/driver_examples/adc16/kds/../../../../../lib/ksdk_platform_lib/kds/KL25Z4/debug/libksdk_platform.a(fsl_mcg_hal_modes.o)
                0x00005090                CLOCK_HAL_SetPbeMode
 .text.GPIO_HAL_SetPinDir
                0x00005190       0x6c C:/Freescale/KSDK_1.3.0/examples/frdmkl25z/driver_examples/adc16/kds/../../../../../lib/ksdk_platform_lib/kds/KL25Z4/debug/libksdk_platform.a(fsl_gpio_hal.o)
                0x00005190                GPIO_HAL_SetPinDir
 .text.GPIO_HAL_WritePinOutput
                0x000051fc       0x50 C:/Freescale/KSDK_1.3.0/examples/frdmkl25z/driver_examples/adc16/kds/../../../../../lib/ksdk_platform_lib/kds/KL25Z4/debug/libksdk_platform.a(fsl_gpio_hal.o)
                0x000051fc                GPIO_HAL_WritePinOutput
 *fill*         0x0000524c        0x4 
 .text.pow      0x00005250      0x370 c:/freescale/kds_v3/toolchain/bin/../lib/gcc/arm-none-eabi/4.8.4/../../../../arm-none-eabi/lib/armv6-m\libm.a(lib_a-w_pow.o)
                0x00005250                pow
 .text.__ieee754_pow
                0x000055c0      0xb20 c:/freescale/kds_v3/toolchain/bin/../lib/gcc/arm-none-eabi/4.8.4/../../../../arm-none-eabi/lib/armv6-m\libm.a(lib_a-e_pow.o)
                0x000055c0                __ieee754_pow
 .text.__ieee754_sqrt
                0x000060e0      0x1cc c:/freescale/kds_v3/toolchain/bin/../lib/gcc/arm-none-eabi/4.8.4/../../../../arm-none-eabi/lib/armv6-m\libm.a(lib_a-e_sqrt.o)
                0x000060e0                __ieee754_sqrt
 .text.fabs     0x000062ac        0x8 c:/freescale/kds_v3/toolchain/bin/../lib/gcc/arm-none-eabi/4.8.4/../../../../arm-none-eabi/lib/armv6-m\libm.a(lib_a-s_fabs.o)
                0x000062ac                fabs
 .text.finite   0x000062b4       0x10 c:/freescale/kds_v3/toolchain/bin/../lib/gcc/arm-none-eabi/4.8.4/../../../../arm-none-eabi/lib/armv6-m\libm.a(lib_a-s_finite.o)
                0x000062b4                finite
 .text.__fpclassifyd
                0x000062c4       0x60 c:/freescale/kds_v3/toolchain/bin/../lib/gcc/arm-none-eabi/4.8.4/../../../../arm-none-eabi/lib/armv6-m\libm.a(lib_a-s_fpclassify.o)
                0x000062c4                __fpclassifyd
 .text.matherr  0x00006324        0x4 c:/freescale/kds_v3/toolchain/bin/../lib/gcc/arm-none-eabi/4.8.4/../../../../arm-none-eabi/lib/armv6-m\libm.a(lib_a-s_matherr.o)
                0x00006324                matherr
 .text.nan      0x00006328       0x10 c:/freescale/kds_v3/toolchain/bin/../lib/gcc/arm-none-eabi/4.8.4/../../../../arm-none-eabi/lib/armv6-m\libm.a(lib_a-s_nan.o)
                0x00006328                nan
 .text.rint     0x00006338      0x154 c:/freescale/kds_v3/toolchain/bin/../lib/gcc/arm-none-eabi/4.8.4/../../../../arm-none-eabi/lib/armv6-m\libm.a(lib_a-s_rint.o)
                0x00006338                rint
 *fill*         0x0000648c        0x4 
 .text.scalbn   0x00006490      0x110 c:/freescale/kds_v3/toolchain/bin/../lib/gcc/arm-none-eabi/4.8.4/../../../../arm-none-eabi/lib/armv6-m\libm.a(lib_a-s_scalbn.o)
                0x00006490                scalbn
 .text.copysign
                0x000065a0       0x10 c:/freescale/kds_v3/toolchain/bin/../lib/gcc/arm-none-eabi/4.8.4/../../../../arm-none-eabi/lib/armv6-m\libm.a(lib_a-s_copysign.o)
                0x000065a0                copysign
 .text.__assert_func
                0x000065b0       0x3c c:/freescale/kds_v3/toolchain/bin/../lib/gcc/arm-none-eabi/4.8.4/../../../../arm-none-eabi/lib/armv6-m\libg_s.a(lib_a-assert.o)
                0x000065b0                __assert_func
 .text.__errno  0x000065ec        0xc c:/freescale/kds_v3/toolchain/bin/../lib/gcc/arm-none-eabi/4.8.4/../../../../arm-none-eabi/lib/armv6-m\libg_s.a(lib_a-errno.o)
                0x000065ec                __errno
 .text.exit     0x000065f8       0x2c c:/freescale/kds_v3/toolchain/bin/../lib/gcc/arm-none-eabi/4.8.4/../../../../arm-none-eabi/lib/armv6-m\libg_s.a(lib_a-exit.o)
                0x000065f8                exit
 .text.fprintf  0x00006624       0x24 c:/freescale/kds_v3/toolchain/bin/../lib/gcc/arm-none-eabi/4.8.4/../../../../arm-none-eabi/lib/armv6-m\libg_s.a(lib_a-fprintf.o)
                0x00006624                fiprintf
                0x00006624                fprintf
 .text.__libc_init_array
                0x00006648       0x4c c:/freescale/kds_v3/toolchain/bin/../lib/gcc/arm-none-eabi/4.8.4/../../../../arm-none-eabi/lib/armv6-m\libg_s.a(lib_a-init.o)
                0x00006648                __libc_init_array
 .text.memset   0x00006694       0x10 c:/freescale/kds_v3/toolchain/bin/../lib/gcc/arm-none-eabi/4.8.4/../../../../arm-none-eabi/lib/armv6-m\libg_s.a(lib_a-memset.o)
                0x00006694                memset
 .text._free_r  0x000066a4       0x90 c:/freescale/kds_v3/toolchain/bin/../lib/gcc/arm-none-eabi/4.8.4/../../../../arm-none-eabi/lib/armv6-m\libg_s.a(lib_a-nano-freer.o)
                0x000066a4                _free_r
 .text._malloc_r
                0x00006734       0xa8 c:/freescale/kds_v3/toolchain/bin/../lib/gcc/arm-none-eabi/4.8.4/../../../../arm-none-eabi/lib/armv6-m\libg_s.a(lib_a-nano-mallocr.o)
                0x00006734                _malloc_r
 .text._sbrk_r  0x000067dc       0x24 c:/freescale/kds_v3/toolchain/bin/../lib/gcc/arm-none-eabi/4.8.4/../../../../arm-none-eabi/lib/armv6-m\libg_s.a(lib_a-sbrkr.o)
                0x000067dc                _sbrk_r
 .text.strlen   0x00006800        0xe c:/freescale/kds_v3/toolchain/bin/../lib/gcc/arm-none-eabi/4.8.4/../../../../arm-none-eabi/lib/armv6-m\libg_s.a(lib_a-strlen.o)
                0x00006800                strlen
 .text.__sfputc_r
                0x0000680e       0x2a c:/freescale/kds_v3/toolchain/bin/../lib/gcc/arm-none-eabi/4.8.4/../../../../arm-none-eabi/lib/armv6-m\libg_s.a(lib_a-vfprintf.o)
 .text.__sfputs_r
                0x00006838       0x24 c:/freescale/kds_v3/toolchain/bin/../lib/gcc/arm-none-eabi/4.8.4/../../../../arm-none-eabi/lib/armv6-m\libg_s.a(lib_a-vfprintf.o)
                0x00006838                __sfputs_r
 .text._vfprintf_r
                0x0000685c      0x210 c:/freescale/kds_v3/toolchain/bin/../lib/gcc/arm-none-eabi/4.8.4/../../../../arm-none-eabi/lib/armv6-m\libg_s.a(lib_a-vfprintf.o)
                0x0000685c                _vfprintf_r
                0x0000685c                _vfiprintf_r
 .text._printf_common
                0x00006a6c       0xe8 c:/freescale/kds_v3/toolchain/bin/../lib/gcc/arm-none-eabi/4.8.4/../../../../arm-none-eabi/lib/armv6-m\libg_s.a(lib_a-vfprintf_i.o)
                0x00006a6c                _printf_common
 .text._printf_i
                0x00006b54      0x22c c:/freescale/kds_v3/toolchain/bin/../lib/gcc/arm-none-eabi/4.8.4/../../../../arm-none-eabi/lib/armv6-m\libg_s.a(lib_a-vfprintf_i.o)
                0x00006b54                _printf_i
 .text.__swbuf_r
                0x00006d80       0xb0 c:/freescale/kds_v3/toolchain/bin/../lib/gcc/arm-none-eabi/4.8.4/../../../../arm-none-eabi/lib/armv6-m\libg_s.a(lib_a-wbuf.o)
                0x00006d80                __swbuf_r
 .text.__swsetup_r
                0x00006e30       0xe4 c:/freescale/kds_v3/toolchain/bin/../lib/gcc/arm-none-eabi/4.8.4/../../../../arm-none-eabi/lib/armv6-m\libg_s.a(lib_a-wsetup.o)
                0x00006e30                __swsetup_r
 .text.abort    0x00006f14        0xe c:/freescale/kds_v3/toolchain/bin/../lib/gcc/arm-none-eabi/4.8.4/../../../../arm-none-eabi/lib/armv6-m\libg_s.a(lib_a-abort.o)
                0x00006f14                abort
 .text.__sflush_r
                0x00006f22      0x112 c:/freescale/kds_v3/toolchain/bin/../lib/gcc/arm-none-eabi/4.8.4/../../../../arm-none-eabi/lib/armv6-m\libg_s.a(lib_a-fflush.o)
                0x00006f22                __sflush_r
 .text._fflush_r
                0x00007034       0x58 c:/freescale/kds_v3/toolchain/bin/../lib/gcc/arm-none-eabi/4.8.4/../../../../arm-none-eabi/lib/armv6-m\libg_s.a(lib_a-fflush.o)
                0x00007034                _fflush_r
 .text._cleanup_r
                0x0000708c       0x34 c:/freescale/kds_v3/toolchain/bin/../lib/gcc/arm-none-eabi/4.8.4/../../../../arm-none-eabi/lib/armv6-m\libg_s.a(lib_a-findfp.o)
                0x0000708c                _cleanup_r
 .text.std.isra.0
                0x000070c0       0x48 c:/freescale/kds_v3/toolchain/bin/../lib/gcc/arm-none-eabi/4.8.4/../../../../arm-none-eabi/lib/armv6-m\libg_s.a(lib_a-findfp.o)
 .text.__sfmoreglue
                0x00007108       0x2c c:/freescale/kds_v3/toolchain/bin/../lib/gcc/arm-none-eabi/4.8.4/../../../../arm-none-eabi/lib/armv6-m\libg_s.a(lib_a-findfp.o)
                0x00007108                __sfmoreglue
 .text.__sinit  0x00007134       0x64 c:/freescale/kds_v3/toolchain/bin/../lib/gcc/arm-none-eabi/4.8.4/../../../../arm-none-eabi/lib/armv6-m\libg_s.a(lib_a-findfp.o)
                0x00007134                __sinit
 .text.__sfp    0x00007198       0x7c c:/freescale/kds_v3/toolchain/bin/../lib/gcc/arm-none-eabi/4.8.4/../../../../arm-none-eabi/lib/armv6-m\libg_s.a(lib_a-findfp.o)
                0x00007198                __sfp
 .text.__smakebuf_r
                0x00007214       0xa0 c:/freescale/kds_v3/toolchain/bin/../lib/gcc/arm-none-eabi/4.8.4/../../../../arm-none-eabi/lib/armv6-m\libg_s.a(lib_a-makebuf.o)
                0x00007214                __smakebuf_r
 .text.memchr   0x000072b4       0x16 c:/freescale/kds_v3/toolchain/bin/../lib/gcc/arm-none-eabi/4.8.4/../../../../arm-none-eabi/lib/armv6-m\libg_s.a(lib_a-memchr-stub.o)
                0x000072b4                memchr
 .text._raise_r
                0x000072ca       0x56 c:/freescale/kds_v3/toolchain/bin/../lib/gcc/arm-none-eabi/4.8.4/../../../../arm-none-eabi/lib/armv6-m\libg_s.a(lib_a-signal.o)
                0x000072ca                _raise_r
 .text.raise    0x00007320       0x14 c:/freescale/kds_v3/toolchain/bin/../lib/gcc/arm-none-eabi/4.8.4/../../../../arm-none-eabi/lib/armv6-m\libg_s.a(lib_a-signal.o)
                0x00007320                raise
 .text._kill_r  0x00007334       0x24 c:/freescale/kds_v3/toolchain/bin/../lib/gcc/arm-none-eabi/4.8.4/../../../../arm-none-eabi/lib/armv6-m\libg_s.a(lib_a-signalr.o)
                0x00007334                _kill_r
 .text._getpid_r
                0x00007358        0x8 c:/freescale/kds_v3/toolchain/bin/../lib/gcc/arm-none-eabi/4.8.4/../../../../arm-none-eabi/lib/armv6-m\libg_s.a(lib_a-signalr.o)
                0x00007358                _getpid_r
 .text.__sread  0x00007360       0x28 c:/freescale/kds_v3/toolchain/bin/../lib/gcc/arm-none-eabi/4.8.4/../../../../arm-none-eabi/lib/armv6-m\libg_s.a(lib_a-stdio.o)
                0x00007360                __sread
 .text.__swrite
                0x00007388       0x38 c:/freescale/kds_v3/toolchain/bin/../lib/gcc/arm-none-eabi/4.8.4/../../../../arm-none-eabi/lib/armv6-m\libg_s.a(lib_a-stdio.o)
                0x00007388                __swrite
 .text.__sseek  0x000073c0       0x2c c:/freescale/kds_v3/toolchain/bin/../lib/gcc/arm-none-eabi/4.8.4/../../../../arm-none-eabi/lib/armv6-m\libg_s.a(lib_a-stdio.o)
                0x000073c0                __sseek
 .text.__sclose
                0x000073ec        0xc c:/freescale/kds_v3/toolchain/bin/../lib/gcc/arm-none-eabi/4.8.4/../../../../arm-none-eabi/lib/armv6-m\libg_s.a(lib_a-stdio.o)
                0x000073ec                __sclose
 .text._write_r
                0x000073f8       0x28 c:/freescale/kds_v3/toolchain/bin/../lib/gcc/arm-none-eabi/4.8.4/../../../../arm-none-eabi/lib/armv6-m\libg_s.a(lib_a-writer.o)
                0x000073f8                _write_r
 .text._close_r
                0x00007420       0x24 c:/freescale/kds_v3/toolchain/bin/../lib/gcc/arm-none-eabi/4.8.4/../../../../arm-none-eabi/lib/armv6-m\libg_s.a(lib_a-closer.o)
                0x00007420                _close_r
 .text._fstat_r
                0x00007444       0x24 c:/freescale/kds_v3/toolchain/bin/../lib/gcc/arm-none-eabi/4.8.4/../../../../arm-none-eabi/lib/armv6-m\libg_s.a(lib_a-fstatr.o)
                0x00007444                _fstat_r
 .text._isatty_r
                0x00007468       0x24 c:/freescale/kds_v3/toolchain/bin/../lib/gcc/arm-none-eabi/4.8.4/../../../../arm-none-eabi/lib/armv6-m\libg_s.a(lib_a-isattyr.o)
                0x00007468                _isatty_r
 .text._lseek_r
                0x0000748c       0x28 c:/freescale/kds_v3/toolchain/bin/../lib/gcc/arm-none-eabi/4.8.4/../../../../arm-none-eabi/lib/armv6-m\libg_s.a(lib_a-lseekr.o)
                0x0000748c                _lseek_r
 .text._read_r  0x000074b4       0x28 c:/freescale/kds_v3/toolchain/bin/../lib/gcc/arm-none-eabi/4.8.4/../../../../arm-none-eabi/lib/armv6-m\libg_s.a(lib_a-readr.o)
                0x000074b4                _read_r
 .text._close   0x000074dc       0x10 c:/freescale/kds_v3/toolchain/bin/../lib/gcc/arm-none-eabi/4.8.4/../../../../arm-none-eabi/lib/armv6-m\libnosys.a(close.o)
                0x000074dc                _close
 .text._fstat   0x000074ec       0x10 c:/freescale/kds_v3/toolchain/bin/../lib/gcc/arm-none-eabi/4.8.4/../../../../arm-none-eabi/lib/armv6-m\libnosys.a(fstat.o)
                0x000074ec                _fstat
 .text._getpid  0x000074fc       0x10 c:/freescale/kds_v3/toolchain/bin/../lib/gcc/arm-none-eabi/4.8.4/../../../../arm-none-eabi/lib/armv6-m\libnosys.a(getpid.o)
                0x000074fc                _getpid
 .text._isatty  0x0000750c       0x10 c:/freescale/kds_v3/toolchain/bin/../lib/gcc/arm-none-eabi/4.8.4/../../../../arm-none-eabi/lib/armv6-m\libnosys.a(isatty.o)
                0x0000750c                _isatty
 .text._kill    0x0000751c       0x10 c:/freescale/kds_v3/toolchain/bin/../lib/gcc/arm-none-eabi/4.8.4/../../../../arm-none-eabi/lib/armv6-m\libnosys.a(kill.o)
                0x0000751c                _kill
 .text._lseek   0x0000752c       0x10 c:/freescale/kds_v3/toolchain/bin/../lib/gcc/arm-none-eabi/4.8.4/../../../../arm-none-eabi/lib/armv6-m\libnosys.a(lseek.o)
                0x0000752c                _lseek
 .text._exit    0x0000753c        0x4 c:/freescale/kds_v3/toolchain/bin/../lib/gcc/arm-none-eabi/4.8.4/../../../../arm-none-eabi/lib/armv6-m\libnosys.a(_exit.o)
                0x0000753c                _exit
 *(.rodata)
 .rodata        0x00007540        0xc ./utilities/fsl_debug_console.o
 .rodata        0x0000754c       0x70 ./source/main.o
 .rodata        0x000075bc       0x40 ./board/board.o
 .rodata        0x000075fc       0x40 ./board/pin_mux.o
 .rodata        0x0000763c        0xc ./Sources/uart.o
 .rodata        0x00007648       0xf0 C:/Freescale/KSDK_1.3.0/examples/frdmkl25z/driver_examples/adc16/kds/../../../../../lib/ksdk_platform_lib/kds/KL25Z4/debug/libksdk_platform.a(fsl_gpio_driver.o)
 .rodata        0x00007738      0x22c C:/Freescale/KSDK_1.3.0/examples/frdmkl25z/driver_examples/adc16/kds/../../../../../lib/ksdk_platform_lib/kds/KL25Z4/debug/libksdk_platform.a(fsl_clock_MKL25Z4.o)
 .rodata        0x00007964       0xcc C:/Freescale/KSDK_1.3.0/examples/frdmkl25z/driver_examples/adc16/kds/../../../../../lib/ksdk_platform_lib/kds/KL25Z4/debug/libksdk_platform.a(fsl_clock_manager.o)
 .rodata        0x00007a30       0x4c C:/Freescale/KSDK_1.3.0/examples/frdmkl25z/driver_examples/adc16/kds/../../../../../lib/ksdk_platform_lib/kds/KL25Z4/debug/libksdk_platform.a(fsl_gpio_hal.o)
 .rodata        0x00007a7c       0x40 c:/freescale/kds_v3/toolchain/bin/../lib/gcc/arm-none-eabi/4.8.4/armv6-m\libgcc.a(mulsf3.o)
 .rodata        0x00007abc       0x40 c:/freescale/kds_v3/toolchain/bin/../lib/gcc/arm-none-eabi/4.8.4/armv6-m\libgcc.a(divdf3.o)
 .rodata        0x00007afc       0x40 c:/freescale/kds_v3/toolchain/bin/../lib/gcc/arm-none-eabi/4.8.4/armv6-m\libgcc.a(muldf3.o)
 *(.rodata*)
 .rodata.g_defaultClockConfigRun
                0x00007b3c       0x14 ./board/board.o
                0x00007b3c                g_defaultClockConfigRun
 .rodata.__func__.4998
                0x00007b50       0x14 ./board/board.o
 .rodata.__func__.4978
                0x00007b64       0x14 ./board/pin_mux.o
 .rodata.__func__.4978
                0x00007b78       0x14 C:/Freescale/KSDK_1.3.0/examples/frdmkl25z/driver_examples/adc16/kds/../../../../../lib/ksdk_platform_lib/kds/KL25Z4/debug/libksdk_platform.a(fsl_gpio_driver.o)
 .rodata.__func__.4960
                0x00007b8c       0x1c C:/Freescale/KSDK_1.3.0/examples/frdmkl25z/driver_examples/adc16/kds/../../../../../lib/ksdk_platform_lib/kds/KL25Z4/debug/libksdk_platform.a(fsl_gpio_driver.o)
 .rodata.__func__.4972
                0x00007ba8       0x20 C:/Freescale/KSDK_1.3.0/examples/frdmkl25z/driver_examples/adc16/kds/../../../../../lib/ksdk_platform_lib/kds/KL25Z4/debug/libksdk_platform.a(fsl_gpio_driver.o)
 .rodata.__func__.5066
                0x00007bc8       0x1c C:/Freescale/KSDK_1.3.0/examples/frdmkl25z/driver_examples/adc16/kds/../../../../../lib/ksdk_platform_lib/kds/KL25Z4/debug/libksdk_platform.a(fsl_gpio_driver.o)
 .rodata.portGateTable
                0x00007be4        0x8 C:/Freescale/KSDK_1.3.0/examples/frdmkl25z/driver_examples/adc16/kds/../../../../../lib/ksdk_platform_lib/kds/KL25Z4/debug/libksdk_platform.a(fsl_clock_MKL25Z4.o)
 .rodata.uartGateTable
                0x00007bec        0x4 C:/Freescale/KSDK_1.3.0/examples/frdmkl25z/driver_examples/adc16/kds/../../../../../lib/ksdk_platform_lib/kds/KL25Z4/debug/libksdk_platform.a(fsl_clock_MKL25Z4.o)
 .rodata.__func__.6456
                0x00007bf0       0x1c C:/Freescale/KSDK_1.3.0/examples/frdmkl25z/driver_examples/adc16/kds/../../../../../lib/ksdk_platform_lib/kds/KL25Z4/debug/libksdk_platform.a(fsl_clock_MKL25Z4.o)
 .rodata.__func__.6529
                0x00007c0c       0x1c C:/Freescale/KSDK_1.3.0/examples/frdmkl25z/driver_examples/adc16/kds/../../../../../lib/ksdk_platform_lib/kds/KL25Z4/debug/libksdk_platform.a(fsl_clock_MKL25Z4.o)
 .rodata.__func__.6534
                0x00007c28       0x1c C:/Freescale/KSDK_1.3.0/examples/frdmkl25z/driver_examples/adc16/kds/../../../../../lib/ksdk_platform_lib/kds/KL25Z4/debug/libksdk_platform.a(fsl_clock_MKL25Z4.o)
 .rodata.__func__.6614
                0x00007c44       0x14 C:/Freescale/KSDK_1.3.0/examples/frdmkl25z/driver_examples/adc16/kds/../../../../../lib/ksdk_platform_lib/kds/KL25Z4/debug/libksdk_platform.a(fsl_clock_manager.o)
 .rodata.g_oscBase
                0x00007c58        0x4 C:/Freescale/KSDK_1.3.0/examples/frdmkl25z/driver_examples/adc16/kds/../../../../../lib/ksdk_platform_lib/kds/KL25Z4/debug/libksdk_platform.a(fsl_clock_manager_common.o)
                0x00007c58                g_oscBase
 .rodata.fllFactorTable.5209
                0x00007c5c       0x10 C:/Freescale/KSDK_1.3.0/examples/frdmkl25z/driver_examples/adc16/kds/../../../../../lib/ksdk_platform_lib/kds/KL25Z4/debug/libksdk_platform.a(fsl_mcg_hal.o)
 .rodata.__func__.5059
                0x00007c6c       0x14 C:/Freescale/KSDK_1.3.0/examples/frdmkl25z/driver_examples/adc16/kds/../../../../../lib/ksdk_platform_lib/kds/KL25Z4/debug/libksdk_platform.a(fsl_gpio_hal.o)
 .rodata.__func__.5065
                0x00007c80       0x18 C:/Freescale/KSDK_1.3.0/examples/frdmkl25z/driver_examples/adc16/kds/../../../../../lib/ksdk_platform_lib/kds/KL25Z4/debug/libksdk_platform.a(fsl_gpio_hal.o)
 .rodata.g_gpioBase
                0x00007c98       0x14 C:/Freescale/KSDK_1.3.0/examples/frdmkl25z/driver_examples/adc16/kds/../../../../../lib/ksdk_platform_lib/kds/KL25Z4/debug/libksdk_platform.a(fsl_gpio_common.o)
                0x00007c98                g_gpioBase
 .rodata.g_portBase
                0x00007cac       0x14 C:/Freescale/KSDK_1.3.0/examples/frdmkl25z/driver_examples/adc16/kds/../../../../../lib/ksdk_platform_lib/kds/KL25Z4/debug/libksdk_platform.a(fsl_gpio_common.o)
                0x00007cac                g_portBase
 .rodata.str1.4
                0x00007cc0        0x4 c:/freescale/kds_v3/toolchain/bin/../lib/gcc/arm-none-eabi/4.8.4/../../../../arm-none-eabi/lib/armv6-m\libm.a(lib_a-w_pow.o)
 *fill*         0x00007cc4        0x4 
 .rodata.dp_h   0x00007cc8       0x10 c:/freescale/kds_v3/toolchain/bin/../lib/gcc/arm-none-eabi/4.8.4/../../../../arm-none-eabi/lib/armv6-m\libm.a(lib_a-e_pow.o)
 .rodata.dp_l   0x00007cd8       0x10 c:/freescale/kds_v3/toolchain/bin/../lib/gcc/arm-none-eabi/4.8.4/../../../../arm-none-eabi/lib/armv6-m\libm.a(lib_a-e_pow.o)
 .rodata.bp     0x00007ce8       0x10 c:/freescale/kds_v3/toolchain/bin/../lib/gcc/arm-none-eabi/4.8.4/../../../../arm-none-eabi/lib/armv6-m\libm.a(lib_a-e_pow.o)
 .rodata.str1.4
                0x00007cf8        0x4 c:/freescale/kds_v3/toolchain/bin/../lib/gcc/arm-none-eabi/4.8.4/../../../../arm-none-eabi/lib/armv6-m\libm.a(lib_a-e_pow.o)
 *fill*         0x00007cfc        0x4 
 .rodata.TWO52  0x00007d00       0x10 c:/freescale/kds_v3/toolchain/bin/../lib/gcc/arm-none-eabi/4.8.4/../../../../arm-none-eabi/lib/armv6-m\libm.a(lib_a-s_rint.o)
 .rodata.str1.1
                0x00007d10       0x3c c:/freescale/kds_v3/toolchain/bin/../lib/gcc/arm-none-eabi/4.8.4/../../../../arm-none-eabi/lib/armv6-m\libg_s.a(lib_a-assert.o)
                                 0x3d (size before relaxing)
 .rodata.str1.1
                0x00007d4c        0x2 c:/freescale/kds_v3/toolchain/bin/../lib/gcc/arm-none-eabi/4.8.4/../../../../arm-none-eabi/lib/armv6-m\libg_s.a(lib_a-impure.o)
 *fill*         0x00007d4e        0x2 
 .rodata._global_impure_ptr
                0x00007d50        0x4 c:/freescale/kds_v3/toolchain/bin/../lib/gcc/arm-none-eabi/4.8.4/../../../../arm-none-eabi/lib/armv6-m\libg_s.a(lib_a-impure.o)
                0x00007d50                _global_impure_ptr
 .rodata.str1.1
                0x00007d54       0x11 c:/freescale/kds_v3/toolchain/bin/../lib/gcc/arm-none-eabi/4.8.4/../../../../arm-none-eabi/lib/armv6-m\libg_s.a(lib_a-vfprintf.o)
 .rodata.str1.1
                0x00007d65       0x22 c:/freescale/kds_v3/toolchain/bin/../lib/gcc/arm-none-eabi/4.8.4/../../../../arm-none-eabi/lib/armv6-m\libg_s.a(lib_a-vfprintf_i.o)
 *fill*         0x00007d87        0x1 
 .rodata.__sf_fake_stdin
                0x00007d88       0x20 c:/freescale/kds_v3/toolchain/bin/../lib/gcc/arm-none-eabi/4.8.4/../../../../arm-none-eabi/lib/armv6-m\libg_s.a(lib_a-findfp.o)
                0x00007d88                __sf_fake_stdin
 .rodata.__sf_fake_stdout
                0x00007da8       0x20 c:/freescale/kds_v3/toolchain/bin/../lib/gcc/arm-none-eabi/4.8.4/../../../../arm-none-eabi/lib/armv6-m\libg_s.a(lib_a-findfp.o)
                0x00007da8                __sf_fake_stdout
 .rodata.__sf_fake_stderr
                0x00007dc8       0x20 c:/freescale/kds_v3/toolchain/bin/../lib/gcc/arm-none-eabi/4.8.4/../../../../arm-none-eabi/lib/armv6-m\libg_s.a(lib_a-findfp.o)
                0x00007dc8                __sf_fake_stderr
 *(.glue_7)
 .glue_7        0x00000000        0x0 linker stubs
 *(.glue_7t)
 .glue_7t       0x00000000        0x0 linker stubs
 *(.eh_frame)
 .eh_frame      0x00007de8        0x0 c:/freescale/kds_v3/toolchain/bin/../lib/gcc/arm-none-eabi/4.8.4/armv6-m/crtbegin.o
 *(.init)
 .init          0x00007de8        0x4 c:/freescale/kds_v3/toolchain/bin/../lib/gcc/arm-none-eabi/4.8.4/armv6-m/crti.o
                0x00007de8                _init
 .init          0x00007dec        0x8 c:/freescale/kds_v3/toolchain/bin/../lib/gcc/arm-none-eabi/4.8.4/armv6-m/crtn.o
 *(.fini)
 .fini          0x00007df4        0x4 c:/freescale/kds_v3/toolchain/bin/../lib/gcc/arm-none-eabi/4.8.4/armv6-m/crti.o
                0x00007df4                _fini
 .fini          0x00007df8        0x8 c:/freescale/kds_v3/toolchain/bin/../lib/gcc/arm-none-eabi/4.8.4/armv6-m/crtn.o
                0x00007e00                . = ALIGN (0x4)

.vfp11_veneer   0x00007e00        0x0
 .vfp11_veneer  0x00000000        0x0 linker stubs

.v4_bx          0x00007e00        0x0
 .v4_bx         0x00000000        0x0 linker stubs

.iplt           0x00007e00        0x0
 .iplt          0x00000000        0x0 c:/freescale/kds_v3/toolchain/bin/../lib/gcc/arm-none-eabi/4.8.4/armv6-m/crtbegin.o

.ARM.extab
 *(.ARM.extab* .gnu.linkonce.armextab.*)

.ARM            0x00007e00        0x8
                0x00007e00                __exidx_start = .
 *(.ARM.exidx*)
 .ARM.exidx     0x00007e00        0x8 c:/freescale/kds_v3/toolchain/bin/../lib/gcc/arm-none-eabi/4.8.4/../../../../arm-none-eabi/lib/armv6-m/crt0.o
                0x00007e08                __exidx_end = .

.rel.dyn        0x00007e08        0x0
 .rel.iplt      0x00000000        0x0 c:/freescale/kds_v3/toolchain/bin/../lib/gcc/arm-none-eabi/4.8.4/armv6-m/crtbegin.o

.ctors          0x00007e08        0x0
                0x00007e08                __CTOR_LIST__ = .
 *crtbegin.o(.ctors)
 *crtbegin?.o(.ctors)
 *(EXCLUDE_FILE(*crtend.o *crtend?.o) .ctors)
 *(SORT(.ctors.*))
 *(.ctors)
                0x00007e08                __CTOR_END__ = .

.dtors          0x00007e08        0x0
                0x00007e08                __DTOR_LIST__ = .
 *crtbegin.o(.dtors)
 *crtbegin?.o(.dtors)
 *(EXCLUDE_FILE(*crtend.o *crtend?.o) .dtors)
 *(SORT(.dtors.*))
 *(.dtors)
                0x00007e08                __DTOR_END__ = .

.preinit_array  0x00007e08        0x0
                0x00007e08                PROVIDE (__preinit_array_start, .)
 *(.preinit_array*)
                0x00007e08                PROVIDE (__preinit_array_end, .)

.init_array     0x00007e08        0x4
                0x00007e08                PROVIDE (__init_array_start, .)
 *(SORT(.init_array.*))
 *(.init_array*)
 .init_array    0x00007e08        0x4 c:/freescale/kds_v3/toolchain/bin/../lib/gcc/arm-none-eabi/4.8.4/armv6-m/crtbegin.o
                0x00007e0c                PROVIDE (__init_array_end, .)

.fini_array     0x00007e0c        0x4
                0x00007e0c                PROVIDE (__fini_array_start, .)
 *(SORT(.fini_array.*))
 *(.fini_array*)
 .fini_array    0x00007e0c        0x4 c:/freescale/kds_v3/toolchain/bin/../lib/gcc/arm-none-eabi/4.8.4/armv6-m/crtbegin.o
                0x00007e10                PROVIDE (__fini_array_end, .)
                0x00007e10                __etext = .
                0x00007e10                __DATA_ROM = .

.mtb            0x1ffff000        0x0
                0x1ffff000                . = ALIGN (0x8)
                0x1ffff000                _mtb_start = .
 *(.mtb_buf)
                0x1ffff000                . = ALIGN (0x8)
                0x1ffff000                _mtb_end = .

.interrupts_ram
                0x1ffff000        0x0
                0x1ffff000                . = ALIGN (0x4)
                0x1ffff000                __VECTOR_RAM__ = .
                0x1ffff000                __interrupts_ram_start__ = .
 *(.m_interrupts_ram)
                0x1ffff000                . = (. + M_VECTOR_RAM_SIZE)
                0x1ffff000                . = ALIGN (0x4)
                0x1ffff000                __interrupts_ram_end__ = .
                0x00000000                __VECTOR_RAM = DEFINED (__ram_vector_table__)?__VECTOR_RAM__:ORIGIN (m_interrupts)
                0x00000000                __RAM_VECTOR_TABLE_SIZE_BYTES = DEFINED (__ram_vector_table__)?(__interrupts_ram_end__ - __interrupts_ram_start__):0x0

.data           0x1ffff000      0x158 load address 0x00007e10
                0x1ffff000                . = ALIGN (0x4)
                0x1ffff000                __DATA_RAM = .
                0x1ffff000                __data_start__ = .
 *(.data)
 *(.data*)
 .data.SystemCoreClock
                0x1ffff000        0x4 ./startup/system_MKL25Z4.o
                0x1ffff000                SystemCoreClock
 .data.h2       0x1ffff004        0x2 ./source/main.o
                0x1ffff004                h2
 *fill*         0x1ffff006        0x2 
 .data.lookup   0x1ffff008       0xa0 ./source/main.o
                0x1ffff008                lookup
 .data.ledPins  0x1ffff0a8       0x3c ./board/gpio_pins.o
                0x1ffff0a8                ledPins
 .data.g_fastInternalRefClkFreq
                0x1ffff0e4        0x4 C:/Freescale/KSDK_1.3.0/examples/frdmkl25z/driver_examples/adc16/kds/../../../../../lib/ksdk_platform_lib/kds/KL25Z4/debug/libksdk_platform.a(fsl_mcg_hal.o)
                0x1ffff0e4                g_fastInternalRefClkFreq
 .data.g_slowInternalRefClkFreq
                0x1ffff0e8        0x4 C:/Freescale/KSDK_1.3.0/examples/frdmkl25z/driver_examples/adc16/kds/../../../../../lib/ksdk_platform_lib/kds/KL25Z4/debug/libksdk_platform.a(fsl_mcg_hal.o)
                0x1ffff0e8                g_slowInternalRefClkFreq
 .data.__fdlib_version
                0x1ffff0ec        0x1 c:/freescale/kds_v3/toolchain/bin/../lib/gcc/arm-none-eabi/4.8.4/../../../../arm-none-eabi/lib/armv6-m\libm.a(lib_a-s_lib_ver.o)
                0x1ffff0ec                __fdlib_version
 *fill*         0x1ffff0ed        0x3 
 .data.impure_data
                0x1ffff0f0       0x60 c:/freescale/kds_v3/toolchain/bin/../lib/gcc/arm-none-eabi/4.8.4/../../../../arm-none-eabi/lib/armv6-m\libg_s.a(lib_a-impure.o)
 .data._impure_ptr
                0x1ffff150        0x4 c:/freescale/kds_v3/toolchain/bin/../lib/gcc/arm-none-eabi/4.8.4/../../../../arm-none-eabi/lib/armv6-m\libg_s.a(lib_a-impure.o)
                0x1ffff150                _impure_ptr
 *(.jcr*)
 .jcr           0x1ffff154        0x0 c:/freescale/kds_v3/toolchain/bin/../lib/gcc/arm-none-eabi/4.8.4/armv6-m/crtbegin.o
 .jcr           0x1ffff154        0x4 c:/freescale/kds_v3/toolchain/bin/../lib/gcc/arm-none-eabi/4.8.4/armv6-m/crtend.o
                0x1ffff158                . = ALIGN (0x4)
                0x1ffff158                __data_end__ = .
                0x00007f68                __DATA_END = (__DATA_ROM + (__data_end__ - __data_start__))
                0x00020000                text_end = (ORIGIN (m_text) + 0x1fbf0)
                0x00000001                ASSERT ((__DATA_END <= text_end), region m_text overflowed with text and data)

.igot.plt       0x1ffff158        0x0 load address 0x00007f68
 .igot.plt      0x00000000        0x0 c:/freescale/kds_v3/toolchain/bin/../lib/gcc/arm-none-eabi/4.8.4/armv6-m/crtbegin.o

.bss            0x1ffff158      0x15c load address 0x00007f68
                0x1ffff158                . = ALIGN (0x4)
                0x1ffff158                __START_BSS = .
                0x1ffff158                __bss_start__ = .
 *(.bss)
 .bss           0x1ffff158       0x1c c:/freescale/kds_v3/toolchain/bin/../lib/gcc/arm-none-eabi/4.8.4/armv6-m/crtbegin.o
 *(.bss*)
 .bss.s_debugConsole
                0x1ffff174       0x10 ./utilities/fsl_debug_console.o
 .bss.heap_end.5140
                0x1ffff184        0x4 ./utilities/fsl_misc_utilities.o
 .bss.number    0x1ffff188        0x2 ./source/main.o
                0x1ffff188                number
 .bss.number1   0x1ffff18a        0x2 ./source/main.o
                0x1ffff18a                number1
 .bss.divisor_check
                0x1ffff18c        0x2 ./source/main.o
                0x1ffff18c                divisor_check
 .bss.divisor   0x1ffff18e        0x2 ./source/main.o
                0x1ffff18e                divisor
 .bss.power     0x1ffff190        0x1 ./source/main.o
                0x1ffff190                power
 .bss.send_count
                0x1ffff191        0x1 ./source/main.o
                0x1ffff191                send_count
 *fill*         0x1ffff192        0x2 
 .bss.db        0x1ffff194        0x4 ./source/main.o
                0x1ffff194                db
 .bss.dma_flag  0x1ffff198        0x1 ./source/main.o
                0x1ffff198                dma_flag
 *fill*         0x1ffff199        0x3 
 .bss.buff1     0x1ffff19c      0x100 ./source/main.o
                0x1ffff19c                buff1
 .bss.h1        0x1ffff29c        0x2 ./source/main.o
                0x1ffff29c                h1
 .bss.peak      0x1ffff29e        0x2 ./source/main.o
                0x1ffff29e                peak
 .bss.max_peak  0x1ffff2a0        0x2 ./source/main.o
                0x1ffff2a0                max_peak
 *fill*         0x1ffff2a2        0x2 
 .bss.g_xtal0ClkFreq
                0x1ffff2a4        0x4 C:/Freescale/KSDK_1.3.0/examples/frdmkl25z/driver_examples/adc16/kds/../../../../../lib/ksdk_platform_lib/kds/KL25Z4/debug/libksdk_platform.a(fsl_mcg_hal.o)
                0x1ffff2a4                g_xtal0ClkFreq
 .bss.__malloc_sbrk_start
                0x1ffff2a8        0x4 c:/freescale/kds_v3/toolchain/bin/../lib/gcc/arm-none-eabi/4.8.4/../../../../arm-none-eabi/lib/armv6-m\libg_s.a(lib_a-nano-mallocr.o)
                0x1ffff2a8                __malloc_sbrk_start
 .bss.__malloc_free_list
                0x1ffff2ac        0x4 c:/freescale/kds_v3/toolchain/bin/../lib/gcc/arm-none-eabi/4.8.4/../../../../arm-none-eabi/lib/armv6-m\libg_s.a(lib_a-nano-mallocr.o)
                0x1ffff2ac                __malloc_free_list
 *(COMMON)
 COMMON         0x1ffff2b0        0x4 c:/freescale/kds_v3/toolchain/bin/../lib/gcc/arm-none-eabi/4.8.4/../../../../arm-none-eabi/lib/armv6-m\libg_s.a(lib_a-reent.o)
                0x1ffff2b0                errno
                0x1ffff2b4                . = ALIGN (0x4)
                0x1ffff2b4                __bss_end__ = .
                0x1ffff2b4                __END_BSS = .

.heap           0x1ffff2b4      0x204 load address 0x000080c4
                0x1ffff2b8                . = ALIGN (0x8)
 *fill*         0x1ffff2b4        0x4 
                0x1ffff2b8                __end__ = .
                0x1ffff2b8                PROVIDE (end, .)
                0x1ffff2b8                __HeapBase = .
                0x1ffff4b8                . = (. + HEAP_SIZE)
 *fill*         0x1ffff2b8      0x200 
                0x1ffff4b8                __HeapLimit = .

.stack          0x1ffff4b8      0x400 load address 0x000082c8
                0x1ffff4b8                . = ALIGN (0x8)
                0x1ffff8b8                . = (. + STACK_SIZE)
 *fill*         0x1ffff4b8      0x400 
                0x20003000                __StackTop = (ORIGIN (m_data) + 0x4000)
                0x20002c00                __StackLimit = (__StackTop - STACK_SIZE)
                0x20003000                PROVIDE (__stack, __StackTop)

.ARM.attributes
                0x00000000       0x28
 *(.ARM.attributes)
 .ARM.attributes
                0x00000000       0x1e c:/freescale/kds_v3/toolchain/bin/../lib/gcc/arm-none-eabi/4.8.4/armv6-m/crti.o
 .ARM.attributes
                0x0000001e       0x2c c:/freescale/kds_v3/toolchain/bin/../lib/gcc/arm-none-eabi/4.8.4/armv6-m/crtbegin.o
 .ARM.attributes
                0x0000004a       0x1b c:/freescale/kds_v3/toolchain/bin/../lib/gcc/arm-none-eabi/4.8.4/../../../../arm-none-eabi/lib/armv6-m/crt0.o
 .ARM.attributes
                0x00000065       0x32 ./utilities/fsl_debug_console.o
 .ARM.attributes
                0x00000097       0x32 ./utilities/fsl_misc_utilities.o
 .ARM.attributes
                0x000000c9       0x32 ./startup/startup.o
 .ARM.attributes
                0x000000fb       0x1b ./startup/startup_MKL25Z4.o
 .ARM.attributes
                0x00000116       0x32 ./startup/system_MKL25Z4.o
 .ARM.attributes
                0x00000148       0x32 ./source/main.o
 .ARM.attributes
                0x0000017a       0x32 ./board/board.o
 .ARM.attributes
                0x000001ac       0x32 ./board/gpio_pins.o
 .ARM.attributes
                0x000001de       0x32 ./board/hardware_init.o
 .ARM.attributes
                0x00000210       0x32 ./board/pin_mux.o
 .ARM.attributes
                0x00000242       0x32 ./Sources/adc.o
 .ARM.attributes
                0x00000274       0x32 ./Sources/dma.o
 .ARM.attributes
                0x000002a6       0x32 ./Sources/uart.o
 .ARM.attributes
                0x000002d8       0x32 C:/Freescale/KSDK_1.3.0/examples/frdmkl25z/driver_examples/adc16/kds/../../../../../lib/ksdk_platform_lib/kds/KL25Z4/debug/libksdk_platform.a(fsl_uart_hal.o)
 .ARM.attributes
                0x0000030a       0x32 C:/Freescale/KSDK_1.3.0/examples/frdmkl25z/driver_examples/adc16/kds/../../../../../lib/ksdk_platform_lib/kds/KL25Z4/debug/libksdk_platform.a(fsl_lpsci_hal.o)
 .ARM.attributes
                0x0000033c       0x32 C:/Freescale/KSDK_1.3.0/examples/frdmkl25z/driver_examples/adc16/kds/../../../../../lib/ksdk_platform_lib/kds/KL25Z4/debug/libksdk_platform.a(fsl_gpio_driver.o)
 .ARM.attributes
                0x0000036e       0x32 C:/Freescale/KSDK_1.3.0/examples/frdmkl25z/driver_examples/adc16/kds/../../../../../lib/ksdk_platform_lib/kds/KL25Z4/debug/libksdk_platform.a(fsl_clock_MKL25Z4.o)
 .ARM.attributes
                0x000003a0       0x32 C:/Freescale/KSDK_1.3.0/examples/frdmkl25z/driver_examples/adc16/kds/../../../../../lib/ksdk_platform_lib/kds/KL25Z4/debug/libksdk_platform.a(fsl_clock_manager.o)
 .ARM.attributes
                0x000003d2       0x32 C:/Freescale/KSDK_1.3.0/examples/frdmkl25z/driver_examples/adc16/kds/../../../../../lib/ksdk_platform_lib/kds/KL25Z4/debug/libksdk_platform.a(fsl_clock_manager_common.o)
 .ARM.attributes
                0x00000404       0x32 C:/Freescale/KSDK_1.3.0/examples/frdmkl25z/driver_examples/adc16/kds/../../../../../lib/ksdk_platform_lib/kds/KL25Z4/debug/libksdk_platform.a(fsl_sim_hal_MKL25Z4.o)
 .ARM.attributes
                0x00000436       0x32 C:/Freescale/KSDK_1.3.0/examples/frdmkl25z/driver_examples/adc16/kds/../../../../../lib/ksdk_platform_lib/kds/KL25Z4/debug/libksdk_platform.a(fsl_osc_hal.o)
 .ARM.attributes
                0x00000468       0x32 C:/Freescale/KSDK_1.3.0/examples/frdmkl25z/driver_examples/adc16/kds/../../../../../lib/ksdk_platform_lib/kds/KL25Z4/debug/libksdk_platform.a(fsl_mcg_hal.o)
 .ARM.attributes
                0x0000049a       0x32 C:/Freescale/KSDK_1.3.0/examples/frdmkl25z/driver_examples/adc16/kds/../../../../../lib/ksdk_platform_lib/kds/KL25Z4/debug/libksdk_platform.a(fsl_mcg_hal_modes.o)
 .ARM.attributes
                0x000004cc       0x32 C:/Freescale/KSDK_1.3.0/examples/frdmkl25z/driver_examples/adc16/kds/../../../../../lib/ksdk_platform_lib/kds/KL25Z4/debug/libksdk_platform.a(fsl_gpio_hal.o)
 .ARM.attributes
                0x000004fe       0x32 C:/Freescale/KSDK_1.3.0/examples/frdmkl25z/driver_examples/adc16/kds/../../../../../lib/ksdk_platform_lib/kds/KL25Z4/debug/libksdk_platform.a(fsl_gpio_common.o)
 .ARM.attributes
                0x00000530       0x2c c:/freescale/kds_v3/toolchain/bin/../lib/gcc/arm-none-eabi/4.8.4/../../../../arm-none-eabi/lib/armv6-m\libm.a(lib_a-w_pow.o)
 .ARM.attributes
                0x0000055c       0x2c c:/freescale/kds_v3/toolchain/bin/../lib/gcc/arm-none-eabi/4.8.4/../../../../arm-none-eabi/lib/armv6-m\libm.a(lib_a-e_pow.o)
 .ARM.attributes
                0x00000588       0x2c c:/freescale/kds_v3/toolchain/bin/../lib/gcc/arm-none-eabi/4.8.4/../../../../arm-none-eabi/lib/armv6-m\libm.a(lib_a-e_sqrt.o)
 .ARM.attributes
                0x000005b4       0x2c c:/freescale/kds_v3/toolchain/bin/../lib/gcc/arm-none-eabi/4.8.4/../../../../arm-none-eabi/lib/armv6-m\libm.a(lib_a-s_fabs.o)
 .ARM.attributes
                0x000005e0       0x2c c:/freescale/kds_v3/toolchain/bin/../lib/gcc/arm-none-eabi/4.8.4/../../../../arm-none-eabi/lib/armv6-m\libm.a(lib_a-s_finite.o)
 .ARM.attributes
                0x0000060c       0x2c c:/freescale/kds_v3/toolchain/bin/../lib/gcc/arm-none-eabi/4.8.4/../../../../arm-none-eabi/lib/armv6-m\libm.a(lib_a-s_fpclassify.o)
 .ARM.attributes
                0x00000638       0x2c c:/freescale/kds_v3/toolchain/bin/../lib/gcc/arm-none-eabi/4.8.4/../../../../arm-none-eabi/lib/armv6-m\libm.a(lib_a-s_lib_ver.o)
 .ARM.attributes
                0x00000664       0x2c c:/freescale/kds_v3/toolchain/bin/../lib/gcc/arm-none-eabi/4.8.4/../../../../arm-none-eabi/lib/armv6-m\libm.a(lib_a-s_matherr.o)
 .ARM.attributes
                0x00000690       0x2c c:/freescale/kds_v3/toolchain/bin/../lib/gcc/arm-none-eabi/4.8.4/../../../../arm-none-eabi/lib/armv6-m\libm.a(lib_a-s_nan.o)
 .ARM.attributes
                0x000006bc       0x2c c:/freescale/kds_v3/toolchain/bin/../lib/gcc/arm-none-eabi/4.8.4/../../../../arm-none-eabi/lib/armv6-m\libm.a(lib_a-s_rint.o)
 .ARM.attributes
                0x000006e8       0x2c c:/freescale/kds_v3/toolchain/bin/../lib/gcc/arm-none-eabi/4.8.4/../../../../arm-none-eabi/lib/armv6-m\libm.a(lib_a-s_scalbn.o)
 .ARM.attributes
                0x00000714       0x2c c:/freescale/kds_v3/toolchain/bin/../lib/gcc/arm-none-eabi/4.8.4/../../../../arm-none-eabi/lib/armv6-m\libm.a(lib_a-s_copysign.o)
 .ARM.attributes
                0x00000740       0x2c c:/freescale/kds_v3/toolchain/bin/../lib/gcc/arm-none-eabi/4.8.4/../../../../arm-none-eabi/lib/armv6-m\libg_s.a(lib_a-assert.o)
 .ARM.attributes
                0x0000076c       0x2c c:/freescale/kds_v3/toolchain/bin/../lib/gcc/arm-none-eabi/4.8.4/../../../../arm-none-eabi/lib/armv6-m\libg_s.a(lib_a-errno.o)
 .ARM.attributes
                0x00000798       0x2c c:/freescale/kds_v3/toolchain/bin/../lib/gcc/arm-none-eabi/4.8.4/../../../../arm-none-eabi/lib/armv6-m\libg_s.a(lib_a-exit.o)
 .ARM.attributes
                0x000007c4       0x2c c:/freescale/kds_v3/toolchain/bin/../lib/gcc/arm-none-eabi/4.8.4/../../../../arm-none-eabi/lib/armv6-m\libg_s.a(lib_a-fprintf.o)
 .ARM.attributes
                0x000007f0       0x2c c:/freescale/kds_v3/toolchain/bin/../lib/gcc/arm-none-eabi/4.8.4/../../../../arm-none-eabi/lib/armv6-m\libg_s.a(lib_a-impure.o)
 .ARM.attributes
                0x0000081c       0x2c c:/freescale/kds_v3/toolchain/bin/../lib/gcc/arm-none-eabi/4.8.4/../../../../arm-none-eabi/lib/armv6-m\libg_s.a(lib_a-init.o)
 .ARM.attributes
                0x00000848       0x2c c:/freescale/kds_v3/toolchain/bin/../lib/gcc/arm-none-eabi/4.8.4/../../../../arm-none-eabi/lib/armv6-m\libg_s.a(lib_a-memset.o)
 .ARM.attributes
                0x00000874       0x2c c:/freescale/kds_v3/toolchain/bin/../lib/gcc/arm-none-eabi/4.8.4/../../../../arm-none-eabi/lib/armv6-m\libg_s.a(lib_a-nano-freer.o)
 .ARM.attributes
                0x000008a0       0x2c c:/freescale/kds_v3/toolchain/bin/../lib/gcc/arm-none-eabi/4.8.4/../../../../arm-none-eabi/lib/armv6-m\libg_s.a(lib_a-nano-mallocr.o)
 .ARM.attributes
                0x000008cc       0x2c c:/freescale/kds_v3/toolchain/bin/../lib/gcc/arm-none-eabi/4.8.4/../../../../arm-none-eabi/lib/armv6-m\libg_s.a(lib_a-sbrkr.o)
 .ARM.attributes
                0x000008f8       0x2c c:/freescale/kds_v3/toolchain/bin/../lib/gcc/arm-none-eabi/4.8.4/../../../../arm-none-eabi/lib/armv6-m\libg_s.a(lib_a-strlen.o)
 .ARM.attributes
                0x00000924       0x2c c:/freescale/kds_v3/toolchain/bin/../lib/gcc/arm-none-eabi/4.8.4/../../../../arm-none-eabi/lib/armv6-m\libg_s.a(lib_a-vfprintf.o)
 .ARM.attributes
                0x00000950       0x2c c:/freescale/kds_v3/toolchain/bin/../lib/gcc/arm-none-eabi/4.8.4/../../../../arm-none-eabi/lib/armv6-m\libg_s.a(lib_a-vfprintf_i.o)
 .ARM.attributes
                0x0000097c       0x2c c:/freescale/kds_v3/toolchain/bin/../lib/gcc/arm-none-eabi/4.8.4/../../../../arm-none-eabi/lib/armv6-m\libg_s.a(lib_a-wbuf.o)
 .ARM.attributes
                0x000009a8       0x2c c:/freescale/kds_v3/toolchain/bin/../lib/gcc/arm-none-eabi/4.8.4/../../../../arm-none-eabi/lib/armv6-m\libg_s.a(lib_a-wsetup.o)
 .ARM.attributes
                0x000009d4       0x2c c:/freescale/kds_v3/toolchain/bin/../lib/gcc/arm-none-eabi/4.8.4/../../../../arm-none-eabi/lib/armv6-m\libg_s.a(lib_a-abort.o)
 .ARM.attributes
                0x00000a00       0x2c c:/freescale/kds_v3/toolchain/bin/../lib/gcc/arm-none-eabi/4.8.4/../../../../arm-none-eabi/lib/armv6-m\libg_s.a(lib_a-fflush.o)
 .ARM.attributes
                0x00000a2c       0x2c c:/freescale/kds_v3/toolchain/bin/../lib/gcc/arm-none-eabi/4.8.4/../../../../arm-none-eabi/lib/armv6-m\libg_s.a(lib_a-findfp.o)
 .ARM.attributes
                0x00000a58       0x2c c:/freescale/kds_v3/toolchain/bin/../lib/gcc/arm-none-eabi/4.8.4/../../../../arm-none-eabi/lib/armv6-m\libg_s.a(lib_a-makebuf.o)
 .ARM.attributes
                0x00000a84       0x2c c:/freescale/kds_v3/toolchain/bin/../lib/gcc/arm-none-eabi/4.8.4/../../../../arm-none-eabi/lib/armv6-m\libg_s.a(lib_a-memchr-stub.o)
 .ARM.attributes
                0x00000ab0       0x2c c:/freescale/kds_v3/toolchain/bin/../lib/gcc/arm-none-eabi/4.8.4/../../../../arm-none-eabi/lib/armv6-m\libg_s.a(lib_a-reent.o)
 .ARM.attributes
                0x00000adc       0x2c c:/freescale/kds_v3/toolchain/bin/../lib/gcc/arm-none-eabi/4.8.4/../../../../arm-none-eabi/lib/armv6-m\libg_s.a(lib_a-signal.o)
 .ARM.attributes
                0x00000b08       0x2c c:/freescale/kds_v3/toolchain/bin/../lib/gcc/arm-none-eabi/4.8.4/../../../../arm-none-eabi/lib/armv6-m\libg_s.a(lib_a-signalr.o)
 .ARM.attributes
                0x00000b34       0x2c c:/freescale/kds_v3/toolchain/bin/../lib/gcc/arm-none-eabi/4.8.4/../../../../arm-none-eabi/lib/armv6-m\libg_s.a(lib_a-stdio.o)
 .ARM.attributes
                0x00000b60       0x2c c:/freescale/kds_v3/toolchain/bin/../lib/gcc/arm-none-eabi/4.8.4/../../../../arm-none-eabi/lib/armv6-m\libg_s.a(lib_a-writer.o)
 .ARM.attributes
                0x00000b8c       0x2c c:/freescale/kds_v3/toolchain/bin/../lib/gcc/arm-none-eabi/4.8.4/../../../../arm-none-eabi/lib/armv6-m\libg_s.a(lib_a-closer.o)
 .ARM.attributes
                0x00000bb8       0x2c c:/freescale/kds_v3/toolchain/bin/../lib/gcc/arm-none-eabi/4.8.4/../../../../arm-none-eabi/lib/armv6-m\libg_s.a(lib_a-fstatr.o)
 .ARM.attributes
                0x00000be4       0x2c c:/freescale/kds_v3/toolchain/bin/../lib/gcc/arm-none-eabi/4.8.4/../../../../arm-none-eabi/lib/armv6-m\libg_s.a(lib_a-isattyr.o)
 .ARM.attributes
                0x00000c10       0x2c c:/freescale/kds_v3/toolchain/bin/../lib/gcc/arm-none-eabi/4.8.4/../../../../arm-none-eabi/lib/armv6-m\libg_s.a(lib_a-lseekr.o)
 .ARM.attributes
                0x00000c3c       0x2c c:/freescale/kds_v3/toolchain/bin/../lib/gcc/arm-none-eabi/4.8.4/../../../../arm-none-eabi/lib/armv6-m\libg_s.a(lib_a-readr.o)
 .ARM.attributes
                0x00000c68       0x1e c:/freescale/kds_v3/toolchain/bin/../lib/gcc/arm-none-eabi/4.8.4/armv6-m\libgcc.a(_udivsi3.o)
 .ARM.attributes
                0x00000c86       0x1e c:/freescale/kds_v3/toolchain/bin/../lib/gcc/arm-none-eabi/4.8.4/armv6-m\libgcc.a(_divsi3.o)
 .ARM.attributes
                0x00000ca4       0x1e c:/freescale/kds_v3/toolchain/bin/../lib/gcc/arm-none-eabi/4.8.4/armv6-m\libgcc.a(_dvmd_tls.o)
 .ARM.attributes
                0x00000cc2       0x1e c:/freescale/kds_v3/toolchain/bin/../lib/gcc/arm-none-eabi/4.8.4/armv6-m\libgcc.a(_arm_cmpdf2.o)
 .ARM.attributes
                0x00000ce0       0x1e c:/freescale/kds_v3/toolchain/bin/../lib/gcc/arm-none-eabi/4.8.4/armv6-m\libgcc.a(_arm_cmpsf2.o)
 .ARM.attributes
                0x00000cfe       0x2c c:/freescale/kds_v3/toolchain/bin/../lib/gcc/arm-none-eabi/4.8.4/armv6-m\libgcc.a(_fixunssfsi.o)
 .ARM.attributes
                0x00000d2a       0x2c c:/freescale/kds_v3/toolchain/bin/../lib/gcc/arm-none-eabi/4.8.4/armv6-m\libgcc.a(_fixunsdfsi.o)
 .ARM.attributes
                0x00000d56       0x2c c:/freescale/kds_v3/toolchain/bin/../lib/gcc/arm-none-eabi/4.8.4/armv6-m\libgcc.a(eqsf2.o)
 .ARM.attributes
                0x00000d82       0x2c c:/freescale/kds_v3/toolchain/bin/../lib/gcc/arm-none-eabi/4.8.4/armv6-m\libgcc.a(gesf2.o)
 .ARM.attributes
                0x00000dae       0x2c c:/freescale/kds_v3/toolchain/bin/../lib/gcc/arm-none-eabi/4.8.4/armv6-m\libgcc.a(lesf2.o)
 .ARM.attributes
                0x00000dda       0x2c c:/freescale/kds_v3/toolchain/bin/../lib/gcc/arm-none-eabi/4.8.4/armv6-m\libgcc.a(mulsf3.o)
 .ARM.attributes
                0x00000e06       0x2c c:/freescale/kds_v3/toolchain/bin/../lib/gcc/arm-none-eabi/4.8.4/armv6-m\libgcc.a(subsf3.o)
 .ARM.attributes
                0x00000e32       0x2c c:/freescale/kds_v3/toolchain/bin/../lib/gcc/arm-none-eabi/4.8.4/armv6-m\libgcc.a(fixsfsi.o)
 .ARM.attributes
                0x00000e5e       0x2c c:/freescale/kds_v3/toolchain/bin/../lib/gcc/arm-none-eabi/4.8.4/armv6-m\libgcc.a(floatsisf.o)
 .ARM.attributes
                0x00000e8a       0x2c c:/freescale/kds_v3/toolchain/bin/../lib/gcc/arm-none-eabi/4.8.4/armv6-m\libgcc.a(adddf3.o)
 .ARM.attributes
                0x00000eb6       0x2c c:/freescale/kds_v3/toolchain/bin/../lib/gcc/arm-none-eabi/4.8.4/armv6-m\libgcc.a(divdf3.o)
 .ARM.attributes
                0x00000ee2       0x2c c:/freescale/kds_v3/toolchain/bin/../lib/gcc/arm-none-eabi/4.8.4/armv6-m\libgcc.a(eqdf2.o)
 .ARM.attributes
                0x00000f0e       0x2c c:/freescale/kds_v3/toolchain/bin/../lib/gcc/arm-none-eabi/4.8.4/armv6-m\libgcc.a(gedf2.o)
 .ARM.attributes
                0x00000f3a       0x2c c:/freescale/kds_v3/toolchain/bin/../lib/gcc/arm-none-eabi/4.8.4/armv6-m\libgcc.a(ledf2.o)
 .ARM.attributes
                0x00000f66       0x2c c:/freescale/kds_v3/toolchain/bin/../lib/gcc/arm-none-eabi/4.8.4/armv6-m\libgcc.a(muldf3.o)
 .ARM.attributes
                0x00000f92       0x2c c:/freescale/kds_v3/toolchain/bin/../lib/gcc/arm-none-eabi/4.8.4/armv6-m\libgcc.a(subdf3.o)
 .ARM.attributes
                0x00000fbe       0x2c c:/freescale/kds_v3/toolchain/bin/../lib/gcc/arm-none-eabi/4.8.4/armv6-m\libgcc.a(fixdfsi.o)
 .ARM.attributes
                0x00000fea       0x2c c:/freescale/kds_v3/toolchain/bin/../lib/gcc/arm-none-eabi/4.8.4/armv6-m\libgcc.a(floatsidf.o)
 .ARM.attributes
                0x00001016       0x2c c:/freescale/kds_v3/toolchain/bin/../lib/gcc/arm-none-eabi/4.8.4/armv6-m\libgcc.a(floatunsidf.o)
 .ARM.attributes
                0x00001042       0x2c c:/freescale/kds_v3/toolchain/bin/../lib/gcc/arm-none-eabi/4.8.4/armv6-m\libgcc.a(extendsfdf2.o)
 .ARM.attributes
                0x0000106e       0x2c c:/freescale/kds_v3/toolchain/bin/../lib/gcc/arm-none-eabi/4.8.4/armv6-m\libgcc.a(truncdfsf2.o)
 .ARM.attributes
                0x0000109a       0x1e c:/freescale/kds_v3/toolchain/bin/../lib/gcc/arm-none-eabi/4.8.4/armv6-m\libgcc.a(_clzsi2.o)
 .ARM.attributes
                0x000010b8       0x2c c:/freescale/kds_v3/toolchain/bin/../lib/gcc/arm-none-eabi/4.8.4/../../../../arm-none-eabi/lib/armv6-m\libnosys.a(close.o)
 .ARM.attributes
                0x000010e4       0x2c c:/freescale/kds_v3/toolchain/bin/../lib/gcc/arm-none-eabi/4.8.4/../../../../arm-none-eabi/lib/armv6-m\libnosys.a(fstat.o)
 .ARM.attributes
                0x00001110       0x2c c:/freescale/kds_v3/toolchain/bin/../lib/gcc/arm-none-eabi/4.8.4/../../../../arm-none-eabi/lib/armv6-m\libnosys.a(getpid.o)
 .ARM.attributes
                0x0000113c       0x2c c:/freescale/kds_v3/toolchain/bin/../lib/gcc/arm-none-eabi/4.8.4/../../../../arm-none-eabi/lib/armv6-m\libnosys.a(isatty.o)
 .ARM.attributes
                0x00001168       0x2c c:/freescale/kds_v3/toolchain/bin/../lib/gcc/arm-none-eabi/4.8.4/../../../../arm-none-eabi/lib/armv6-m\libnosys.a(kill.o)
 .ARM.attributes
                0x00001194       0x2c c:/freescale/kds_v3/toolchain/bin/../lib/gcc/arm-none-eabi/4.8.4/../../../../arm-none-eabi/lib/armv6-m\libnosys.a(lseek.o)
 .ARM.attributes
                0x000011c0       0x2c c:/freescale/kds_v3/toolchain/bin/../lib/gcc/arm-none-eabi/4.8.4/../../../../arm-none-eabi/lib/armv6-m\libnosys.a(_exit.o)
 .ARM.attributes
                0x000011ec       0x2c c:/freescale/kds_v3/toolchain/bin/../lib/gcc/arm-none-eabi/4.8.4/armv6-m/crtend.o
 .ARM.attributes
                0x00001218       0x1e c:/freescale/kds_v3/toolchain/bin/../lib/gcc/arm-none-eabi/4.8.4/armv6-m/crtn.o
                0x00000001                ASSERT ((__StackLimit >= __HeapLimit), region m_data overflowed with stack and heap)
OUTPUT(adc16_example_frdmkl25z.elf elf32-littlearm)

.debug_info     0x00000000     0xb1d4
 .debug_info    0x00000000      0xa4c ./utilities/fsl_debug_console.o
 .debug_info    0x00000a4c      0x16e ./utilities/fsl_misc_utilities.o
 .debug_info    0x00000bba      0x27c ./startup/startup.o
 .debug_info    0x00000e36       0xc2 ./startup/startup_MKL25Z4.o
 .debug_info    0x00000ef8      0x3cf ./startup/system_MKL25Z4.o
 .debug_info    0x000012c7      0x423 ./source/main.o
 .debug_info    0x000016ea      0xa43 ./board/board.o
 .debug_info    0x0000212d      0x264 ./board/gpio_pins.o
 .debug_info    0x00002391       0xd3 ./board/hardware_init.o
 .debug_info    0x00002464      0x3f1 ./board/pin_mux.o
 .debug_info    0x00002855      0x478 ./Sources/adc.o
 .debug_info    0x00002ccd      0x85c ./Sources/dma.o
 .debug_info    0x00003529      0x5c0 ./Sources/uart.o
 .debug_info    0x00003ae9      0x80e C:/Freescale/KSDK_1.3.0/examples/frdmkl25z/driver_examples/adc16/kds/../../../../../lib/ksdk_platform_lib/kds/KL25Z4/debug/libksdk_platform.a(fsl_uart_hal.o)
 .debug_info    0x000042f7      0x917 C:/Freescale/KSDK_1.3.0/examples/frdmkl25z/driver_examples/adc16/kds/../../../../../lib/ksdk_platform_lib/kds/KL25Z4/debug/libksdk_platform.a(fsl_lpsci_hal.o)
 .debug_info    0x00004c0e      0xe50 C:/Freescale/KSDK_1.3.0/examples/frdmkl25z/driver_examples/adc16/kds/../../../../../lib/ksdk_platform_lib/kds/KL25Z4/debug/libksdk_platform.a(fsl_gpio_driver.o)
 .debug_info    0x00005a5e     0x17a4 C:/Freescale/KSDK_1.3.0/examples/frdmkl25z/driver_examples/adc16/kds/../../../../../lib/ksdk_platform_lib/kds/KL25Z4/debug/libksdk_platform.a(fsl_clock_MKL25Z4.o)
 .debug_info    0x00007202     0x1682 C:/Freescale/KSDK_1.3.0/examples/frdmkl25z/driver_examples/adc16/kds/../../../../../lib/ksdk_platform_lib/kds/KL25Z4/debug/libksdk_platform.a(fsl_clock_manager.o)
 .debug_info    0x00008884      0x448 C:/Freescale/KSDK_1.3.0/examples/frdmkl25z/driver_examples/adc16/kds/../../../../../lib/ksdk_platform_lib/kds/KL25Z4/debug/libksdk_platform.a(fsl_clock_manager_common.o)
 .debug_info    0x00008ccc      0x953 C:/Freescale/KSDK_1.3.0/examples/frdmkl25z/driver_examples/adc16/kds/../../../../../lib/ksdk_platform_lib/kds/KL25Z4/debug/libksdk_platform.a(fsl_sim_hal_MKL25Z4.o)
 .debug_info    0x0000961f       0xef C:/Freescale/KSDK_1.3.0/examples/frdmkl25z/driver_examples/adc16/kds/../../../../../lib/ksdk_platform_lib/kds/KL25Z4/debug/libksdk_platform.a(fsl_osc_hal.o)
 .debug_info    0x0000970e      0xc23 C:/Freescale/KSDK_1.3.0/examples/frdmkl25z/driver_examples/adc16/kds/../../../../../lib/ksdk_platform_lib/kds/KL25Z4/debug/libksdk_platform.a(fsl_mcg_hal.o)
 .debug_info    0x0000a331      0x850 C:/Freescale/KSDK_1.3.0/examples/frdmkl25z/driver_examples/adc16/kds/../../../../../lib/ksdk_platform_lib/kds/KL25Z4/debug/libksdk_platform.a(fsl_mcg_hal_modes.o)
 .debug_info    0x0000ab81      0x2d6 C:/Freescale/KSDK_1.3.0/examples/frdmkl25z/driver_examples/adc16/kds/../../../../../lib/ksdk_platform_lib/kds/KL25Z4/debug/libksdk_platform.a(fsl_gpio_hal.o)
 .debug_info    0x0000ae57      0x37d C:/Freescale/KSDK_1.3.0/examples/frdmkl25z/driver_examples/adc16/kds/../../../../../lib/ksdk_platform_lib/kds/KL25Z4/debug/libksdk_platform.a(fsl_gpio_common.o)

.debug_abbrev   0x00000000     0x23cc
 .debug_abbrev  0x00000000      0x237 ./utilities/fsl_debug_console.o
 .debug_abbrev  0x00000237       0xc1 ./utilities/fsl_misc_utilities.o
 .debug_abbrev  0x000002f8       0xe6 ./startup/startup.o
 .debug_abbrev  0x000003de       0x14 ./startup/startup_MKL25Z4.o
 .debug_abbrev  0x000003f2      0x106 ./startup/system_MKL25Z4.o
 .debug_abbrev  0x000004f8      0x122 ./source/main.o
 .debug_abbrev  0x0000061a      0x253 ./board/board.o
 .debug_abbrev  0x0000086d       0x8c ./board/gpio_pins.o
 .debug_abbrev  0x000008f9       0x72 ./board/hardware_init.o
 .debug_abbrev  0x0000096b      0x125 ./board/pin_mux.o
 .debug_abbrev  0x00000a90      0x131 ./Sources/adc.o
 .debug_abbrev  0x00000bc1      0x1a0 ./Sources/dma.o
 .debug_abbrev  0x00000d61      0x1ba ./Sources/uart.o
 .debug_abbrev  0x00000f1b      0x1eb C:/Freescale/KSDK_1.3.0/examples/frdmkl25z/driver_examples/adc16/kds/../../../../../lib/ksdk_platform_lib/kds/KL25Z4/debug/libksdk_platform.a(fsl_uart_hal.o)
 .debug_abbrev  0x00001106      0x20e C:/Freescale/KSDK_1.3.0/examples/frdmkl25z/driver_examples/adc16/kds/../../../../../lib/ksdk_platform_lib/kds/KL25Z4/debug/libksdk_platform.a(fsl_lpsci_hal.o)
 .debug_abbrev  0x00001314      0x277 C:/Freescale/KSDK_1.3.0/examples/frdmkl25z/driver_examples/adc16/kds/../../../../../lib/ksdk_platform_lib/kds/KL25Z4/debug/libksdk_platform.a(fsl_gpio_driver.o)
 .debug_abbrev  0x0000158b      0x2ef C:/Freescale/KSDK_1.3.0/examples/frdmkl25z/driver_examples/adc16/kds/../../../../../lib/ksdk_platform_lib/kds/KL25Z4/debug/libksdk_platform.a(fsl_clock_MKL25Z4.o)
 .debug_abbrev  0x0000187a      0x2a9 C:/Freescale/KSDK_1.3.0/examples/frdmkl25z/driver_examples/adc16/kds/../../../../../lib/ksdk_platform_lib/kds/KL25Z4/debug/libksdk_platform.a(fsl_clock_manager.o)
 .debug_abbrev  0x00001b23       0xdb C:/Freescale/KSDK_1.3.0/examples/frdmkl25z/driver_examples/adc16/kds/../../../../../lib/ksdk_platform_lib/kds/KL25Z4/debug/libksdk_platform.a(fsl_clock_manager_common.o)
 .debug_abbrev  0x00001bfe      0x188 C:/Freescale/KSDK_1.3.0/examples/frdmkl25z/driver_examples/adc16/kds/../../../../../lib/ksdk_platform_lib/kds/KL25Z4/debug/libksdk_platform.a(fsl_sim_hal_MKL25Z4.o)
 .debug_abbrev  0x00001d86       0x99 C:/Freescale/KSDK_1.3.0/examples/frdmkl25z/driver_examples/adc16/kds/../../../../../lib/ksdk_platform_lib/kds/KL25Z4/debug/libksdk_platform.a(fsl_osc_hal.o)
 .debug_abbrev  0x00001e1f      0x234 C:/Freescale/KSDK_1.3.0/examples/frdmkl25z/driver_examples/adc16/kds/../../../../../lib/ksdk_platform_lib/kds/KL25Z4/debug/libksdk_platform.a(fsl_mcg_hal.o)
 .debug_abbrev  0x00002053      0x1a4 C:/Freescale/KSDK_1.3.0/examples/frdmkl25z/driver_examples/adc16/kds/../../../../../lib/ksdk_platform_lib/kds/KL25Z4/debug/libksdk_platform.a(fsl_mcg_hal_modes.o)
 .debug_abbrev  0x000021f7      0x118 C:/Freescale/KSDK_1.3.0/examples/frdmkl25z/driver_examples/adc16/kds/../../../../../lib/ksdk_platform_lib/kds/KL25Z4/debug/libksdk_platform.a(fsl_gpio_hal.o)
 .debug_abbrev  0x0000230f       0xbd C:/Freescale/KSDK_1.3.0/examples/frdmkl25z/driver_examples/adc16/kds/../../../../../lib/ksdk_platform_lib/kds/KL25Z4/debug/libksdk_platform.a(fsl_gpio_common.o)

.debug_aranges  0x00000000      0xb80
 .debug_aranges
                0x00000000       0xa0 ./utilities/fsl_debug_console.o
 .debug_aranges
                0x000000a0       0x28 ./utilities/fsl_misc_utilities.o
 .debug_aranges
                0x000000c8       0x20 ./startup/startup.o
 .debug_aranges
                0x000000e8       0x20 ./startup/startup_MKL25Z4.o
 .debug_aranges
                0x00000108       0x28 ./startup/system_MKL25Z4.o
 .debug_aranges
                0x00000130       0x28 ./source/main.o
 .debug_aranges
                0x00000158       0x70 ./board/board.o
 .debug_aranges
                0x000001c8       0x18 ./board/gpio_pins.o
 .debug_aranges
                0x000001e0       0x20 ./board/hardware_init.o
 .debug_aranges
                0x00000200       0x80 ./board/pin_mux.o
 .debug_aranges
                0x00000280       0x30 ./Sources/adc.o
 .debug_aranges
                0x000002b0       0x28 ./Sources/dma.o
 .debug_aranges
                0x000002d8       0x40 ./Sources/uart.o
 .debug_aranges
                0x00000318       0xb0 C:/Freescale/KSDK_1.3.0/examples/frdmkl25z/driver_examples/adc16/kds/../../../../../lib/ksdk_platform_lib/kds/KL25Z4/debug/libksdk_platform.a(fsl_uart_hal.o)
 .debug_aranges
                0x000003c8       0xc8 C:/Freescale/KSDK_1.3.0/examples/frdmkl25z/driver_examples/adc16/kds/../../../../../lib/ksdk_platform_lib/kds/KL25Z4/debug/libksdk_platform.a(fsl_lpsci_hal.o)
 .debug_aranges
                0x00000490       0xf0 C:/Freescale/KSDK_1.3.0/examples/frdmkl25z/driver_examples/adc16/kds/../../../../../lib/ksdk_platform_lib/kds/KL25Z4/debug/libksdk_platform.a(fsl_gpio_driver.o)