Archive member included because of file (symbol)

C:/Freescale/KSDK_1.3.0/examples/frdmkl25z/demo_apps/hello_world/kds/../../../../../lib/ksdk_platform_lib/kds/KL25Z4/debug/libksdk_platform.a(fsl_uart_hal.o)
                              ./utilities/fsl_debug_console.o (UART_HAL_SetBaudRate)
C:/Freescale/KSDK_1.3.0/examples/frdmkl25z/demo_apps/hello_world/kds/../../../../../lib/ksdk_platform_lib/kds/KL25Z4/debug/libksdk_platform.a(fsl_lptmr_driver.o)
                              ./source/fsl_lptmr_irq.o (LPTMR_DRV_IRQHandler)
C:/Freescale/KSDK_1.3.0/examples/frdmkl25z/demo_apps/hello_world/kds/../../../../../lib/ksdk_platform_lib/kds/KL25Z4/debug/libksdk_platform.a(fsl_lpsci_hal.o)
                              ./utilities/fsl_debug_console.o (LPSCI_HAL_SetBaudRate)
C:/Freescale/KSDK_1.3.0/examples/frdmkl25z/demo_apps/hello_world/kds/../../../../../lib/ksdk_platform_lib/kds/KL25Z4/debug/libksdk_platform.a(fsl_gpio_driver.o)
                              ./source/main.o (GPIO_DRV_OutputPinInit)
C:/Freescale/KSDK_1.3.0/examples/frdmkl25z/demo_apps/hello_world/kds/../../../../../lib/ksdk_platform_lib/kds/KL25Z4/debug/libksdk_platform.a(fsl_clock_MKL25Z4.o)
                              ./board/board.o (CLOCK_SYS_SetSimConfigration)
C:/Freescale/KSDK_1.3.0/examples/frdmkl25z/demo_apps/hello_world/kds/../../../../../lib/ksdk_platform_lib/kds/KL25Z4/debug/libksdk_platform.a(fsl_clock_manager.o)
                              C:/Freescale/KSDK_1.3.0/examples/frdmkl25z/demo_apps/hello_world/kds/../../../../../lib/ksdk_platform_lib/kds/KL25Z4/debug/libksdk_platform.a(fsl_clock_MKL25Z4.o) (CLOCK_SYS_GetSystickFreq)
C:/Freescale/KSDK_1.3.0/examples/frdmkl25z/demo_apps/hello_world/kds/../../../../../lib/ksdk_platform_lib/kds/KL25Z4/debug/libksdk_platform.a(fsl_clock_manager_common.o)
                              C:/Freescale/KSDK_1.3.0/examples/frdmkl25z/demo_apps/hello_world/kds/../../../../../lib/ksdk_platform_lib/kds/KL25Z4/debug/libksdk_platform.a(fsl_clock_MKL25Z4.o) (g_oscBase)
C:/Freescale/KSDK_1.3.0/examples/frdmkl25z/demo_apps/hello_world/kds/../../../../../lib/ksdk_platform_lib/kds/KL25Z4/debug/libksdk_platform.a(fsl_os_abstraction_bm.o)
                              C:/Freescale/KSDK_1.3.0/examples/frdmkl25z/demo_apps/hello_world/kds/../../../../../lib/ksdk_platform_lib/kds/KL25Z4/debug/libksdk_platform.a(fsl_clock_manager.o) (OSA_EnterCritical)
C:/Freescale/KSDK_1.3.0/examples/frdmkl25z/demo_apps/hello_world/kds/../../../../../lib/ksdk_platform_lib/kds/KL25Z4/debug/libksdk_platform.a(fsl_sim_hal_MKL25Z4.o)
                              C:/Freescale/KSDK_1.3.0/examples/frdmkl25z/demo_apps/hello_world/kds/../../../../../lib/ksdk_platform_lib/kds/KL25Z4/debug/libksdk_platform.a(fsl_clock_MKL25Z4.o) (CLOCK_HAL_SetOutDiv)
C:/Freescale/KSDK_1.3.0/examples/frdmkl25z/demo_apps/hello_world/kds/../../../../../lib/ksdk_platform_lib/kds/KL25Z4/debug/libksdk_platform.a(fsl_osc_hal.o)
                              C:/Freescale/KSDK_1.3.0/examples/frdmkl25z/demo_apps/hello_world/kds/../../../../../lib/ksdk_platform_lib/kds/KL25Z4/debug/libksdk_platform.a(fsl_clock_manager.o) (OSC_HAL_SetCapacitor)
C:/Freescale/KSDK_1.3.0/examples/frdmkl25z/demo_apps/hello_world/kds/../../../../../lib/ksdk_platform_lib/kds/KL25Z4/debug/libksdk_platform.a(fsl_mcg_hal.o)
                              C:/Freescale/KSDK_1.3.0/examples/frdmkl25z/demo_apps/hello_world/kds/../../../../../lib/ksdk_platform_lib/kds/KL25Z4/debug/libksdk_platform.a(fsl_clock_MKL25Z4.o) (g_xtal0ClkFreq)
C:/Freescale/KSDK_1.3.0/examples/frdmkl25z/demo_apps/hello_world/kds/../../../../../lib/ksdk_platform_lib/kds/KL25Z4/debug/libksdk_platform.a(fsl_mcg_hal_modes.o)
                              C:/Freescale/KSDK_1.3.0/examples/frdmkl25z/demo_apps/hello_world/kds/../../../../../lib/ksdk_platform_lib/kds/KL25Z4/debug/libksdk_platform.a(fsl_clock_manager.o) (CLOCK_HAL_GetMcgMode)
C:/Freescale/KSDK_1.3.0/examples/frdmkl25z/demo_apps/hello_world/kds/../../../../../lib/ksdk_platform_lib/kds/KL25Z4/debug/libksdk_platform.a(fsl_lptmr_hal.o)
                              C:/Freescale/KSDK_1.3.0/examples/frdmkl25z/demo_apps/hello_world/kds/../../../../../lib/ksdk_platform_lib/kds/KL25Z4/debug/libksdk_platform.a(fsl_lptmr_driver.o) (LPTMR_HAL_Init)
C:/Freescale/KSDK_1.3.0/examples/frdmkl25z/demo_apps/hello_world/kds/../../../../../lib/ksdk_platform_lib/kds/KL25Z4/debug/libksdk_platform.a(fsl_lptmr_common.o)
                              C:/Freescale/KSDK_1.3.0/examples/frdmkl25z/demo_apps/hello_world/kds/../../../../../lib/ksdk_platform_lib/kds/KL25Z4/debug/libksdk_platform.a(fsl_lptmr_driver.o) (g_lptmrBase)
C:/Freescale/KSDK_1.3.0/examples/frdmkl25z/demo_apps/hello_world/kds/../../../../../lib/ksdk_platform_lib/kds/KL25Z4/debug/libksdk_platform.a(fsl_interrupt_manager.o)
[...]
Memory Configuration

Name             Origin             Length             Attributes
m_interrupts     0x00000000         0x00000100         xr
m_flash_config   0x00000400         0x00000010         xr
m_text           0x00000410         0x0001fbf0         xr
m_data           0x1ffff000         0x00004000         rw
*default*        0x00000000         0xffffffff

Linker script and memory map

LOAD c:/freescale/kds_v3/toolchain/bin/../lib/gcc/arm-none-eabi/4.8.4/armv6-m/crti.o
LOAD c:/freescale/kds_v3/toolchain/bin/../lib/gcc/arm-none-eabi/4.8.4/armv6-m/crtbegin.o
LOAD c:/freescale/kds_v3/toolchain/bin/../lib/gcc/arm-none-eabi/4.8.4/../../../../arm-none-eabi/lib/armv6-m/crt0.o
                0x00000400                __stack_size__ = 0x400
                0x00000200                __heap_size__ = 0x200
START GROUP
LOAD ./utilities/fsl_debug_console.o
LOAD ./utilities/fsl_misc_utilities.o
LOAD ./utilities/print_scan.o
LOAD ./startup/startup.o
LOAD ./startup/startup_MKL25Z4.o
LOAD ./startup/system_MKL25Z4.o
LOAD ./src/circbuff.o
LOAD ./src/lptmr.o
LOAD ./source/fsl_lptmr_irq.o
LOAD ./source/main.o
LOAD ./board/board.o
LOAD ./board/gpio_pins.o
LOAD ./board/hardware_init.o
LOAD ./board/pin_mux.o
LOAD C:/Freescale/KSDK_1.3.0/examples/frdmkl25z/demo_apps/hello_world/kds/../../../../../lib/ksdk_platform_lib/kds/KL25Z4/debug/libksdk_platform.a
LOAD c:/freescale/kds_v3/toolchain/bin/../lib/gcc/arm-none-eabi/4.8.4/../../../../arm-none-eabi/lib/armv6-m\libm.a
LOAD c:/freescale/kds_v3/toolchain/bin/../lib/gcc/arm-none-eabi/4.8.4/../../../../arm-none-eabi/lib/armv6-m\libg_s.a
LOAD c:/freescale/kds_v3/toolchain/bin/../lib/gcc/arm-none-eabi/4.8.4/armv6-m\libgcc.a
LOAD c:/freescale/kds_v3/toolchain/bin/../lib/gcc/arm-none-eabi/4.8.4/../../../../arm-none-eabi/lib/armv6-m\libnosys.a
END GROUP
START GROUP
LOAD c:/freescale/kds_v3/toolchain/bin/../lib/gcc/arm-none-eabi/4.8.4/armv6-m\libgcc.a
LOAD c:/freescale/kds_v3/toolchain/bin/../lib/gcc/arm-none-eabi/4.8.4/../../../../arm-none-eabi/lib/armv6-m\libg_s.a
LOAD c:/freescale/kds_v3/toolchain/bin/../lib/gcc/arm-none-eabi/4.8.4/../../../../arm-none-eabi/lib/armv6-m\libc_s.a
END GROUP
START GROUP
LOAD c:/freescale/kds_v3/toolchain/bin/../lib/gcc/arm-none-eabi/4.8.4/armv6-m\libgcc.a
LOAD c:/freescale/kds_v3/toolchain/bin/../lib/gcc/arm-none-eabi/4.8.4/../../../../arm-none-eabi/lib/armv6-m\libc_s.a
END GROUP
LOAD c:/freescale/kds_v3/toolchain/bin/../lib/gcc/arm-none-eabi/4.8.4/armv6-m/crtend.o
LOAD c:/freescale/kds_v3/toolchain/bin/../lib/gcc/arm-none-eabi/4.8.4/armv6-m/crtn.o
                0x00000400                HEAP_SIZE = DEFINED (__heap_size__)?__heap_size__:0x400
                0x00000400                STACK_SIZE = DEFINED (__stack_size__)?__stack_size__:0x400
                0x00000000                M_VECTOR_RAM_SIZE = DEFINED (__ram_vector_table__)?0x100:0x0

.interrupts     0x00000000       0xc0
                0x00000000                __VECTOR_TABLE = .
                0x00000000                . = ALIGN (0x4)
 *(.isr_vector)
 .isr_vector    0x00000000       0xc0 ./startup/startup_MKL25Z4.o
                0x00000000                __isr_vector
                0x000000c0                . = ALIGN (0x4)

.flash_config   0x00000400       0x10
                0x00000400                . = ALIGN (0x4)
 *(.FlashConfig)
 .FlashConfig   0x00000400       0x10 ./startup/startup_MKL25Z4.o
                0x00000410                . = ALIGN (0x4)

.text           0x00000410     0x4684
                0x00000410                . = ALIGN (0x4)
 *(.text)
 .text          0x00000410       0x60 c:/freescale/kds_v3/toolchain/bin/../lib/gcc/arm-none-eabi/4.8.4/armv6-m/crtbegin.o
 .text          0x00000470       0x78 c:/freescale/kds_v3/toolchain/bin/../lib/gcc/arm-none-eabi/4.8.4/../../../../arm-none-eabi/lib/armv6-m/crt0.o
                0x00000470                _start
                0x00000470                _mainCRTStartup
 .text          0x000004e8       0x18 ./startup/startup_MKL25Z4.o
                0x000004e8                Reset_Handler
                0x000004f8                HardFault_Handler
                0x000004f8                SysTick_Handler
                0x000004f8                PendSV_Handler
                0x000004f8                NMI_Handler
                0x000004f8                I2C1_IRQHandler
                0x000004f8                UART1_IRQHandler
                0x000004f8                DMA2_IRQHandler
                0x000004f8                TPM0_IRQHandler
                0x000004f8                LLWU_IRQHandler
                0x000004f8                TSI0_IRQHandler
                0x000004f8                UART0_IRQHandler
                0x000004f8                ADC0_IRQHandler
                0x000004f8                Reserved39_IRQHandler
                0x000004f8                SPI1_IRQHandler
                0x000004f8                DefaultISR
                0x000004f8                PORTD_IRQHandler
                0x000004f8                TPM2_IRQHandler
                0x000004f8                RTC_IRQHandler
                0x000004f8                I2C0_IRQHandler
                0x000004f8                RTC_Seconds_IRQHandler
                0x000004f8                MCG_IRQHandler
                0x000004f8                UART2_IRQHandler
                0x000004f8                Reserved20_IRQHandler
                0x000004f8                USB0_IRQHandler
                0x000004f8                PIT_IRQHandler
                0x000004f8                SVC_Handler
                0x000004f8                DMA3_IRQHandler
                0x000004f8                DMA0_IRQHandler
                0x000004f8                DAC0_IRQHandler
                0x000004f8                Reserved45_IRQHandler
                0x000004f8                TPM1_IRQHandler
                0x000004f8                LVD_LVW_IRQHandler
                0x000004f8                SPI0_IRQHandler
                0x000004f8                PORTA_IRQHandler
                0x000004f8                FTFA_IRQHandler
                0x000004f8                CMP0_IRQHandler
                0x000004f8                DMA1_IRQHandler
 .text          0x00000500       0x9c c:/freescale/kds_v3/toolchain/bin/../lib/gcc/arm-none-eabi/4.8.4/armv6-m\libgcc.a(_udivsi3.o)
                0x00000500                __aeabi_uidiv
                0x00000500                __udivsi3
                0x00000588                __aeabi_uidivmod
 .text          0x0000059c       0xc0 c:/freescale/kds_v3/toolchain/bin/../lib/gcc/arm-none-eabi/4.8.4/armv6-m\libgcc.a(_divsi3.o)
                0x0000059c                __divsi3
                0x0000059c                __aeabi_idiv
                0x00000648                __aeabi_idivmod
 .text          0x0000065c        0x4 c:/freescale/kds_v3/toolchain/bin/../lib/gcc/arm-none-eabi/4.8.4/armv6-m\libgcc.a(_dvmd_tls.o)
                0x0000065c                __aeabi_idiv0
                0x0000065c                __aeabi_ldiv0
 *(.text*)
 .text.UART_HAL_EnableTransmitter
                0x00000660       0x1c ./utilities/fsl_debug_console.o
 .text.UART_HAL_EnableReceiver
                0x0000067c       0x1c ./utilities/fsl_debug_console.o
 .text.UART_HAL_SetBitCountPerChar
                0x00000698       0x28 ./utilities/fsl_debug_console.o
 .text.UART_HAL_SetStopBitCount
                0x000006c0       0x28 ./utilities/fsl_debug_console.o
 .text.LPSCI_HAL_EnableTransmitter
                0x000006e8       0x1c ./utilities/fsl_debug_console.o
 .text.LPSCI_HAL_EnableReceiver
                0x00000704       0x1c ./utilities/fsl_debug_console.o
 .text.LPSCI_HAL_SetBitCountPerChar
                0x00000720       0x28 ./utilities/fsl_debug_console.o
 .text.LPSCI_HAL_SetStopBitCount
                0x00000748       0x28 ./utilities/fsl_debug_console.o
 .text.DbgConsole_Init
                0x00000770      0x160 ./utilities/fsl_debug_console.o
                0x00000770                DbgConsole_Init
 .text._write   0x000008d0       0x5c ./utilities/fsl_debug_console.o
                0x000008d0                _write
 .text._read    0x0000092c       0x48 ./utilities/fsl_debug_console.o
                0x0000092c                _read
 .text.debug_printf
                0x00000974       0x4c ./utilities/fsl_debug_console.o
                0x00000974                debug_printf
 .text.debug_putc
                0x000009c0       0x44 ./utilities/fsl_debug_console.o
 .text.debug_putchar
                0x00000a04       0x30 ./utilities/fsl_debug_console.o
                0x00000a04                debug_putchar
 .text.debug_getchar
                0x00000a34       0x38 ./utilities/fsl_debug_console.o
                0x00000a34                debug_getchar
 .text._sbrk    0x00000a6c       0x5c ./utilities/fsl_misc_utilities.o
                0x00000a6c                _sbrk
 .text._doprint
                0x00000ac8      0x6e4 ./utilities/print_scan.o
                0x00000ac8                _doprint
 .text.mknumstr
                0x000011ac      0x110 ./utilities/print_scan.o
 .text.fput_pad
                0x000012bc       0x44 ./utilities/print_scan.o
 .text.init_data_bss
                0x00001300       0xc8 ./startup/startup.o
                0x00001300                init_data_bss
 .text.SystemInit
                0x000013c8       0x18 ./startup/system_MKL25Z4.o
                0x000013c8                SystemInit
 .text.push     0x000013e0       0x98 ./src/circbuff.o
                0x000013e0                push
 .text.pop      0x00001478       0x74 ./src/circbuff.o
                0x00001478                pop
 .text.circbuff_reset
                0x000014ec       0x20 ./src/circbuff.o
                0x000014ec                circbuff_reset
 .text.circbuff_init
                0x0000150c       0x60 ./src/circbuff.o
                0x0000150c                circbuff_init
 .text.buffer_status
                0x0000156c       0x50 ./src/circbuff.o
                0x0000156c                buffer_status
 .text.lptmr_config
                0x000015bc       0x2c ./src/lptmr.o
                0x000015bc                lptmr_config
 .text.LPTMR0_IRQHandler
                0x000015e8       0x10 ./source/fsl_lptmr_irq.o
                0x000015e8                LPTMR0_IRQHandler
 .text.main     0x000015f8      0x118 ./source/main.o
                0x000015f8                main
 .text.PORT_HAL_SetMuxMode
                0x00001710       0x4c ./board/board.o
 .text.CLOCK_HAL_SetLpsciSrc
                0x0000175c       0x30 ./board/board.o
 .text.CLOCK_SYS_SetLpsciSrc
                0x0000178c       0x2c ./board/board.o
 .text.SMC_HAL_SetProtection
                0x000017b8       0x1c ./board/board.o
 .text.BOARD_InitOsc0
                0x000017d4       0x40 ./board/board.o
                0x000017d4                BOARD_InitOsc0
 .text.CLOCK_SetBootConfig
                0x00001814       0x3c ./board/board.o
 .text.BOARD_ClockInit
                0x00001850       0x44 ./board/board.o
                0x00001850                BOARD_ClockInit
 .text.dbg_uart_init
                0x00001894       0x24 ./board/board.o
                0x00001894                dbg_uart_init
 .text.hardware_init
                0x000018b8       0x24 ./board/hardware_init.o
                0x000018b8                hardware_init
 .text.PORT_HAL_SetMuxMode
                0x000018dc       0x4c ./board/pin_mux.o
 .text.configure_lpsci_pins
                0x00001928       0x34 ./board/pin_mux.o
                0x00001928                configure_lpsci_pins
 .text.UART_HAL_SetBaudRate
                0x0000195c       0x6c C:/Freescale/KSDK_1.3.0/examples/frdmkl25z/demo_apps/hello_world/kds/../../../../../lib/ksdk_platform_lib/kds/KL25Z4/debug/libksdk_platform.a(fsl_uart_hal.o)
                0x0000195c                UART_HAL_SetBaudRate
 .text.UART_HAL_SetParityMode
                0x000019c8       0x40 C:/Freescale/KSDK_1.3.0/examples/frdmkl25z/demo_apps/hello_world/kds/../../../../../lib/ksdk_platform_lib/kds/KL25Z4/debug/libksdk_platform.a(fsl_uart_hal.o)
                0x000019c8                UART_HAL_SetParityMode
 .text.UART_HAL_Putchar
                0x00001a08       0x34 C:/Freescale/KSDK_1.3.0/examples/frdmkl25z/demo_apps/hello_world/kds/../../../../../lib/ksdk_platform_lib/kds/KL25Z4/debug/libksdk_platform.a(fsl_uart_hal.o)
                0x00001a08                UART_HAL_Putchar
 .text.UART_HAL_Getchar
                0x00001a3c       0x34 C:/Freescale/KSDK_1.3.0/examples/frdmkl25z/demo_apps/hello_world/kds/../../../../../lib/ksdk_platform_lib/kds/KL25Z4/debug/libksdk_platform.a(fsl_uart_hal.o)
                0x00001a3c                UART_HAL_Getchar
 .text.UART_HAL_SendDataPolling
                0x00001a70       0x44 C:/Freescale/KSDK_1.3.0/examples/frdmkl25z/demo_apps/hello_world/kds/../../../../../lib/ksdk_platform_lib/kds/KL25Z4/debug/libksdk_platform.a(fsl_uart_hal.o)
                0x00001a70                UART_HAL_SendDataPolling
 .text.UART_HAL_ReceiveDataPolling
                0x00001ab4       0xa4 C:/Freescale/KSDK_1.3.0/examples/frdmkl25z/demo_apps/hello_world/kds/../../../../../lib/ksdk_platform_lib/kds/KL25Z4/debug/libksdk_platform.a(fsl_uart_hal.o)
                0x00001ab4                UART_HAL_ReceiveDataPolling
 .text.LPTMR_HAL_ClearIntFlag
                0x00001b58       0x1c C:/Freescale/KSDK_1.3.0/examples/frdmkl25z/demo_apps/hello_world/kds/../../../../../lib/ksdk_platform_lib/kds/KL25Z4/debug/libksdk_platform.a(fsl_lptmr_driver.o)
 .text.SIM_HAL_GetGateCmd
                0x00001b74       0x50 C:/Freescale/KSDK_1.3.0/examples/frdmkl25z/demo_apps/hello_world/kds/../../../../../lib/ksdk_platform_lib/kds/KL25Z4/debug/libksdk_platform.a(fsl_lptmr_driver.o)
 .text.CLOCK_SYS_GetLptmrGateCmd
                0x00001bc4       0x20 C:/Freescale/KSDK_1.3.0/examples/frdmkl25z/demo_apps/hello_world/kds/../../../../../lib/ksdk_platform_lib/kds/KL25Z4/debug/libksdk_platform.a(fsl_lptmr_driver.o)
 .text.LPTMR_DRV_IRQHandler
                0x00001be4       0x90 C:/Freescale/KSDK_1.3.0/examples/frdmkl25z/demo_apps/hello_world/kds/../../../../../lib/ksdk_platform_lib/kds/KL25Z4/debug/libksdk_platform.a(fsl_lptmr_driver.o)
                0x00001be4                LPTMR_DRV_IRQHandler
 .text.LPSCI_HAL_Putchar
                0x00001c74       0x1c C:/Freescale/KSDK_1.3.0/examples/frdmkl25z/demo_apps/hello_world/kds/../../../../../lib/ksdk_platform_lib/kds/KL25Z4/debug/libksdk_platform.a(fsl_lpsci_hal.o)
 .text.LPSCI_HAL_Getchar
                0x00001c90       0x1c C:/Freescale/KSDK_1.3.0/examples/frdmkl25z/demo_apps/hello_world/kds/../../../../../lib/ksdk_platform_lib/kds/KL25Z4/debug/libksdk_platform.a(fsl_lpsci_hal.o)
 .text.LPSCI_HAL_SetBaudRate
                0x00001cac      0x14c C:/Freescale/KSDK_1.3.0/examples/frdmkl25z/demo_apps/hello_world/kds/../../../../../lib/ksdk_platform_lib/kds/KL25Z4/debug/libksdk_platform.a(fsl_lpsci_hal.o)
                0x00001cac                LPSCI_HAL_SetBaudRate
 .text.LPSCI_HAL_SetParityMode
                0x00001df8       0x40 C:/Freescale/KSDK_1.3.0/examples/frdmkl25z/demo_apps/hello_world/kds/../../../../../lib/ksdk_platform_lib/kds/KL25Z4/debug/libksdk_platform.a(fsl_lpsci_hal.o)
                0x00001df8                LPSCI_HAL_SetParityMode
 .text.LPSCI_HAL_SendDataPolling
                0x00001e38       0x44 C:/Freescale/KSDK_1.3.0/examples/frdmkl25z/demo_apps/hello_world/kds/../../../../../lib/ksdk_platform_lib/kds/KL25Z4/debug/libksdk_platform.a(fsl_lpsci_hal.o)
                0x00001e38                LPSCI_HAL_SendDataPolling
 .text.LPSCI_HAL_ReceiveDataPolling
                0x00001e7c       0x88 C:/Freescale/KSDK_1.3.0/examples/frdmkl25z/demo_apps/hello_world/kds/../../../../../lib/ksdk_platform_lib/kds/KL25Z4/debug/libksdk_platform.a(fsl_lpsci_hal.o)
                0x00001e7c                LPSCI_HAL_ReceiveDataPolling
 .text.PORT_HAL_SetSlewRateMode
                0x00001f04       0x4c C:/Freescale/KSDK_1.3.0/examples/frdmkl25z/demo_apps/hello_world/kds/../../../../../lib/ksdk_platform_lib/kds/KL25Z4/debug/libksdk_platform.a(fsl_gpio_driver.o)
 .text.PORT_HAL_SetDriveStrengthMode
                0x00001f50       0x4c C:/Freescale/KSDK_1.3.0/examples/frdmkl25z/demo_apps/hello_world/kds/../../../../../lib/ksdk_platform_lib/kds/KL25Z4/debug/libksdk_platform.a(fsl_gpio_driver.o)
 .text.PORT_HAL_SetMuxMode
                0x00001f9c       0x4c C:/Freescale/KSDK_1.3.0/examples/frdmkl25z/demo_apps/hello_world/kds/../../../../../lib/ksdk_platform_lib/kds/KL25Z4/debug/libksdk_platform.a(fsl_gpio_driver.o)
 .text.GPIO_DRV_OutputPinInit
                0x00001fe8       0x9c C:/Freescale/KSDK_1.3.0/examples/frdmkl25z/demo_apps/hello_world/kds/../../../../../lib/ksdk_platform_lib/kds/KL25Z4/debug/libksdk_platform.a(fsl_gpio_driver.o)
                0x00001fe8                GPIO_DRV_OutputPinInit
 .text.SIM_HAL_EnableClock
                0x00002084       0x58 C:/Freescale/KSDK_1.3.0/examples/frdmkl25z/demo_apps/hello_world/kds/../../../../../lib/ksdk_platform_lib/kds/KL25Z4/debug/libksdk_platform.a(fsl_clock_MKL25Z4.o)
 .text.CLOCK_HAL_GetLpsciSrc
                0x000020dc       0x28 C:/Freescale/KSDK_1.3.0/examples/frdmkl25z/demo_apps/hello_world/kds/../../../../../lib/ksdk_platform_lib/kds/KL25Z4/debug/libksdk_platform.a(fsl_clock_MKL25Z4.o)
 .text.CLOCK_HAL_SetExternalRefClock32kSrc
                0x00002104       0x28 C:/Freescale/KSDK_1.3.0/examples/frdmkl25z/demo_apps/hello_world/kds/../../../../../lib/ksdk_platform_lib/kds/KL25Z4/debug/libksdk_platform.a(fsl_clock_MKL25Z4.o)
 .text.CLOCK_HAL_SetPllfllSel
                0x0000212c       0x2c C:/Freescale/KSDK_1.3.0/examples/frdmkl25z/demo_apps/hello_world/kds/../../../../../lib/ksdk_platform_lib/kds/KL25Z4/debug/libksdk_platform.a(fsl_clock_MKL25Z4.o)
 .text.CLOCK_HAL_GetPllfllSel
                0x00002158       0x24 C:/Freescale/KSDK_1.3.0/examples/frdmkl25z/demo_apps/hello_world/kds/../../../../../lib/ksdk_platform_lib/kds/KL25Z4/debug/libksdk_platform.a(fsl_clock_MKL25Z4.o)
 .text.CLOCK_HAL_GetOutDiv1
                0x0000217c       0x28 C:/Freescale/KSDK_1.3.0/examples/frdmkl25z/demo_apps/hello_world/kds/../../../../../lib/ksdk_platform_lib/kds/KL25Z4/debug/libksdk_platform.a(fsl_clock_MKL25Z4.o)
 .text.CLOCK_HAL_GetOutDiv4
                0x000021a4       0x28 C:/Freescale/KSDK_1.3.0/examples/frdmkl25z/demo_apps/hello_world/kds/../../../../../lib/ksdk_platform_lib/kds/KL25Z4/debug/libksdk_platform.a(fsl_clock_MKL25Z4.o)
 .text.OSC_HAL_GetExternalRefClkCmd
                0x000021cc       0x24 C:/Freescale/KSDK_1.3.0/examples/frdmkl25z/demo_apps/hello_world/kds/../../../../../lib/ksdk_platform_lib/kds/KL25Z4/debug/libksdk_platform.a(fsl_clock_MKL25Z4.o)
 .text.CLOCK_SYS_SetSimConfigration
                0x000021f0       0x48 C:/Freescale/KSDK_1.3.0/examples/frdmkl25z/demo_apps/hello_world/kds/../../../../../lib/ksdk_platform_lib/kds/KL25Z4/debug/libksdk_platform.a(fsl_clock_MKL25Z4.o)
                0x000021f0                CLOCK_SYS_SetSimConfigration
 .text.CLOCK_SYS_GetSystemClockFreq
                0x00002238       0x34 C:/Freescale/KSDK_1.3.0/examples/frdmkl25z/demo_apps/hello_world/kds/../../../../../lib/ksdk_platform_lib/kds/KL25Z4/debug/libksdk_platform.a(fsl_clock_MKL25Z4.o)
                0x00002238                CLOCK_SYS_GetSystemClockFreq
 .text.CLOCK_SYS_GetBusClockFreq
                0x0000226c       0x2c C:/Freescale/KSDK_1.3.0/examples/frdmkl25z/demo_apps/hello_world/kds/../../../../../lib/ksdk_platform_lib/kds/KL25Z4/debug/libksdk_platform.a(fsl_clock_MKL25Z4.o)
                0x0000226c                CLOCK_SYS_GetBusClockFreq
 .text.CLOCK_SYS_GetPllFllClockFreq
                0x00002298       0x5c C:/Freescale/KSDK_1.3.0/examples/frdmkl25z/demo_apps/hello_world/kds/../../../../../lib/ksdk_platform_lib/kds/KL25Z4/debug/libksdk_platform.a(fsl_clock_MKL25Z4.o)
                0x00002298                CLOCK_SYS_GetPllFllClockFreq
 .text.CLOCK_SYS_GetOsc0ExternalRefClockFreq
                0x000022f4       0x2c C:/Freescale/KSDK_1.3.0/examples/frdmkl25z/demo_apps/hello_world/kds/../../../../../lib/ksdk_platform_lib/kds/KL25Z4/debug/libksdk_platform.a(fsl_clock_MKL25Z4.o)
                0x000022f4                CLOCK_SYS_GetOsc0ExternalRefClockFreq
 .text.CLOCK_SYS_GetLpsciFreq
                0x00002320       0x68 C:/Freescale/KSDK_1.3.0/examples/frdmkl25z/demo_apps/hello_world/kds/../../../../../lib/ksdk_platform_lib/kds/KL25Z4/debug/libksdk_platform.a(fsl_clock_MKL25Z4.o)
                0x00002320                CLOCK_SYS_GetLpsciFreq
 .text.CLOCK_SYS_GetUartFreq
                0x00002388       0x2c C:/Freescale/KSDK_1.3.0/examples/frdmkl25z/demo_apps/hello_world/kds/../../../../../lib/ksdk_platform_lib/kds/KL25Z4/debug/libksdk_platform.a(fsl_clock_MKL25Z4.o)
                0x00002388                CLOCK_SYS_GetUartFreq
 .text.CLOCK_SYS_EnablePortClock
                0x000023b4       0x4c C:/Freescale/KSDK_1.3.0/examples/frdmkl25z/demo_apps/hello_world/kds/../../../../../lib/ksdk_platform_lib/kds/KL25Z4/debug/libksdk_platform.a(fsl_clock_MKL25Z4.o)
                0x000023b4                CLOCK_SYS_EnablePortClock
 .text.CLOCK_SYS_EnableLpsciClock
                0x00002400       0x40 C:/Freescale/KSDK_1.3.0/examples/frdmkl25z/demo_apps/hello_world/kds/../../../../../lib/ksdk_platform_lib/kds/KL25Z4/debug/libksdk_platform.a(fsl_clock_MKL25Z4.o)
                0x00002400                CLOCK_SYS_EnableLpsciClock
 .text.CLOCK_SYS_EnableUartClock
                0x00002440       0x4c C:/Freescale/KSDK_1.3.0/examples/frdmkl25z/demo_apps/hello_world/kds/../../../../../lib/ksdk_platform_lib/kds/KL25Z4/debug/libksdk_platform.a(fsl_clock_MKL25Z4.o)
                0x00002440                CLOCK_SYS_EnableUartClock
 .text.CLOCK_HAL_SetClkOutSrc
                0x0000248c       0x28 C:/Freescale/KSDK_1.3.0/examples/frdmkl25z/demo_apps/hello_world/kds/../../../../../lib/ksdk_platform_lib/kds/KL25Z4/debug/libksdk_platform.a(fsl_clock_manager.o)
 .text.CLOCK_HAL_SetClksFrdivIrefs
                0x000024b4       0x60 C:/Freescale/KSDK_1.3.0/examples/frdmkl25z/demo_apps/hello_world/kds/../../../../../lib/ksdk_platform_lib/kds/KL25Z4/debug/libksdk_platform.a(fsl_clock_manager.o)
 .text.CLOCK_HAL_GetClkOutStat
                0x00002514       0x20 C:/Freescale/KSDK_1.3.0/examples/frdmkl25z/demo_apps/hello_world/kds/../../../../../lib/ksdk_platform_lib/kds/KL25Z4/debug/libksdk_platform.a(fsl_clock_manager.o)
 .text.CLOCK_HAL_GetFllSrc
                0x00002534       0x20 C:/Freescale/KSDK_1.3.0/examples/frdmkl25z/demo_apps/hello_world/kds/../../../../../lib/ksdk_platform_lib/kds/KL25Z4/debug/libksdk_platform.a(fsl_clock_manager.o)
 .text.CLOCK_HAL_IsOsc0Stable
                0x00002554       0x24 C:/Freescale/KSDK_1.3.0/examples/frdmkl25z/demo_apps/hello_world/kds/../../../../../lib/ksdk_platform_lib/kds/KL25Z4/debug/libksdk_platform.a(fsl_clock_manager.o)
 .text.OSC_HAL_SetExternalRefClkCmd
                0x00002578       0x28 C:/Freescale/KSDK_1.3.0/examples/frdmkl25z/demo_apps/hello_world/kds/../../../../../lib/ksdk_platform_lib/kds/KL25Z4/debug/libksdk_platform.a(fsl_clock_manager.o)
 .text.OSC_HAL_SetExternalRefClkInStopModeCmd
                0x000025a0       0x28 C:/Freescale/KSDK_1.3.0/examples/frdmkl25z/demo_apps/hello_world/kds/../../../../../lib/ksdk_platform_lib/kds/KL25Z4/debug/libksdk_platform.a(fsl_clock_manager.o)
 .text.CLOCK_SYS_BootToPee
                0x000025c8       0xd0 C:/Freescale/KSDK_1.3.0/examples/frdmkl25z/demo_apps/hello_world/kds/../../../../../lib/ksdk_platform_lib/kds/KL25Z4/debug/libksdk_platform.a(fsl_clock_manager.o)
                0x000025c8                CLOCK_SYS_BootToPee
 .text.CLOCK_SYS_OscInit
                0x00002698       0xf0 C:/Freescale/KSDK_1.3.0/examples/frdmkl25z/demo_apps/hello_world/kds/../../../../../lib/ksdk_platform_lib/kds/KL25Z4/debug/libksdk_platform.a(fsl_clock_manager.o)
                0x00002698                CLOCK_SYS_OscInit
 .text.CLOCK_SYS_SetOscerConfigration
                0x00002788       0x3c C:/Freescale/KSDK_1.3.0/examples/frdmkl25z/demo_apps/hello_world/kds/../../../../../lib/ksdk_platform_lib/kds/KL25Z4/debug/libksdk_platform.a(fsl_clock_manager.o)
                0x00002788                CLOCK_SYS_SetOscerConfigration
 .text.CLOCK_HAL_SetOutDiv
                0x000027c4       0x50 C:/Freescale/KSDK_1.3.0/examples/frdmkl25z/demo_apps/hello_world/kds/../../../../../lib/ksdk_platform_lib/kds/KL25Z4/debug/libksdk_platform.a(fsl_sim_hal_MKL25Z4.o)
                0x000027c4                CLOCK_HAL_SetOutDiv
 .text.OSC_HAL_SetCapacitor
                0x00002814       0x28 C:/Freescale/KSDK_1.3.0/examples/frdmkl25z/demo_apps/hello_world/kds/../../../../../lib/ksdk_platform_lib/kds/KL25Z4/debug/libksdk_platform.a(fsl_osc_hal.o)
                0x00002814                OSC_HAL_SetCapacitor
 .text.CLOCK_HAL_GetClkOutStat
                0x0000283c       0x20 C:/Freescale/KSDK_1.3.0/examples/frdmkl25z/demo_apps/hello_world/kds/../../../../../lib/ksdk_platform_lib/kds/KL25Z4/debug/libksdk_platform.a(fsl_mcg_hal.o)
 .text.CLOCK_HAL_SetInternalRefClkMode
                0x0000285c       0x24 C:/Freescale/KSDK_1.3.0/examples/frdmkl25z/demo_apps/hello_world/kds/../../../../../lib/ksdk_platform_lib/kds/KL25Z4/debug/libksdk_platform.a(fsl_mcg_hal.o)
 .text.CLOCK_HAL_GetInternalRefClkMode
                0x00002880       0x20 C:/Freescale/KSDK_1.3.0/examples/frdmkl25z/demo_apps/hello_world/kds/../../../../../lib/ksdk_platform_lib/kds/KL25Z4/debug/libksdk_platform.a(fsl_mcg_hal.o)
 .text.CLOCK_HAL_IsPllSelected
                0x000028a0       0x24 C:/Freescale/KSDK_1.3.0/examples/frdmkl25z/demo_apps/hello_world/kds/../../../../../lib/ksdk_platform_lib/kds/KL25Z4/debug/libksdk_platform.a(fsl_mcg_hal.o)
 .text.CLOCK_HAL_IsOsc0Stable
                0x000028c4       0x24 C:/Freescale/KSDK_1.3.0/examples/frdmkl25z/demo_apps/hello_world/kds/../../../../../lib/ksdk_platform_lib/kds/KL25Z4/debug/libksdk_platform.a(fsl_mcg_hal.o)
 .text.CLOCK_HAL_PrepareOsc
                0x000028e8       0x3c C:/Freescale/KSDK_1.3.0/examples/frdmkl25z/demo_apps/hello_world/kds/../../../../../lib/ksdk_platform_lib/kds/KL25Z4/debug/libksdk_platform.a(fsl_mcg_hal.o)
                0x000028e8                CLOCK_HAL_PrepareOsc
 .text.CLOCK_HAL_GetMcgExternalClkFreq
                0x00002924       0x18 C:/Freescale/KSDK_1.3.0/examples/frdmkl25z/demo_apps/hello_world/kds/../../../../../lib/ksdk_platform_lib/kds/KL25Z4/debug/libksdk_platform.a(fsl_mcg_hal.o)
 .text.CLOCK_HAL_TestFllExternalRefFreq
                0x0000293c       0x7c C:/Freescale/KSDK_1.3.0/examples/frdmkl25z/demo_apps/hello_world/kds/../../../../../lib/ksdk_platform_lib/kds/KL25Z4/debug/libksdk_platform.a(fsl_mcg_hal.o)
                0x0000293c                CLOCK_HAL_TestFllExternalRefFreq
 .text.CLOCK_HAL_GetFllRefClk
                0x000029b8       0x8c C:/Freescale/KSDK_1.3.0/examples/frdmkl25z/demo_apps/hello_world/kds/../../../../../lib/ksdk_platform_lib/kds/KL25Z4/debug/libksdk_platform.a(fsl_mcg_hal.o)
                0x000029b8                CLOCK_HAL_GetFllRefClk
 .text.CLOCK_HAL_TestFllFreq
                0x00002a44       0x6c C:/Freescale/KSDK_1.3.0/examples/frdmkl25z/demo_apps/hello_world/kds/../../../../../lib/ksdk_platform_lib/kds/KL25Z4/debug/libksdk_platform.a(fsl_mcg_hal.o)
                0x00002a44                CLOCK_HAL_TestFllFreq
 .text.CLOCK_HAL_GetFllClk
                0x00002ab0       0x7c C:/Freescale/KSDK_1.3.0/examples/frdmkl25z/demo_apps/hello_world/kds/../../../../../lib/ksdk_platform_lib/kds/KL25Z4/debug/libksdk_platform.a(fsl_mcg_hal.o)
                0x00002ab0                CLOCK_HAL_GetFllClk
 .text.CLOCK_HAL_UpdateFastClkInternalRefDiv
                0x00002b2c       0xb8 C:/Freescale/KSDK_1.3.0/examples/frdmkl25z/demo_apps/hello_world/kds/../../../../../lib/ksdk_platform_lib/kds/KL25Z4/debug/libksdk_platform.a(fsl_mcg_hal.o)
                0x00002b2c                CLOCK_HAL_UpdateFastClkInternalRefDiv
 .text.CLOCK_HAL_UpdateInternalRefClk
                0x00002be4       0x8c C:/Freescale/KSDK_1.3.0/examples/frdmkl25z/demo_apps/hello_world/kds/../../../../../lib/ksdk_platform_lib/kds/KL25Z4/debug/libksdk_platform.a(fsl_mcg_hal.o)
                0x00002be4                CLOCK_HAL_UpdateInternalRefClk
 .text.CLOCK_HAL_GetPll0RefFreq
                0x00002c70       0x1c C:/Freescale/KSDK_1.3.0/examples/frdmkl25z/demo_apps/hello_world/kds/../../../../../lib/ksdk_platform_lib/kds/KL25Z4/debug/libksdk_platform.a(fsl_mcg_hal.o)
                0x00002c70                CLOCK_HAL_GetPll0RefFreq
 .text.CLOCK_HAL_GetPll0Clk
                0x00002c8c       0x90 C:/Freescale/KSDK_1.3.0/examples/frdmkl25z/demo_apps/hello_world/kds/../../../../../lib/ksdk_platform_lib/kds/KL25Z4/debug/libksdk_platform.a(fsl_mcg_hal.o)
                0x00002c8c                CLOCK_HAL_GetPll0Clk
 .text.CLOCK_HAL_GetInternalRefClk
                0x00002d1c       0x64 C:/Freescale/KSDK_1.3.0/examples/frdmkl25z/demo_apps/hello_world/kds/../../../../../lib/ksdk_platform_lib/kds/KL25Z4/debug/libksdk_platform.a(fsl_mcg_hal.o)
                0x00002d1c                CLOCK_HAL_GetInternalRefClk
 .text.CLOCK_HAL_GetOutClk
                0x00002d80       0x7c C:/Freescale/KSDK_1.3.0/examples/frdmkl25z/demo_apps/hello_world/kds/../../../../../lib/ksdk_platform_lib/kds/KL25Z4/debug/libksdk_platform.a(fsl_mcg_hal.o)
                0x00002d80                CLOCK_HAL_GetOutClk
 .text.CLOCK_HAL_SetOsc0Mode
                0x00002dfc       0x68 C:/Freescale/KSDK_1.3.0/examples/frdmkl25z/demo_apps/hello_world/kds/../../../../../lib/ksdk_platform_lib/kds/KL25Z4/debug/libksdk_platform.a(fsl_mcg_hal.o)
                0x00002dfc                CLOCK_HAL_SetOsc0Mode
 .text.CLOCK_HAL_GetClkOutStat
                0x00002e64       0x20 C:/Freescale/KSDK_1.3.0/examples/frdmkl25z/demo_apps/hello_world/kds/../../../../../lib/ksdk_platform_lib/kds/KL25Z4/debug/libksdk_platform.a(fsl_mcg_hal_modes.o)
 .text.CLOCK_HAL_SetPll0EnableCmd
                0x00002e84       0x28 C:/Freescale/KSDK_1.3.0/examples/frdmkl25z/demo_apps/hello_world/kds/../../../../../lib/ksdk_platform_lib/kds/KL25Z4/debug/libksdk_platform.a(fsl_mcg_hal_modes.o)
 .text.CLOCK_HAL_IsPll0Locked
                0x00002eac       0x24 C:/Freescale/KSDK_1.3.0/examples/frdmkl25z/demo_apps/hello_world/kds/../../../../../lib/ksdk_platform_lib/kds/KL25Z4/debug/libksdk_platform.a(fsl_mcg_hal_modes.o)
 .text.CLOCK_HAL_IsPllSelected
                0x00002ed0       0x24 C:/Freescale/KSDK_1.3.0/examples/frdmkl25z/demo_apps/hello_world/kds/../../../../../lib/ksdk_platform_lib/kds/KL25Z4/debug/libksdk_platform.a(fsl_mcg_hal_modes.o)
 .text.CLOCK_HAL_SetPbeMode
                0x00002ef4      0x100 C:/Freescale/KSDK_1.3.0/examples/frdmkl25z/demo_apps/hello_world/kds/../../../../../lib/ksdk_platform_lib/kds/KL25Z4/debug/libksdk_platform.a(fsl_mcg_hal_modes.o)
                0x00002ef4                CLOCK_HAL_SetPbeMode
 .text.GPIO_HAL_SetPinDir
                0x00002ff4       0x6c C:/Freescale/KSDK_1.3.0/examples/frdmkl25z/demo_apps/hello_world/kds/../../../../../lib/ksdk_platform_lib/kds/KL25Z4/debug/libksdk_platform.a(fsl_gpio_hal.o)
                0x00002ff4                GPIO_HAL_SetPinDir
 .text.GPIO_HAL_WritePinOutput
                0x00003060       0x50 C:/Freescale/KSDK_1.3.0/examples/frdmkl25z/demo_apps/hello_world/kds/../../../../../lib/ksdk_platform_lib/kds/KL25Z4/debug/libksdk_platform.a(fsl_gpio_hal.o)
                0x00003060                GPIO_HAL_WritePinOutput
 .text.__assert_func
                0x000030b0       0x3c c:/freescale/kds_v3/toolchain/bin/../lib/gcc/arm-none-eabi/4.8.4/../../../../arm-none-eabi/lib/armv6-m\libg_s.a(lib_a-assert.o)
                0x000030b0                __assert_func
 .text.__errno  0x000030ec        0xc c:/freescale/kds_v3/toolchain/bin/../lib/gcc/arm-none-eabi/4.8.4/../../../../arm-none-eabi/lib/armv6-m\libg_s.a(lib_a-errno.o)
                0x000030ec                __errno
 .text.exit     0x000030f8       0x2c c:/freescale/kds_v3/toolchain/bin/../lib/gcc/arm-none-eabi/4.8.4/../../../../arm-none-eabi/lib/armv6-m\libg_s.a(lib_a-exit.o)
                0x000030f8                exit
 .text.fprintf  0x00003124       0x24 c:/freescale/kds_v3/toolchain/bin/../lib/gcc/arm-none-eabi/4.8.4/../../../../arm-none-eabi/lib/armv6-m\libg_s.a(lib_a-fprintf.o)
                0x00003124                fiprintf
                0x00003124                fprintf
 .text.__libc_init_array
                0x00003148       0x4c c:/freescale/kds_v3/toolchain/bin/../lib/gcc/arm-none-eabi/4.8.4/../../../../arm-none-eabi/lib/armv6-m\libg_s.a(lib_a-init.o)
                0x00003148                __libc_init_array
 .text.malloc   0x00003194       0x14 c:/freescale/kds_v3/toolchain/bin/../lib/gcc/arm-none-eabi/4.8.4/../../../../arm-none-eabi/lib/armv6-m\libg_s.a(lib_a-malloc.o)
                0x00003194                malloc
 .text.memset   0x000031a8       0x10 c:/freescale/kds_v3/toolchain/bin/../lib/gcc/arm-none-eabi/4.8.4/../../../../arm-none-eabi/lib/armv6-m\libg_s.a(lib_a-memset.o)
                0x000031a8                memset
 .text._free_r  0x000031b8       0x90 c:/freescale/kds_v3/toolchain/bin/../lib/gcc/arm-none-eabi/4.8.4/../../../../arm-none-eabi/lib/armv6-m\libg_s.a(lib_a-nano-freer.o)
                0x000031b8                _free_r
 .text._malloc_r
                0x00003248       0xa8 c:/freescale/kds_v3/toolchain/bin/../lib/gcc/arm-none-eabi/4.8.4/../../../../arm-none-eabi/lib/armv6-m\libg_s.a(lib_a-nano-mallocr.o)
                0x00003248                _malloc_r
 .text._sbrk_r  0x000032f0       0x24 c:/freescale/kds_v3/toolchain/bin/../lib/gcc/arm-none-eabi/4.8.4/../../../../arm-none-eabi/lib/armv6-m\libg_s.a(lib_a-sbrkr.o)
                0x000032f0                _sbrk_r
 .text.strlen   0x00003314        0xe c:/freescale/kds_v3/toolchain/bin/../lib/gcc/arm-none-eabi/4.8.4/../../../../arm-none-eabi/lib/armv6-m\libg_s.a(lib_a-strlen.o)
                0x00003314                strlen
 .text.__sfputc_r
                0x00003322       0x2a c:/freescale/kds_v3/toolchain/bin/../lib/gcc/arm-none-eabi/4.8.4/../../../../arm-none-eabi/lib/armv6-m\libg_s.a(lib_a-vfprintf.o)
 .text.__sfputs_r
                0x0000334c       0x24 c:/freescale/kds_v3/toolchain/bin/../lib/gcc/arm-none-eabi/4.8.4/../../../../arm-none-eabi/lib/armv6-m\libg_s.a(lib_a-vfprintf.o)
                0x0000334c                __sfputs_r
 .text._vfprintf_r
                0x00003370      0x210 c:/freescale/kds_v3/toolchain/bin/../lib/gcc/arm-none-eabi/4.8.4/../../../../arm-none-eabi/lib/armv6-m\libg_s.a(lib_a-vfprintf.o)
                0x00003370                _vfprintf_r
                0x00003370                _vfiprintf_r
 .text._printf_common
                0x00003580       0xe8 c:/freescale/kds_v3/toolchain/bin/../lib/gcc/arm-none-eabi/4.8.4/../../../../arm-none-eabi/lib/armv6-m\libg_s.a(lib_a-vfprintf_i.o)
                0x00003580                _printf_common
 .text._printf_i
                0x00003668      0x22c c:/freescale/kds_v3/toolchain/bin/../lib/gcc/arm-none-eabi/4.8.4/../../../../arm-none-eabi/lib/armv6-m\libg_s.a(lib_a-vfprintf_i.o)
                0x00003668                _printf_i
 .text.__swbuf_r
                0x00003894       0xb0 c:/freescale/kds_v3/toolchain/bin/../lib/gcc/arm-none-eabi/4.8.4/../../../../arm-none-eabi/lib/armv6-m\libg_s.a(lib_a-wbuf.o)
                0x00003894                __swbuf_r
 .text.__swsetup_r
                0x00003944       0xe4 c:/freescale/kds_v3/toolchain/bin/../lib/gcc/arm-none-eabi/4.8.4/../../../../arm-none-eabi/lib/armv6-m\libg_s.a(lib_a-wsetup.o)
                0x00003944                __swsetup_r
 .text.abort    0x00003a28        0xe c:/freescale/kds_v3/toolchain/bin/../lib/gcc/arm-none-eabi/4.8.4/../../../../arm-none-eabi/lib/armv6-m\libg_s.a(lib_a-abort.o)
                0x00003a28                abort
 .text.__sflush_r
                0x00003a36      0x112 c:/freescale/kds_v3/toolchain/bin/../lib/gcc/arm-none-eabi/4.8.4/../../../../arm-none-eabi/lib/armv6-m\libg_s.a(lib_a-fflush.o)
                0x00003a36                __sflush_r
 .text._fflush_r
                0x00003b48       0x58 c:/freescale/kds_v3/toolchain/bin/../lib/gcc/arm-none-eabi/4.8.4/../../../../arm-none-eabi/lib/armv6-m\libg_s.a(lib_a-fflush.o)
                0x00003b48                _fflush_r
 .text._cleanup_r
                0x00003ba0       0x34 c:/freescale/kds_v3/toolchain/bin/../lib/gcc/arm-none-eabi/4.8.4/../../../../arm-none-eabi/lib/armv6-m\libg_s.a(lib_a-findfp.o)
                0x00003ba0                _cleanup_r
 .text.std.isra.0
                0x00003bd4       0x48 c:/freescale/kds_v3/toolchain/bin/../lib/gcc/arm-none-eabi/4.8.4/../../../../arm-none-eabi/lib/armv6-m\libg_s.a(lib_a-findfp.o)
 .text.__sfmoreglue
                0x00003c1c       0x2c c:/freescale/kds_v3/toolchain/bin/../lib/gcc/arm-none-eabi/4.8.4/../../../../arm-none-eabi/lib/armv6-m\libg_s.a(lib_a-findfp.o)
                0x00003c1c                __sfmoreglue
 .text.__sinit  0x00003c48       0x64 c:/freescale/kds_v3/toolchain/bin/../lib/gcc/arm-none-eabi/4.8.4/../../../../arm-none-eabi/lib/armv6-m\libg_s.a(lib_a-findfp.o)
                0x00003c48                __sinit
 .text.__sfp    0x00003cac       0x7c c:/freescale/kds_v3/toolchain/bin/../lib/gcc/arm-none-eabi/4.8.4/../../../../arm-none-eabi/lib/armv6-m\libg_s.a(lib_a-findfp.o)
                0x00003cac                __sfp
 .text.__smakebuf_r
                0x00003d28       0xa0 c:/freescale/kds_v3/toolchain/bin/../lib/gcc/arm-none-eabi/4.8.4/../../../../arm-none-eabi/lib/armv6-m\libg_s.a(lib_a-makebuf.o)
                0x00003d28                __smakebuf_r
 .text.memchr   0x00003dc8       0x16 c:/freescale/kds_v3/toolchain/bin/../lib/gcc/arm-none-eabi/4.8.4/../../../../arm-none-eabi/lib/armv6-m\libg_s.a(lib_a-memchr-stub.o)
                0x00003dc8                memchr
 .text._raise_r
                0x00003dde       0x56 c:/freescale/kds_v3/toolchain/bin/../lib/gcc/arm-none-eabi/4.8.4/../../../../arm-none-eabi/lib/armv6-m\libg_s.a(lib_a-signal.o)
                0x00003dde                _raise_r
 .text.raise    0x00003e34       0x14 c:/freescale/kds_v3/toolchain/bin/../lib/gcc/arm-none-eabi/4.8.4/../../../../arm-none-eabi/lib/armv6-m\libg_s.a(lib_a-signal.o)
                0x00003e34                raise
 .text._kill_r  0x00003e48       0x24 c:/freescale/kds_v3/toolchain/bin/../lib/gcc/arm-none-eabi/4.8.4/../../../../arm-none-eabi/lib/armv6-m\libg_s.a(lib_a-signalr.o)
                0x00003e48                _kill_r
 .text._getpid_r
                0x00003e6c        0x8 c:/freescale/kds_v3/toolchain/bin/../lib/gcc/arm-none-eabi/4.8.4/../../../../arm-none-eabi/lib/armv6-m\libg_s.a(lib_a-signalr.o)
                0x00003e6c                _getpid_r
 .text.__sread  0x00003e74       0x28 c:/freescale/kds_v3/toolchain/bin/../lib/gcc/arm-none-eabi/4.8.4/../../../../arm-none-eabi/lib/armv6-m\libg_s.a(lib_a-stdio.o)
                0x00003e74                __sread
 .text.__swrite
                0x00003e9c       0x38 c:/freescale/kds_v3/toolchain/bin/../lib/gcc/arm-none-eabi/4.8.4/../../../../arm-none-eabi/lib/armv6-m\libg_s.a(lib_a-stdio.o)
                0x00003e9c                __swrite
 .text.__sseek  0x00003ed4       0x2c c:/freescale/kds_v3/toolchain/bin/../lib/gcc/arm-none-eabi/4.8.4/../../../../arm-none-eabi/lib/armv6-m\libg_s.a(lib_a-stdio.o)
                0x00003ed4                __sseek
 .text.__sclose
                0x00003f00        0xc c:/freescale/kds_v3/toolchain/bin/../lib/gcc/arm-none-eabi/4.8.4/../../../../arm-none-eabi/lib/armv6-m\libg_s.a(lib_a-stdio.o)
                0x00003f00                __sclose
 .text._write_r
                0x00003f0c       0x28 c:/freescale/kds_v3/toolchain/bin/../lib/gcc/arm-none-eabi/4.8.4/../../../../arm-none-eabi/lib/armv6-m\libg_s.a(lib_a-writer.o)
                0x00003f0c                _write_r
 .text._close_r
                0x00003f34       0x24 c:/freescale/kds_v3/toolchain/bin/../lib/gcc/arm-none-eabi/4.8.4/../../../../arm-none-eabi/lib/armv6-m\libg_s.a(lib_a-closer.o)
                0x00003f34                _close_r
 .text._fstat_r
                0x00003f58       0x24 c:/freescale/kds_v3/toolchain/bin/../lib/gcc/arm-none-eabi/4.8.4/../../../../arm-none-eabi/lib/armv6-m\libg_s.a(lib_a-fstatr.o)
                0x00003f58                _fstat_r
 .text._isatty_r
                0x00003f7c       0x24 c:/freescale/kds_v3/toolchain/bin/../lib/gcc/arm-none-eabi/4.8.4/../../../../arm-none-eabi/lib/armv6-m\libg_s.a(lib_a-isattyr.o)
                0x00003f7c                _isatty_r
 .text._lseek_r
                0x00003fa0       0x28 c:/freescale/kds_v3/toolchain/bin/../lib/gcc/arm-none-eabi/4.8.4/../../../../arm-none-eabi/lib/armv6-m\libg_s.a(lib_a-lseekr.o)
                0x00003fa0                _lseek_r
 .text._read_r  0x00003fc8       0x28 c:/freescale/kds_v3/toolchain/bin/../lib/gcc/arm-none-eabi/4.8.4/../../../../arm-none-eabi/lib/armv6-m\libg_s.a(lib_a-readr.o)
                0x00003fc8                _read_r
 .text._close   0x00003ff0       0x10 c:/freescale/kds_v3/toolchain/bin/../lib/gcc/arm-none-eabi/4.8.4/../../../../arm-none-eabi/lib/armv6-m\libnosys.a(close.o)
                0x00003ff0                _close
 .text._fstat   0x00004000       0x10 c:/freescale/kds_v3/toolchain/bin/../lib/gcc/arm-none-eabi/4.8.4/../../../../arm-none-eabi/lib/armv6-m\libnosys.a(fstat.o)
                0x00004000                _fstat
 .text._getpid  0x00004010       0x10 c:/freescale/kds_v3/toolchain/bin/../lib/gcc/arm-none-eabi/4.8.4/../../../../arm-none-eabi/lib/armv6-m\libnosys.a(getpid.o)
                0x00004010                _getpid
 .text._isatty  0x00004020       0x10 c:/freescale/kds_v3/toolchain/bin/../lib/gcc/arm-none-eabi/4.8.4/../../../../arm-none-eabi/lib/armv6-m\libnosys.a(isatty.o)
                0x00004020                _isatty
 .text._kill    0x00004030       0x10 c:/freescale/kds_v3/toolchain/bin/../lib/gcc/arm-none-eabi/4.8.4/../../../../arm-none-eabi/lib/armv6-m\libnosys.a(kill.o)
                0x00004030                _kill
 .text._lseek   0x00004040       0x10 c:/freescale/kds_v3/toolchain/bin/../lib/gcc/arm-none-eabi/4.8.4/../../../../arm-none-eabi/lib/armv6-m\libnosys.a(lseek.o)
                0x00004040                _lseek
 .text._exit    0x00004050        0x4 c:/freescale/kds_v3/toolchain/bin/../lib/gcc/arm-none-eabi/4.8.4/../../../../arm-none-eabi/lib/armv6-m\libnosys.a(_exit.o)
                0x00004050                _exit
 *(.rodata)
 .rodata        0x00004054        0xc ./utilities/fsl_debug_console.o
 .rodata        0x00004060       0x4c ./src/circbuff.o
 .rodata        0x000040ac       0xd4 ./source/main.o
 .rodata        0x00004180       0x40 ./board/board.o
 .rodata        0x000041c0       0x40 ./board/pin_mux.o
 .rodata        0x00004200      0x124 C:/Freescale/KSDK_1.3.0/examples/frdmkl25z/demo_apps/hello_world/kds/../../../../../lib/ksdk_platform_lib/kds/KL25Z4/debug/libksdk_platform.a(fsl_lptmr_driver.o)
 .rodata        0x00004324       0xf0 C:/Freescale/KSDK_1.3.0/examples/frdmkl25z/demo_apps/hello_world/kds/../../../../../lib/ksdk_platform_lib/kds/KL25Z4/debug/libksdk_platform.a(fsl_gpio_driver.o)
 .rodata        0x00004414      0x22c C:/Freescale/KSDK_1.3.0/examples/frdmkl25z/demo_apps/hello_world/kds/../../../../../lib/ksdk_platform_lib/kds/KL25Z4/debug/libksdk_platform.a(fsl_clock_MKL25Z4.o)
 .rodata        0x00004640       0xcc C:/Freescale/KSDK_1.3.0/examples/frdmkl25z/demo_apps/hello_world/kds/../../../../../lib/ksdk_platform_lib/kds/KL25Z4/debug/libksdk_platform.a(fsl_clock_manager.o)
 .rodata        0x0000470c       0x4c C:/Freescale/KSDK_1.3.0/examples/frdmkl25z/demo_apps/hello_world/kds/../../../../../lib/ksdk_platform_lib/kds/KL25Z4/debug/libksdk_platform.a(fsl_gpio_hal.o)
 *(.rodata*)
 .rodata._doprint
                0x00004758       0xc8 ./utilities/print_scan.o
 .rodata.g_defaultClockConfigRun
                0x00004820       0x14 ./board/board.o
                0x00004820                g_defaultClockConfigRun
 .rodata.__func__.4998
                0x00004834       0x14 ./board/board.o
 .rodata.__func__.4978
                0x00004848       0x14 ./board/pin_mux.o
 .rodata.__func__.6578
                0x0000485c       0x18 C:/Freescale/KSDK_1.3.0/examples/frdmkl25z/demo_apps/hello_world/kds/../../../../../lib/ksdk_platform_lib/kds/KL25Z4/debug/libksdk_platform.a(fsl_lptmr_driver.o)
 .rodata.__func__.4978
                0x00004874       0x14 C:/Freescale/KSDK_1.3.0/examples/frdmkl25z/demo_apps/hello_world/kds/../../../../../lib/ksdk_platform_lib/kds/KL25Z4/debug/libksdk_platform.a(fsl_gpio_driver.o)
 .rodata.__func__.4960
                0x00004888       0x1c C:/Freescale/KSDK_1.3.0/examples/frdmkl25z/demo_apps/hello_world/kds/../../../../../lib/ksdk_platform_lib/kds/KL25Z4/debug/libksdk_platform.a(fsl_gpio_driver.o)
 .rodata.__func__.4972
                0x000048a4       0x20 C:/Freescale/KSDK_1.3.0/examples/frdmkl25z/demo_apps/hello_world/kds/../../../../../lib/ksdk_platform_lib/kds/KL25Z4/debug/libksdk_platform.a(fsl_gpio_driver.o)
 .rodata.portGateTable
                0x000048c4        0x8 C:/Freescale/KSDK_1.3.0/examples/frdmkl25z/demo_apps/hello_world/kds/../../../../../lib/ksdk_platform_lib/kds/KL25Z4/debug/libksdk_platform.a(fsl_clock_MKL25Z4.o)
 .rodata.uartGateTable
                0x000048cc        0x4 C:/Freescale/KSDK_1.3.0/examples/frdmkl25z/demo_apps/hello_world/kds/../../../../../lib/ksdk_platform_lib/kds/KL25Z4/debug/libksdk_platform.a(fsl_clock_MKL25Z4.o)
 .rodata.__func__.6456
                0x000048d0       0x1c C:/Freescale/KSDK_1.3.0/examples/frdmkl25z/demo_apps/hello_world/kds/../../../../../lib/ksdk_platform_lib/kds/KL25Z4/debug/libksdk_platform.a(fsl_clock_MKL25Z4.o)
 .rodata.__func__.6529
                0x000048ec       0x1c C:/Freescale/KSDK_1.3.0/examples/frdmkl25z/demo_apps/hello_world/kds/../../../../../lib/ksdk_platform_lib/kds/KL25Z4/debug/libksdk_platform.a(fsl_clock_MKL25Z4.o)
 .rodata.__func__.6534
                0x00004908       0x1c C:/Freescale/KSDK_1.3.0/examples/frdmkl25z/demo_apps/hello_world/kds/../../../../../lib/ksdk_platform_lib/kds/KL25Z4/debug/libksdk_platform.a(fsl_clock_MKL25Z4.o)
 .rodata.__func__.6614
                0x00004924       0x14 C:/Freescale/KSDK_1.3.0/examples/frdmkl25z/demo_apps/hello_world/kds/../../../../../lib/ksdk_platform_lib/kds/KL25Z4/debug/libksdk_platform.a(fsl_clock_manager.o)
 .rodata.g_oscBase
                0x00004938        0x4 C:/Freescale/KSDK_1.3.0/examples/frdmkl25z/demo_apps/hello_world/kds/../../../../../lib/ksdk_platform_lib/kds/KL25Z4/debug/libksdk_platform.a(fsl_clock_manager_common.o)
                0x00004938                g_oscBase
 .rodata.fllFactorTable.5209
                0x0000493c       0x10 C:/Freescale/KSDK_1.3.0/examples/frdmkl25z/demo_apps/hello_world/kds/../../../../../lib/ksdk_platform_lib/kds/KL25Z4/debug/libksdk_platform.a(fsl_mcg_hal.o)
 .rodata.g_lptmrBase
                0x0000494c        0x4 C:/Freescale/KSDK_1.3.0/examples/frdmkl25z/demo_apps/hello_world/kds/../../../../../lib/ksdk_platform_lib/kds/KL25Z4/debug/libksdk_platform.a(fsl_lptmr_common.o)
                0x0000494c                g_lptmrBase
 .rodata.__func__.5059
                0x00004950       0x14 C:/Freescale/KSDK_1.3.0/examples/frdmkl25z/demo_apps/hello_world/kds/../../../../../lib/ksdk_platform_lib/kds/KL25Z4/debug/libksdk_platform.a(fsl_gpio_hal.o)
 .rodata.__func__.5065
                0x00004964       0x18 C:/Freescale/KSDK_1.3.0/examples/frdmkl25z/demo_apps/hello_world/kds/../../../../../lib/ksdk_platform_lib/kds/KL25Z4/debug/libksdk_platform.a(fsl_gpio_hal.o)
 .rodata.g_gpioBase
                0x0000497c       0x14 C:/Freescale/KSDK_1.3.0/examples/frdmkl25z/demo_apps/hello_world/kds/../../../../../lib/ksdk_platform_lib/kds/KL25Z4/debug/libksdk_platform.a(fsl_gpio_common.o)
                0x0000497c                g_gpioBase
 .rodata.g_portBase
                0x00004990       0x14 C:/Freescale/KSDK_1.3.0/examples/frdmkl25z/demo_apps/hello_world/kds/../../../../../lib/ksdk_platform_lib/kds/KL25Z4/debug/libksdk_platform.a(fsl_gpio_common.o)
                0x00004990                g_portBase
 .rodata.str1.1
                0x000049a4       0x3c c:/freescale/kds_v3/toolchain/bin/../lib/gcc/arm-none-eabi/4.8.4/../../../../arm-none-eabi/lib/armv6-m\libg_s.a(lib_a-assert.o)
                                 0x3d (size before relaxing)
 .rodata.str1.1
                0x000049e0        0x2 c:/freescale/kds_v3/toolchain/bin/../lib/gcc/arm-none-eabi/4.8.4/../../../../arm-none-eabi/lib/armv6-m\libg_s.a(lib_a-impure.o)
 *fill*         0x000049e2        0x2 
 .rodata._global_impure_ptr
                0x000049e4        0x4 c:/freescale/kds_v3/toolchain/bin/../lib/gcc/arm-none-eabi/4.8.4/../../../../arm-none-eabi/lib/armv6-m\libg_s.a(lib_a-impure.o)
                0x000049e4                _global_impure_ptr
 .rodata.str1.1
                0x000049e8       0x11 c:/freescale/kds_v3/toolchain/bin/../lib/gcc/arm-none-eabi/4.8.4/../../../../arm-none-eabi/lib/armv6-m\libg_s.a(lib_a-vfprintf.o)
 .rodata.str1.1
                0x000049f9       0x22 c:/freescale/kds_v3/toolchain/bin/../lib/gcc/arm-none-eabi/4.8.4/../../../../arm-none-eabi/lib/armv6-m\libg_s.a(lib_a-vfprintf_i.o)
 *fill*         0x00004a1b        0x1 
 .rodata.__sf_fake_stdin
                0x00004a1c       0x20 c:/freescale/kds_v3/toolchain/bin/../lib/gcc/arm-none-eabi/4.8.4/../../../../arm-none-eabi/lib/armv6-m\libg_s.a(lib_a-findfp.o)
                0x00004a1c                __sf_fake_stdin
 .rodata.__sf_fake_stdout
                0x00004a3c       0x20 c:/freescale/kds_v3/toolchain/bin/../lib/gcc/arm-none-eabi/4.8.4/../../../../arm-none-eabi/lib/armv6-m\libg_s.a(lib_a-findfp.o)
                0x00004a3c                __sf_fake_stdout
 .rodata.__sf_fake_stderr
                0x00004a5c       0x20 c:/freescale/kds_v3/toolchain/bin/../lib/gcc/arm-none-eabi/4.8.4/../../../../arm-none-eabi/lib/armv6-m\libg_s.a(lib_a-findfp.o)
                0x00004a5c                __sf_fake_stderr
 *(.glue_7)
 .glue_7        0x00000000        0x0 linker stubs
 *(.glue_7t)
 .glue_7t       0x00000000        0x0 linker stubs
 *(.eh_frame)
 .eh_frame      0x00004a7c        0x0 c:/freescale/kds_v3/toolchain/bin/../lib/gcc/arm-none-eabi/4.8.4/armv6-m/crtbegin.o
 *(.init)
 .init          0x00004a7c        0x4 c:/freescale/kds_v3/toolchain/bin/../lib/gcc/arm-none-eabi/4.8.4/armv6-m/crti.o
                0x00004a7c                _init
 .init          0x00004a80        0x8 c:/freescale/kds_v3/toolchain/bin/../lib/gcc/arm-none-eabi/4.8.4/armv6-m/crtn.o
 *(.fini)
 .fini          0x00004a88        0x4 c:/freescale/kds_v3/toolchain/bin/../lib/gcc/arm-none-eabi/4.8.4/armv6-m/crti.o
                0x00004a88                _fini
 .fini          0x00004a8c        0x8 c:/freescale/kds_v3/toolchain/bin/../lib/gcc/arm-none-eabi/4.8.4/armv6-m/crtn.o
                0x00004a94                . = ALIGN (0x4)

.vfp11_veneer   0x00004a94        0x0
 .vfp11_veneer  0x00000000        0x0 linker stubs

.v4_bx          0x00004a94        0x0
 .v4_bx         0x00000000        0x0 linker stubs

.iplt           0x00004a94        0x0
 .iplt          0x00000000        0x0 c:/freescale/kds_v3/toolchain/bin/../lib/gcc/arm-none-eabi/4.8.4/armv6-m/crtbegin.o

.ARM.extab
 *(.ARM.extab* .gnu.linkonce.armextab.*)

.ARM            0x00004a94        0x8
                0x00004a94                __exidx_start = .
 *(.ARM.exidx*)
 .ARM.exidx     0x00004a94        0x8 c:/freescale/kds_v3/toolchain/bin/../lib/gcc/arm-none-eabi/4.8.4/../../../../arm-none-eabi/lib/armv6-m/crt0.o
                0x00004a9c                __exidx_end = .

.rel.dyn        0x00004a9c        0x0
 .rel.iplt      0x00000000        0x0 c:/freescale/kds_v3/toolchain/bin/../lib/gcc/arm-none-eabi/4.8.4/armv6-m/crtbegin.o

.ctors          0x00004a9c        0x0
                0x00004a9c                __CTOR_LIST__ = .
 *crtbegin.o(.ctors)
 *crtbegin?.o(.ctors)
 *(EXCLUDE_FILE(*crtend.o *crtend?.o) .ctors)
 *(SORT(.ctors.*))
 *(.ctors)
                0x00004a9c                __CTOR_END__ = .

.dtors          0x00004a9c        0x0
                0x00004a9c                __DTOR_LIST__ = .
 *crtbegin.o(.dtors)
 *crtbegin?.o(.dtors)
 *(EXCLUDE_FILE(*crtend.o *crtend?.o) .dtors)
 *(SORT(.dtors.*))
 *(.dtors)
                0x00004a9c                __DTOR_END__ = .

.preinit_array  0x00004a9c        0x0
                0x00004a9c                PROVIDE (__preinit_array_start, .)
 *(.preinit_array*)
                0x00004a9c                PROVIDE (__preinit_array_end, .)

.init_array     0x00004a9c        0x4
                0x00004a9c                PROVIDE (__init_array_start, .)
 *(SORT(.init_array.*))
 *(.init_array*)
 .init_array    0x00004a9c        0x4 c:/freescale/kds_v3/toolchain/bin/../lib/gcc/arm-none-eabi/4.8.4/armv6-m/crtbegin.o
                0x00004aa0                PROVIDE (__init_array_end, .)

.fini_array     0x00004aa0        0x4
                0x00004aa0                PROVIDE (__fini_array_start, .)
 *(SORT(.fini_array.*))
 *(.fini_array*)
 .fini_array    0x00004aa0        0x4 c:/freescale/kds_v3/toolchain/bin/../lib/gcc/arm-none-eabi/4.8.4/armv6-m/crtbegin.o
                0x00004aa4                PROVIDE (__fini_array_end, .)
                0x00004aa4                __etext = .
                0x00004aa4                __DATA_ROM = .

.mtb            0x1ffff000        0x0
                0x1ffff000                . = ALIGN (0x8)
                0x1ffff000                _mtb_start = .
 *(.mtb_buf)
                0x1ffff000                . = ALIGN (0x8)
                0x1ffff000                _mtb_end = .

.interrupts_ram
                0x1ffff000        0x0
                0x1ffff000                . = ALIGN (0x4)
                0x1ffff000                __VECTOR_RAM__ = .
                0x1ffff000                __interrupts_ram_start__ = .
 *(.m_interrupts_ram)
                0x1ffff000                . = (. + M_VECTOR_RAM_SIZE)
                0x1ffff000                . = ALIGN (0x4)
                0x1ffff000                __interrupts_ram_end__ = .
                0x00000000                __VECTOR_RAM = DEFINED (__ram_vector_table__)?__VECTOR_RAM__:ORIGIN (m_interrupts)
                0x00000000                __RAM_VECTOR_TABLE_SIZE_BYTES = DEFINED (__ram_vector_table__)?(__interrupts_ram_end__ - __interrupts_ram_start__):0x0

.data           0x1ffff000       0xa4 load address 0x00004aa4
                0x1ffff000                . = ALIGN (0x4)
                0x1ffff000                __DATA_RAM = .
                0x1ffff000                __data_start__ = .
 *(.data)
 *(.data*)
 .data.SystemCoreClock
                0x1ffff000        0x4 ./startup/system_MKL25Z4.o
                0x1ffff000                SystemCoreClock
 .data.ledPins  0x1ffff004       0x30 ./board/gpio_pins.o
                0x1ffff004                ledPins
 .data.g_fastInternalRefClkFreq
                0x1ffff034        0x4 C:/Freescale/KSDK_1.3.0/examples/frdmkl25z/demo_apps/hello_world/kds/../../../../../lib/ksdk_platform_lib/kds/KL25Z4/debug/libksdk_platform.a(fsl_mcg_hal.o)
                0x1ffff034                g_fastInternalRefClkFreq
 .data.g_slowInternalRefClkFreq
                0x1ffff038        0x4 C:/Freescale/KSDK_1.3.0/examples/frdmkl25z/demo_apps/hello_world/kds/../../../../../lib/ksdk_platform_lib/kds/KL25Z4/debug/libksdk_platform.a(fsl_mcg_hal.o)
                0x1ffff038                g_slowInternalRefClkFreq
 .data.impure_data
                0x1ffff03c       0x60 c:/freescale/kds_v3/toolchain/bin/../lib/gcc/arm-none-eabi/4.8.4/../../../../arm-none-eabi/lib/armv6-m\libg_s.a(lib_a-impure.o)
 .data._impure_ptr
                0x1ffff09c        0x4 c:/freescale/kds_v3/toolchain/bin/../lib/gcc/arm-none-eabi/4.8.4/../../../../arm-none-eabi/lib/armv6-m\libg_s.a(lib_a-impure.o)
                0x1ffff09c                _impure_ptr
 *(.jcr*)
 .jcr           0x1ffff0a0        0x0 c:/freescale/kds_v3/toolchain/bin/../lib/gcc/arm-none-eabi/4.8.4/armv6-m/crtbegin.o
 .jcr           0x1ffff0a0        0x4 c:/freescale/kds_v3/toolchain/bin/../lib/gcc/arm-none-eabi/4.8.4/armv6-m/crtend.o
                0x1ffff0a4                . = ALIGN (0x4)
                0x1ffff0a4                __data_end__ = .
                0x00004b48                __DATA_END = (__DATA_ROM + (__data_end__ - __data_start__))
                0x00020000                text_end = (ORIGIN (m_text) + 0x1fbf0)
                0x00000001                ASSERT ((__DATA_END <= text_end), region m_text overflowed with text and data)

.igot.plt       0x1ffff0a4        0x0 load address 0x00004b48
 .igot.plt      0x00000000        0x0 c:/freescale/kds_v3/toolchain/bin/../lib/gcc/arm-none-eabi/4.8.4/armv6-m/crtbegin.o

.bss            0x1ffff0a4       0x48 load address 0x00004b48
                0x1ffff0a4                . = ALIGN (0x4)
                0x1ffff0a4                __START_BSS = .
                0x1ffff0a4                __bss_start__ = .
 *(.bss)
 .bss           0x1ffff0a4       0x1c c:/freescale/kds_v3/toolchain/bin/../lib/gcc/arm-none-eabi/4.8.4/armv6-m/crtbegin.o
 *(.bss*)
 .bss.s_debugConsole
                0x1ffff0c0       0x10 ./utilities/fsl_debug_console.o
 .bss.heap_end.5140
                0x1ffff0d0        0x4 ./utilities/fsl_misc_utilities.o
 .bss.receiveBuff
                0x1ffff0d4        0x1 ./src/circbuff.o
                0x1ffff0d4                receiveBuff
 *fill*         0x1ffff0d5        0x1 
 .bss.count     0x1ffff0d6        0x2 ./src/circbuff.o
                0x1ffff0d6                count
 .bss.g_xtal0ClkFreq
                0x1ffff0d8        0x4 C:/Freescale/KSDK_1.3.0/examples/frdmkl25z/demo_apps/hello_world/kds/../../../../../lib/ksdk_platform_lib/kds/KL25Z4/debug/libksdk_platform.a(fsl_mcg_hal.o)
                0x1ffff0d8                g_xtal0ClkFreq
 .bss.g_lptmrStatePtr
                0x1ffff0dc        0x4 C:/Freescale/KSDK_1.3.0/examples/frdmkl25z/demo_apps/hello_world/kds/../../../../../lib/ksdk_platform_lib/kds/KL25Z4/debug/libksdk_platform.a(fsl_lptmr_common.o)
                0x1ffff0dc                g_lptmrStatePtr
 .bss.__malloc_sbrk_start
                0x1ffff0e0        0x4 c:/freescale/kds_v3/toolchain/bin/../lib/gcc/arm-none-eabi/4.8.4/../../../../arm-none-eabi/lib/armv6-m\libg_s.a(lib_a-nano-mallocr.o)
                0x1ffff0e0                __malloc_sbrk_start
 .bss.__malloc_free_list
                0x1ffff0e4        0x4 c:/freescale/kds_v3/toolchain/bin/../lib/gcc/arm-none-eabi/4.8.4/../../../../arm-none-eabi/lib/armv6-m\libg_s.a(lib_a-nano-mallocr.o)
                0x1ffff0e4                __malloc_free_list
 *(COMMON)
 COMMON         0x1ffff0e8        0x4 c:/freescale/kds_v3/toolchain/bin/../lib/gcc/arm-none-eabi/4.8.4/../../../../arm-none-eabi/lib/armv6-m\libg_s.a(lib_a-reent.o)
                0x1ffff0e8                errno
                0x1ffff0ec                . = ALIGN (0x4)
                0x1ffff0ec                __bss_end__ = .
                0x1ffff0ec                __END_BSS = .

.heap           0x1ffff0ec      0x204 load address 0x00004b90
                0x1ffff0f0                . = ALIGN (0x8)
 *fill*         0x1ffff0ec        0x4 
                0x1ffff0f0                __end__ = .
                0x1ffff0f0                PROVIDE (end, .)
                0x1ffff0f0                __HeapBase = .
                0x1ffff2f0                . = (. + HEAP_SIZE)
 *fill*         0x1ffff0f0      0x200 
                0x1ffff2f0                __HeapLimit = .

.stack          0x1ffff2f0      0x400 load address 0x00004d94
                0x1ffff2f0                . = ALIGN (0x8)
                0x1ffff6f0                . = (. + STACK_SIZE)
 *fill*         0x1ffff2f0      0x400 
                0x20003000                __StackTop = (ORIGIN (m_data) + 0x4000)
                0x20002c00                __StackLimit = (__StackTop - STACK_SIZE)
                0x20003000                PROVIDE (__stack, __StackTop)

.ARM.attributes
                0x00000000       0x28
 *(.ARM.attributes)
 .ARM.attributes
                0x00000000       0x1e c:/freescale/kds_v3/toolchain/bin/../lib/gcc/arm-none-eabi/4.8.4/armv6-m/crti.o
 .ARM.attributes
                0x0000001e       0x2c c:/freescale/kds_v3/toolchain/bin/../lib/gcc/arm-none-eabi/4.8.4/armv6-m/crtbegin.o
 .ARM.attributes
                0x0000004a       0x1b c:/freescale/kds_v3/toolchain/bin/../lib/gcc/arm-none-eabi/4.8.4/../../../../arm-none-eabi/lib/armv6-m/crt0.o
 .ARM.attributes
                0x00000065       0x32 ./utilities/fsl_debug_console.o
 .ARM.attributes
                0x00000097       0x32 ./utilities/fsl_misc_utilities.o
 .ARM.attributes
                0x000000c9       0x32 ./utilities/print_scan.o
 .ARM.attributes
                0x000000fb       0x32 ./startup/startup.o
 .ARM.attributes
                0x0000012d       0x1b ./startup/startup_MKL25Z4.o
 .ARM.attributes
                0x00000148       0x32 ./startup/system_MKL25Z4.o
 .ARM.attributes
                0x0000017a       0x32 ./src/circbuff.o
 .ARM.attributes
                0x000001ac       0x32 ./src/lptmr.o
 .ARM.attributes
                0x000001de       0x32 ./source/fsl_lptmr_irq.o
 .ARM.attributes
                0x00000210       0x32 ./source/main.o
 .ARM.attributes
                0x00000242       0x32 ./board/board.o
 .ARM.attributes
                0x00000274       0x32 ./board/gpio_pins.o
 .ARM.attributes
                0x000002a6       0x32 ./board/hardware_init.o
 .ARM.attributes
                0x000002d8       0x32 ./board/pin_mux.o
 .ARM.attributes
                0x0000030a       0x32 C:/Freescale/KSDK_1.3.0/examples/frdmkl25z/demo_apps/hello_world/kds/../../../../../lib/ksdk_platform_lib/kds/KL25Z4/debug/libksdk_platform.a(fsl_uart_hal.o)
 .ARM.attributes
                0x0000033c       0x32 C:/Freescale/KSDK_1.3.0/examples/frdmkl25z/demo_apps/hello_world/kds/../../../../../lib/ksdk_platform_lib/kds/KL25Z4/debug/libksdk_platform.a(fsl_lptmr_driver.o)
 .ARM.attributes
                0x0000036e       0x32 C:/Freescale/KSDK_1.3.0/examples/frdmkl25z/demo_apps/hello_world/kds/../../../../../lib/ksdk_platform_lib/kds/KL25Z4/debug/libksdk_platform.a(fsl_lpsci_hal.o)
 .ARM.attributes
                0x000003a0       0x32 C:/Freescale/KSDK_1.3.0/examples/frdmkl25z/demo_apps/hello_world/kds/../../../../../lib/ksdk_platform_lib/kds/KL25Z4/debug/libksdk_platform.a(fsl_gpio_driver.o)
 .ARM.attributes
                0x000003d2       0x32 C:/Freescale/KSDK_1.3.0/examples/frdmkl25z/demo_apps/hello_world/kds/../../../../../lib/ksdk_platform_lib/kds/KL25Z4/debug/libksdk_platform.a(fsl_clock_MKL25Z4.o)
 .ARM.attributes
                0x00000404       0x32 C:/Freescale/KSDK_1.3.0/examples/frdmkl25z/demo_apps/hello_world/kds/../../../../../lib/ksdk_platform_lib/kds/KL25Z4/debug/libksdk_platform.a(fsl_clock_manager.o)
 .ARM.attributes
                0x00000436       0x32 C:/Freescale/KSDK_1.3.0/examples/frdmkl25z/demo_apps/hello_world/kds/../../../../../lib/ksdk_platform_lib/kds/KL25Z4/debug/libksdk_platform.a(fsl_clock_manager_common.o)
 .ARM.attributes
                0x00000468       0x32 C:/Freescale/KSDK_1.3.0/examples/frdmkl25z/demo_apps/hello_world/kds/../../../../../lib/ksdk_platform_lib/kds/KL25Z4/debug/libksdk_platform.a(fsl_sim_hal_MKL25Z4.o)
 .ARM.attributes
                0x0000049a       0x32 C:/Freescale/KSDK_1.3.0/examples/frdmkl25z/demo_apps/hello_world/kds/../../../../../lib/ksdk_platform_lib/kds/KL25Z4/debug/libksdk_platform.a(fsl_osc_hal.o)
 .ARM.attributes
                0x000004cc       0x32 C:/Freescale/KSDK_1.3.0/examples/frdmkl25z/demo_apps/hello_world/kds/../../../../../lib/ksdk_platform_lib/kds/KL25Z4/debug/libksdk_platform.a(fsl_mcg_hal.o)
 .ARM.attributes
                0x000004fe       0x32 C:/Freescale/KSDK_1.3.0/examples/frdmkl25z/demo_apps/hello_world/kds/../../../../../lib/ksdk_platform_lib/kds/KL25Z4/debug/libksdk_platform.a(fsl_mcg_hal_modes.o)
 .ARM.attributes
                0x00000530       0x32 C:/Freescale/KSDK_1.3.0/examples/frdmkl25z/demo_apps/hello_world/kds/../../../../../lib/ksdk_platform_lib/kds/KL25Z4/debug/libksdk_platform.a(fsl_lptmr_common.o)
 .ARM.attributes
                0x00000562       0x32 C:/Freescale/KSDK_1.3.0/examples/frdmkl25z/demo_apps/hello_world/kds/../../../../../lib/ksdk_platform_lib/kds/KL25Z4/debug/libksdk_platform.a(fsl_gpio_hal.o)
 .ARM.attributes
                0x00000594       0x32 C:/Freescale/KSDK_1.3.0/examples/frdmkl25z/demo_apps/hello_world/kds/../../../../../lib/ksdk_platform_lib/kds/KL25Z4/debug/libksdk_platform.a(fsl_gpio_common.o)
 .ARM.attributes
                0x000005c6       0x2c c:/freescale/kds_v3/toolchain/bin/../lib/gcc/arm-none-eabi/4.8.4/../../../../arm-none-eabi/lib/armv6-m\libg_s.a(lib_a-assert.o)
 .ARM.attributes
                0x000005f2       0x2c c:/freescale/kds_v3/toolchain/bin/../lib/gcc/arm-none-eabi/4.8.4/../../../../arm-none-eabi/lib/armv6-m\libg_s.a(lib_a-errno.o)
 .ARM.attributes
                0x0000061e       0x2c c:/freescale/kds_v3/toolchain/bin/../lib/gcc/arm-none-eabi/4.8.4/../../../../arm-none-eabi/lib/armv6-m\libg_s.a(lib_a-exit.o)
 .ARM.attributes
                0x0000064a       0x2c c:/freescale/kds_v3/toolchain/bin/../lib/gcc/arm-none-eabi/4.8.4/../../../../arm-none-eabi/lib/armv6-m\libg_s.a(lib_a-fprintf.o)
 .ARM.attributes
                0x00000676       0x2c c:/freescale/kds_v3/toolchain/bin/../lib/gcc/arm-none-eabi/4.8.4/../../../../arm-none-eabi/lib/armv6-m\libg_s.a(lib_a-impure.o)
 .ARM.attributes
                0x000006a2       0x2c c:/freescale/kds_v3/toolchain/bin/../lib/gcc/arm-none-eabi/4.8.4/../../../../arm-none-eabi/lib/armv6-m\libg_s.a(lib_a-init.o)
 .ARM.attributes
                0x000006ce       0x2c c:/freescale/kds_v3/toolchain/bin/../lib/gcc/arm-none-eabi/4.8.4/../../../../arm-none-eabi/lib/armv6-m\libg_s.a(lib_a-malloc.o)
 .ARM.attributes
                0x000006fa       0x2c c:/freescale/kds_v3/toolchain/bin/../lib/gcc/arm-none-eabi/4.8.4/../../../../arm-none-eabi/lib/armv6-m\libg_s.a(lib_a-memset.o)
 .ARM.attributes
                0x00000726       0x2c c:/freescale/kds_v3/toolchain/bin/../lib/gcc/arm-none-eabi/4.8.4/../../../../arm-none-eabi/lib/armv6-m\libg_s.a(lib_a-nano-freer.o)
 .ARM.attributes
                0x00000752       0x2c c:/freescale/kds_v3/toolchain/bin/../lib/gcc/arm-none-eabi/4.8.4/../../../../arm-none-eabi/lib/armv6-m\libg_s.a(lib_a-nano-mallocr.o)
 .ARM.attributes
                0x0000077e       0x2c c:/freescale/kds_v3/toolchain/bin/../lib/gcc/arm-none-eabi/4.8.4/../../../../arm-none-eabi/lib/armv6-m\libg_s.a(lib_a-sbrkr.o)
 .ARM.attributes
                0x000007aa       0x2c c:/freescale/kds_v3/toolchain/bin/../lib/gcc/arm-none-eabi/4.8.4/../../../../arm-none-eabi/lib/armv6-m\libg_s.a(lib_a-strlen.o)
 .ARM.attributes
                0x000007d6       0x2c c:/freescale/kds_v3/toolchain/bin/../lib/gcc/arm-none-eabi/4.8.4/../../../../arm-none-eabi/lib/armv6-m\libg_s.a(lib_a-vfprintf.o)
 .ARM.attributes
                0x00000802       0x2c c:/freescale/kds_v3/toolchain/bin/../lib/gcc/arm-none-eabi/4.8.4/../../../../arm-none-eabi/lib/armv6-m\libg_s.a(lib_a-vfprintf_i.o)
 .ARM.attributes
                0x0000082e       0x2c c:/freescale/kds_v3/toolchain/bin/../lib/gcc/arm-none-eabi/4.8.4/../../../../arm-none-eabi/lib/armv6-m\libg_s.a(lib_a-wbuf.o)
 .ARM.attributes
                0x0000085a       0x2c c:/freescale/kds_v3/toolchain/bin/../lib/gcc/arm-none-eabi/4.8.4/../../../../arm-none-eabi/lib/armv6-m\libg_s.a(lib_a-wsetup.o)
 .ARM.attributes
                0x00000886       0x2c c:/freescale/kds_v3/toolchain/bin/../lib/gcc/arm-none-eabi/4.8.4/../../../../arm-none-eabi/lib/armv6-m\libg_s.a(lib_a-abort.o)
 .ARM.attributes
                0x000008b2       0x2c c:/freescale/kds_v3/toolchain/bin/../lib/gcc/arm-none-eabi/4.8.4/../../../../arm-none-eabi/lib/armv6-m\libg_s.a(lib_a-fflush.o)
 .ARM.attributes
                0x000008de       0x2c c:/freescale/kds_v3/toolchain/bin/../lib/gcc/arm-none-eabi/4.8.4/../../../../arm-none-eabi/lib/armv6-m\libg_s.a(lib_a-findfp.o)
 .ARM.attributes
                0x0000090a       0x2c c:/freescale/kds_v3/toolchain/bin/../lib/gcc/arm-none-eabi/4.8.4/../../../../arm-none-eabi/lib/armv6-m\libg_s.a(lib_a-makebuf.o)
 .ARM.attributes
                0x00000936       0x2c c:/freescale/kds_v3/toolchain/bin/../lib/gcc/arm-none-eabi/4.8.4/../../../../arm-none-eabi/lib/armv6-m\libg_s.a(lib_a-memchr-stub.o)
 .ARM.attributes
                0x00000962       0x2c c:/freescale/kds_v3/toolchain/bin/../lib/gcc/arm-none-eabi/4.8.4/../../../../arm-none-eabi/lib/armv6-m\libg_s.a(lib_a-reent.o)
 .ARM.attributes
                0x0000098e       0x2c c:/freescale/kds_v3/toolchain/bin/../lib/gcc/arm-none-eabi/4.8.4/../../../../arm-none-eabi/lib/armv6-m\libg_s.a(lib_a-signal.o)
 .ARM.attributes
                0x000009ba       0x2c c:/freescale/kds_v3/toolchain/bin/../lib/gcc/arm-none-eabi/4.8.4/../../../../arm-none-eabi/lib/armv6-m\libg_s.a(lib_a-signalr.o)
 .ARM.attributes
                0x000009e6       0x2c c:/freescale/kds_v3/toolchain/bin/../lib/gcc/arm-none-eabi/4.8.4/../../../../arm-none-eabi/lib/armv6-m\libg_s.a(lib_a-stdio.o)
 .ARM.attributes
                0x00000a12       0x2c c:/freescale/kds_v3/toolchain/bin/../lib/gcc/arm-none-eabi/4.8.4/../../../../arm-none-eabi/lib/armv6-m\libg_s.a(lib_a-writer.o)
 .ARM.attributes
                0x00000a3e       0x2c c:/freescale/kds_v3/toolchain/bin/../lib/gcc/arm-none-eabi/4.8.4/../../../../arm-none-eabi/lib/armv6-m\libg_s.a(lib_a-closer.o)
 .ARM.attributes
                0x00000a6a       0x2c c:/freescale/kds_v3/toolchain/bin/../lib/gcc/arm-none-eabi/4.8.4/../../../../arm-none-eabi/lib/armv6-m\libg_s.a(lib_a-fstatr.o)
 .ARM.attributes
                0x00000a96       0x2c c:/freescale/kds_v3/toolchain/bin/../lib/gcc/arm-none-eabi/4.8.4/../../../../arm-none-eabi/lib/armv6-m\libg_s.a(lib_a-isattyr.o)
 .ARM.attributes
                0x00000ac2       0x2c c:/freescale/kds_v3/toolchain/bin/../lib/gcc/arm-none-eabi/4.8.4/../../../../arm-none-eabi/lib/armv6-m\libg_s.a(lib_a-lseekr.o)
 .ARM.attributes
                0x00000aee       0x2c c:/freescale/kds_v3/toolchain/bin/../lib/gcc/arm-none-eabi/4.8.4/../../../../arm-none-eabi/lib/armv6-m\libg_s.a(lib_a-readr.o)
 .ARM.attributes
                0x00000b1a       0x1e c:/freescale/kds_v3/toolchain/bin/../lib/gcc/arm-none-eabi/4.8.4/armv6-m\libgcc.a(_udivsi3.o)
 .ARM.attributes
                0x00000b38       0x1e c:/freescale/kds_v3/toolchain/bin/../lib/gcc/arm-none-eabi/4.8.4/armv6-m\libgcc.a(_divsi3.o)
 .ARM.attributes
                0x00000b56       0x1e c:/freescale/kds_v3/toolchain/bin/../lib/gcc/arm-none-eabi/4.8.4/armv6-m\libgcc.a(_dvmd_tls.o)
 .ARM.attributes
                0x00000b74       0x2c c:/freescale/kds_v3/toolchain/bin/../lib/gcc/arm-none-eabi/4.8.4/../../../../arm-none-eabi/lib/armv6-m\libnosys.a(close.o)
 .ARM.attributes
                0x00000ba0       0x2c c:/freescale/kds_v3/toolchain/bin/../lib/gcc/arm-none-eabi/4.8.4/../../../../arm-none-eabi/lib/armv6-m\libnosys.a(fstat.o)
 .ARM.attributes
                0x00000bcc       0x2c c:/freescale/kds_v3/toolchain/bin/../lib/gcc/arm-none-eabi/4.8.4/../../../../arm-none-eabi/lib/armv6-m\libnosys.a(getpid.o)
 .ARM.attributes
                0x00000bf8       0x2c c:/freescale/kds_v3/toolchain/bin/../lib/gcc/arm-none-eabi/4.8.4/../../../../arm-none-eabi/lib/armv6-m\libnosys.a(isatty.o)
 .ARM.attributes
                0x00000c24       0x2c c:/freescale/kds_v3/toolchain/bin/../lib/gcc/arm-none-eabi/4.8.4/../../../../arm-none-eabi/lib/armv6-m\libnosys.a(kill.o)
 .ARM.attributes
                0x00000c50       0x2c c:/freescale/kds_v3/toolchain/bin/../lib/gcc/arm-none-eabi/4.8.4/../../../../arm-none-eabi/lib/armv6-m\libnosys.a(lseek.o)
 .ARM.attributes
                0x00000c7c       0x2c c:/freescale/kds_v3/toolchain/bin/../lib/gcc/arm-none-eabi/4.8.4/../../../../arm-none-eabi/lib/armv6-m\libnosys.a(_exit.o)
 .ARM.attributes
                0x00000ca8       0x2c c:/freescale/kds_v3/toolchain/bin/../lib/gcc/arm-none-eabi/4.8.4/armv6-m/crtend.o
 .ARM.attributes
                0x00000cd4       0x1e c:/freescale/kds_v3/toolchain/bin/../lib/gcc/arm-none-eabi/4.8.4/armv6-m/crtn.o
                0x00000001                ASSERT ((__StackLimit >= __HeapLimit), region m_data overflowed with stack and heap)
OUTPUT(hello_world_frdmkl25z.elf elf32-littlearm)

.debug_info     0x00000000     0xbbda
 .debug_info    0x00000000      0xa4c ./utilities/fsl_debug_console.o
 .debug_info    0x00000a4c      0x16e ./utilities/fsl_misc_utilities.o
 .debug_info    0x00000bba      0x5bb ./utilities/print_scan.o
 .debug_info    0x00001175      0x27c ./startup/startup.o
 .debug_info    0x000013f1       0xc2 ./startup/startup_MKL25Z4.o
 .debug_info    0x000014b3      0x3cf ./startup/system_MKL25Z4.o
 .debug_info    0x00001882      0x258 ./src/circbuff.o
 .debug_info    0x00001ada      0x373 ./src/lptmr.o
 .debug_info    0x00001e4d       0x92 ./source/fsl_lptmr_irq.o
 .debug_info    0x00001edf      0x259 ./source/main.o
 .debug_info    0x00002138      0xa43 ./board/board.o
 .debug_info    0x00002b7b      0x25d ./board/gpio_pins.o
 .debug_info    0x00002dd8       0xd3 ./board/hardware_init.o
 .debug_info    0x00002eab      0x3f1 ./board/pin_mux.o
 .debug_info    0x0000329c      0x80e C:/Freescale/KSDK_1.3.0/examples/frdmkl25z/demo_apps/hello_world/kds/../../../../../lib/ksdk_platform_lib/kds/KL25Z4/debug/libksdk_platform.a(fsl_uart_hal.o)
 .debug_info    0x00003aaa      0xfc8 C:/Freescale/KSDK_1.3.0/examples/frdmkl25z/demo_apps/hello_world/kds/../../../../../lib/ksdk_platform_lib/kds/KL25Z4/debug/libksdk_platform.a(fsl_lptmr_driver.o)
 .debug_info    0x00004a72      0x917 C:/Freescale/KSDK_1.3.0/examples/frdmkl25z/demo_apps/hello_world/kds/../../../../../lib/ksdk_platform_lib/kds/KL25Z4/debug/libksdk_platform.a(fsl_lpsci_hal.o)
 .debug_info    0x00005389      0xe50 C:/Freescale/KSDK_1.3.0/examples/frdmkl25z/demo_apps/hello_world/kds/../../../../../lib/ksdk_platform_lib/kds/KL25Z4/debug/libksdk_platform.a(fsl_gpio_driver.o)
 .debug_info    0x000061d9     0x17a4 C:/Freescale/KSDK_1.3.0/examples/frdmkl25z/demo_apps/hello_world/kds/../../../../../lib/ksdk_platform_lib/kds/KL25Z4/debug/libksdk_platform.a(fsl_clock_MKL25Z4.o)
 .debug_info    0x0000797d     0x1682 C:/Freescale/KSDK_1.3.0/examples/frdmkl25z/demo_apps/hello_world/kds/../../../../../lib/ksdk_platform_lib/kds/KL25Z4/debug/libksdk_platform.a(fsl_clock_manager.o)
 .debug_info    0x00008fff      0x448 C:/Freescale/KSDK_1.3.0/examples/frdmkl25z/demo_apps/hello_world/kds/../../../../../lib/ksdk_platform_lib/kds/KL25Z4/debug/libksdk_platform.a(fsl_clock_manager_common.o)
 .debug_info    0x00009447      0x953 C:/Freescale/KSDK_1.3.0/examples/frdmkl25z/demo_apps/hello_world/kds/../../../../../lib/ksdk_platform_lib/kds/KL25Z4/debug/libksdk_platform.a(fsl_sim_hal_MKL25Z4.o)
 .debug_info    0x00009d9a       0xef C:/Freescale/KSDK_1.3.0/examples/frdmkl25z/demo_apps/hello_world/kds/../../../../../lib/ksdk_platform_lib/kds/KL25Z4/debug/libksdk_platform.a(fsl_osc_hal.o)
 .debug_info    0x00009e89      0xc23 C:/Freescale/KSDK_1.3.0/examples/frdmkl25z/demo_apps/hello_world/kds/../../../../../lib/ksdk_platform_lib/kds/KL25Z4/debug/libksdk_platform.a(fsl_mcg_hal.o)
 .debug_info    0x0000aaac      0x850 C:/Freescale/KSDK_1.3.0/examples/frdmkl25z/demo_apps/hello_world/kds/../../../../../lib/ksdk_platform_lib/kds/KL25Z4/debug/libksdk_platform.a(fsl_mcg_hal_modes.o)
 .debug_info    0x0000b2fc      0x28b C:/Freescale/KSDK_1.3.0/examples/frdmkl25z/demo_apps/hello_world/kds/../../../../../lib/ksdk_platform_lib/kds/KL25Z4/debug/libksdk_platform.a(fsl_lptmr_common.o)
 .debug_info    0x0000b587      0x2d6 C:/Freescale/KSDK_1.3.0/examples/frdmkl25z/demo_apps/hello_world/kds/../../../../../lib/ksdk_platform_lib/kds/KL25Z4/debug/libksdk_platform.a(fsl_gpio_hal.o)
 .debug_info    0x0000b85d      0x37d C:/Freescale/KSDK_1.3.0/examples/frdmkl25z/demo_apps/hello_world/kds/../../../../../lib/ksdk_platform_lib/kds/KL25Z4/debug/libksdk_platform.a(fsl_gpio_common.o)

.debug_abbrev   0x00000000     0x264e
 .debug_abbrev  0x00000000      0x237 ./utilities/fsl_debug_console.o
 .debug_abbrev  0x00000237       0xc1 ./utilities/fsl_misc_utilities.o
 .debug_abbrev  0x000002f8      0x1b3 ./utilities/print_scan.o
 .debug_abbrev  0x000004ab       0xe6 ./startup/startup.o
 .debug_abbrev  0x00000591       0x14 ./startup/startup_MKL25Z4.o
 .debug_abbrev  0x000005a5      0x106 ./startup/system_MKL25Z4.o
 .debug_abbrev  0x000006ab      0x11f ./src/circbuff.o
 .debug_abbrev  0x000007ca       0xdd ./src/lptmr.o
 .debug_abbrev  0x000008a7       0x42 ./source/fsl_lptmr_irq.o
 .debug_abbrev  0x000008e9       0xff ./source/main.o
 .debug_abbrev  0x000009e8      0x253 ./board/board.o
 .debug_abbrev  0x00000c3b       0x8c ./board/gpio_pins.o
 .debug_abbrev  0x00000cc7       0x72 ./board/hardware_init.o
 .debug_abbrev  0x00000d39      0x125 ./board/pin_mux.o
 .debug_abbrev  0x00000e5e      0x1eb C:/Freescale/KSDK_1.3.0/examples/frdmkl25z/demo_apps/hello_world/kds/../../../../../lib/ksdk_platform_lib/kds/KL25Z4/debug/libksdk_platform.a(fsl_uart_hal.o)
 .debug_abbrev  0x00001049      0x26c C:/Freescale/KSDK_1.3.0/examples/frdmkl25z/demo_apps/hello_world/kds/../../../../../lib/ksdk_platform_lib/kds/KL25Z4/debug/libksdk_platform.a(fsl_lptmr_driver.o)
 .debug_abbrev  0x000012b5      0x20e C:/Freescale/KSDK_1.3.0/examples/frdmkl25z/demo_apps/hello_world/kds/../../../../../lib/ksdk_platform_lib/kds/KL25Z4/debug/libksdk_platform.a(fsl_lpsci_hal.o)
 .debug_abbrev  0x000014c3      0x277 C:/Freescale/KSDK_1.3.0/examples/frdmkl25z/demo_apps/hello_world/kds/../../../../../lib/ksdk_platform_lib/kds/KL25Z4/debug/libksdk_platform.a(fsl_gpio_driver.o)
 .debug_abbrev  0x0000173a      0x2ef C:/Freescale/KSDK_1.3.0/examples/frdmkl25z/demo_apps/hello_world/kds/../../../../../lib/ksdk_platform_lib/kds/KL25Z4/debug/libksdk_platform.a(fsl_clock_MKL25Z4.o)
 .debug_abbrev  0x00001a29      0x2a9 C:/Freescale/KSDK_1.3.0/examples/frdmkl25z/demo_apps/hello_world/kds/../../../../../lib/ksdk_platform_lib/kds/KL25Z4/debug/libksdk_platform.a(fsl_clock_manager.o)
 .debug_abbrev  0x00001cd2       0xdb C:/Freescale/KSDK_1.3.0/examples/frdmkl25z/demo_apps/hello_world/kds/../../../../../lib/ksdk_platform_lib/kds/KL25Z4/debug/libksdk_platform.a(fsl_clock_manager_common.o)
 .debug_abbrev  0x00001dad      0x188 C:/Freescale/KSDK_1.3.0/examples/frdmkl25z/demo_apps/hello_world/kds/../../../../../lib/ksdk_platform_lib/kds/KL25Z4/debug/libksdk_platform.a(fsl_sim_hal_MKL25Z4.o)
 .debug_abbrev  0x00001f35       0x99 C:/Freescale/KSDK_1.3.0/examples/frdmkl25z/demo_apps/hello_world/kds/../../../../../lib/ksdk_platform_lib/kds/KL25Z4/debug/libksdk_platform.a(fsl_osc_hal.o)
 .debug_abbrev  0x00001fce      0x234 C:/Freescale/KSDK_1.3.0/examples/frdmkl25z/demo_apps/hello_world/kds/../../../../../lib/ksdk_platform_lib/kds/KL25Z4/debug/libksdk_platform.a(fsl_mcg_hal.o)
 .debug_abbrev  0x00002202      0x1a4 C:/Freescale/KSDK_1.3.0/examples/frdmkl25z/demo_apps/hello_world/kds/../../../../../lib/ksdk_platform_lib/kds/KL25Z4/debug/libksdk_platform.a(fsl_mcg_hal_modes.o)
 .debug_abbrev  0x000023a6       0xd3 C:/Freescale/KSDK_1.3.0/examples/frdmkl25z/demo_apps/hello_world/kds/../../../../../lib/ksdk_platform_lib/kds/KL25Z4/debug/libksdk_platform.a(fsl_lptmr_common.o)
 .debug_abbrev  0x00002479      0x118 C:/Freescale/KSDK_1.3.0/examples/frdmkl25z/demo_apps/hello_world/kds/../../../../../lib/ksdk_platform_lib/kds/KL25Z4/debug/libksdk_platform.a(fsl_gpio_hal.o)
 .debug_abbrev  0x00002591       0xbd C:/Freescale/KSDK_1.3.0/examples/frdmkl25z/demo_apps/hello_world/kds/../../../../../lib/ksdk_platform_lib/kds/KL25Z4/debug/libksdk_platform.a(fsl_gpio_common.o)

.debug_aranges  0x00000000      0xcb0
 .debug_aranges
                0x00000000       0xa0 ./utilities/fsl_debug_console.o
 .debug_aranges
                0x000000a0       0x28 ./utilities/fsl_misc_utilities.o
 .debug_aranges
                0x000000c8       0x48 ./utilities/print_scan.o
 .debug_aranges
                0x00000110       0x20 ./startup/startup.o
 .debug_aranges
                0x00000130       0x20 ./startup/startup_MKL25Z4.o
 .debug_aranges
                0x00000150       0x28 ./startup/system_MKL25Z4.o
 .debug_aranges
                0x00000178       0x48 ./src/circbuff.o
 .debug_aranges
                0x000001c0       0x28 ./src/lptmr.o
 .debug_aranges
                0x000001e8       0x20 ./source/fsl_lptmr_irq.o
 .debug_aranges
                0x00000208       0x20 ./source/main.o
 .debug_aranges
                0x00000228       0x70 ./board/board.o
 .debug_aranges
                0x00000298       0x18 ./board/gpio_pins.o
 .debug_aranges
                0x000002b0       0x20 ./board/hardware_init.o
 .debug_aranges
                0x000002d0       0x80 ./board/pin_mux.o
 .debug_aranges
                0x00000350       0xb0 C:/Freescale/KSDK_1.3.0/examples/frdmkl25z/demo_apps/hello_world/kds/../../../../../lib/ksdk_platform_lib/kds/KL25Z4/debug/libksdk_platform.a(fsl_uart_hal.o)
 .debug_aranges
                0x00000400       0xe0 C:/Freescale/KSDK_1.3.0/examples/frdmkl25z/demo_apps/hello_world/kds/../../../../../lib/ksdk_platform_lib/kds/KL25Z4/debug/libksdk_platform.a(fsl_lptmr_driver.o)
 .debug_aranges
                0x000004e0       0xc8 C:/Freescale/KSDK_1.3.0/examples/frdmkl25z/demo_apps/hello_world/kds/../../../../../lib/ksdk_platform_lib/kds/KL25Z4/debug/libksdk_platform.a(fsl_lpsci_hal.o)
 .debug_aranges
                0x000005a8       0xf0 C:/Freescale/KSDK_1.3.0/examples/frdmkl25z/demo_apps/hello_world/kds/../../../../../lib/ksdk_platform_lib/kds/KL25Z4/debug/libksdk_platform.a(fsl_gpio_driver.o)
 .debug_aranges
                0x00000698      0x210 C:/Freescale/KSDK_1.3.0/examples/frdmkl25z/demo_apps/hello_world/kds/../../../../../lib/ksdk_platform_lib/kds/KL25Z4/debug/libksdk_platform.a(fsl_clock_MKL25Z4.o)
 .debug_aranges
                0x000008a8      0x150 C:/Freescale/KSDK_1.3.0/examples/frdmkl25z/demo_apps/hello_world/kds/../../../../../lib/ksdk_platform_lib/kds/KL25Z4/debug/libksdk_platform.a(fsl_clock_manager.o)
 .debug_aranges
                0x000009f8       0x18 C:/Freescale/KSDK_1.3.0/examples/frdmkl25z/demo_apps/hello_world/kds/../../../../../lib/ksdk_platform_lib/kds/KL25Z4/debug/libksdk_platform.a(fsl_clock_manager_common.o)
 .debug_aranges
                0x00000a10       0x90 C:/Freescale/KSDK_1.3.0/examples/frdmkl25z/demo_apps/hello_world/kds/../../../../../lib/ksdk_platform_lib/kds/KL25Z4/debug/libksdk_platform.a(fsl_sim_hal_MKL25Z4.o)
 .debug_aranges
                0x00000aa0       0x20 C:/Freescale/KSDK_1.3.0/examples/frdmkl25z/demo_apps/hello_world/kds/../../../../../lib/ksdk_platform_lib/kds/KL25Z4/debug/libksdk_platform.a(fsl_osc_hal.o)
 .debug_aranges
                0x00000ac0       0xf0 C:/Freescale/KSDK_1.3.0/examples/frdmkl25z/demo_apps/hello_world/kds/../../../../../lib/ksdk_platform_lib/kds/KL25Z4/debug/libksdk_platform.a(fsl_mcg_hal.o)
 .debug_aranges
                0x00000bb0       0x98 C:/Freescale/KSDK_1.3.0/examples/frdmkl25z/demo_apps/hello_world/kds/../../../../../lib/ksdk_platform_lib/kds/KL25Z4/debug/libksdk_platform.a(fsl_mcg_hal_modes.o)
 .debug_aranges
                0x00000c48       0x18 C:/Freescale/KSDK_1.3.0/examples/frdmkl25z/demo_apps/hello_world/kds/../../../../../lib/ksdk_platform_lib/kds/KL25Z4/debug/libksdk_platform.a(fsl_lptmr_common.o)
 .debug_aranges
                0x00000c60       0x38 C:/Freescale/KSDK_1.3.0/examples/frdmkl25z/demo_apps/hello_world/kds/../../../../../lib/ksdk_platform_lib/kds/KL25Z4/debug/libksdk_platform.a(fsl_gpio_hal.o)
 .debug_aranges
                0x00000c98       0x18 C:/Freescale/KSDK_1.3.0/examples/frdmkl25z/demo_apps/hello_world/kds/../../../../../lib/ksdk_platform_lib/kds/KL25Z4/debug/libksdk_platform.a(fsl_gpio_common.o)

.debug_ranges   0x00000000      0xac0
 .debug_ranges  0x00000000       0x90 ./utilities/fsl_debug_console.o
 .debug_ranges  0x00000090       0x18 ./utilities/fsl_misc_utilities.o
 .debug_ranges  0x000000a8       0x38 ./utilities/print_scan.o
 .debug_ranges  0x000000e0       0x10 ./startup/startup.o
 .debug_ranges  0x000000f0       0x18 ./startup/system_MKL25Z4.o
 .debug_ranges  0x00000108       0x38 ./src/circbuff.o
 .debug_ranges  0x00000140       0x18 ./src/lptmr.o
 .debug_ranges  0x00000158       0x10 ./source/fsl_lptmr_irq.o
 .debug_ranges  0x00000168       0x10 ./source/main.o
 .debug_ranges  0x00000178       0x60 ./board/board.o
 .debug_ranges  0x000001d8       0x10 ./board/hardware_init.o
 .debug_ranges  0x000001e8       0x70 ./board/pin_mux.o
 .debug_ranges  0x00000258       0xa0 C:/Freescale/KSDK_1.3.0/examples/frdmkl25z/demo_apps/hello_world/kds/../../../../../lib/ksdk_platform_lib/kds/KL25Z4/debug/libksdk_platform.a(fsl_uart_hal.o)
 .debug_ranges  0x000002f8       0xd0 C:/Freescale/KSDK_1.3.0/examples/frdmkl25z/demo_apps/hello_world/kds/../../../../../lib/ksdk_platform_lib/kds/KL25Z4/debug/libksdk_platform.a(fsl_lptmr_driver.o)
 .debug_ranges  0x000003c8       0xb8 C:/Freescale/KSDK_1.3.0/examples/frdmkl25z/demo_apps/hello_world/kds/../../../../../lib/ksdk_platform_lib/kds/KL25Z4/debug/libksdk_platform.a(fsl_lpsci_hal.o)
 .debug_ranges  0x00000480       0xe0 C:/Freescale/KSDK_1.3.0/examples/frdmkl25z/demo_apps/hello_world/kds/../../../../../lib/ksdk_platform_lib/kds/KL25Z4/debug/libksdk_platform.a(fsl_gpio_driver.o)
 .debug_ranges  0x00000560      0x200 C:/Freescale/KSDK_1.3.0/examples/frdmkl25z/demo_apps/hello_world/kds/../../../../../lib/ksdk_platform_lib/kds/KL25Z4/debug/libksdk_platform.a(fsl_clock_MKL25Z4.o)
 .debug_ranges  0x00000760      0x140 C:/Freescale/KSDK_1.3.0/examples/frdmkl25z/demo_apps/hello_world/kds/../../../../../lib/ksdk_platform_lib/kds/KL25Z4/debug/libksdk_platform.a(fsl_clock_manager.o)
 .debug_ranges  0x000008a0       0x80 C:/Freescale/KSDK_1.3.0/examples/frdmkl25z/demo_apps/hello_world/kds/../../../../../lib/ksdk_platform_lib/kds/KL25Z4/debug/libksdk_platform.a(fsl_sim_hal_MKL25Z4.o)
 .debug_ranges  0x00000920       0x10 C:/Freescale/KSDK_1.3.0/examples/frdmkl25z/demo_apps/hello_world/kds/../../../../../lib/ksdk_platform_lib/kds/KL25Z4/debug/libksdk_platform.a(fsl_osc_hal.o)
 .debug_ranges  0x00000930       0xe0 C:/Freescale/KSDK_1.3.0/examples/frdmkl25z/demo_apps/hello_world/kds/../../../../../lib/ksdk_platform_lib/kds/KL25Z4/debug/libksdk_platform.a(fsl_mcg_hal.o)
 .debug_ranges  0x00000a10       0x88 C:/Freescale/KSDK_1.3.0/examples/frdmkl25z/demo_apps/hello_world/kds/../../../../../lib/ksdk_platform_lib/kds/KL25Z4/debug/libksdk_platform.a(fsl_mcg_hal_modes.o)
 .debug_ranges  0x00000a98       0x28 C:/Freescale/KSDK_1.3.0/examples/frdmkl25z/demo_apps/hello_world/kds/../../../../../lib/ksdk_platform_lib/kds/KL25Z4/debug/libksdk_platform.a(fsl_gpio_hal.o)

.debug_line     0x00000000     0x4c97
 .debug_line    0x00000000      0x3a6 ./utilities/fsl_debug_console.o
 .debug_line    0x000003a6       0xd5 ./utilities/fsl_misc_utilities.o
 .debug_line    0x0000047b      0x458 ./utilities/print_scan.o
 .debug_line    0x000008d3      0x121 ./startup/startup.o
 .debug_line    0x000009f4       0x88 ./startup/startup_MKL25Z4.o
 .debug_line    0x00000a7c      0x164 ./startup/system_MKL25Z4.o
 .debug_line    0x00000be0      0x11b ./src/circbuff.o
 .debug_line    0x00000cfb      0x1ab ./src/lptmr.o
 .debug_line    0x00000ea6       0x82 ./source/fsl_lptmr_irq.o
 .debug_line    0x00000f28      0x1da ./source/main.o
 .debug_line    0x00001102      0x3aa ./board/board.o
 .debug_line    0x000014ac      0x129 ./board/gpio_pins.o
 .debug_line    0x000015d5      0x129 ./board/hardware_init.o
 .debug_line    0x000016fe      0x276 ./board/pin_mux.o
 .debug_line    0x00001974      0x386 C:/Freescale/KSDK_1.3.0/examples/frdmkl25z/demo_apps/hello_world/kds/../../../../../lib/ksdk_platform_lib/kds/KL25Z4/debug/libksdk_platform.a(fsl_uart_hal.o)
 .debug_line    0x00001cfa      0x57f C:/Freescale/KSDK_1.3.0/examples/frdmkl25z/demo_apps/hello_world/kds/../../../../../lib/ksdk_platform_lib/kds/KL25Z4/debug/libksdk_platform.a(fsl_lptmr_driver.o)
 .debug_line    0x00002279      0x3d0 C:/Freescale/KSDK_1.3.0/examples/frdmkl25z/demo_apps/hello_world/kds/../../../../../lib/ksdk_platform_lib/kds/KL25Z4/debug/libksdk_platform.a(fsl_lpsci_hal.o)
 .debug_line    0x00002649      0x502 C:/Freescale/KSDK_1.3.0/examples/frdmkl25z/demo_apps/hello_world/kds/../../../../../lib/ksdk_platform_lib/kds/KL25Z4/debug/libksdk_platform.a(fsl_gpio_driver.o)
 .debug_line    0x00002b4b      0x893 C:/Freescale/KSDK_1.3.0/examples/frdmkl25z/demo_apps/hello_world/kds/../../../../../lib/ksdk_platform_lib/kds/KL25Z4/debug/libksdk_platform.a(fsl_clock_MKL25Z4.o)
 .debug_line    0x000033de      0x76d C:/Freescale/KSDK_1.3.0/examples/frdmkl25z/demo_apps/hello_world/kds/../../../../../lib/ksdk_platform_lib/kds/KL25Z4/debug/libksdk_platform.a(fsl_clock_manager.o)
 .debug_line    0x00003b4b      0x14b C:/Freescale/KSDK_1.3.0/examples/frdmkl25z/demo_apps/hello_world/kds/../../../../../lib/ksdk_platform_lib/kds/KL25Z4/debug/libksdk_platform.a(fsl_clock_manager_common.o)
 .debug_line    0x00003c96      0x362 C:/Freescale/KSDK_1.3.0/examples/frdmkl25z/demo_apps/hello_world/kds/../../../../../lib/ksdk_platform_lib/kds/KL25Z4/debug/libksdk_platform.a(fsl_sim_hal_MKL25Z4.o)
 .debug_line    0x00003ff8       0xfb C:/Freescale/KSDK_1.3.0/examples/frdmkl25z/demo_apps/hello_world/kds/../../../../../lib/ksdk_platform_lib/kds/KL25Z4/debug/libksdk_platform.a(fsl_osc_hal.o)
 .debug_line    0x000040f3      0x455 C:/Freescale/KSDK_1.3.0/examples/frdmkl25z/demo_apps/hello_world/kds/../../../../../lib/ksdk_platform_lib/kds/KL25Z4/debug/libksdk_platform.a(fsl_mcg_hal.o)
 .debug_line    0x00004548      0x3b0 C:/Freescale/KSDK_1.3.0/examples/frdmkl25z/demo_apps/hello_world/kds/../../../../../lib/ksdk_platform_lib/kds/KL25Z4/debug/libksdk_platform.a(fsl_mcg_hal_modes.o)
 .debug_line    0x000048f8      0x12f C:/Freescale/KSDK_1.3.0/examples/frdmkl25z/demo_apps/hello_world/kds/../../../../../lib/ksdk_platform_lib/kds/KL25Z4/debug/libksdk_platform.a(fsl_lptmr_common.o)
 .debug_line    0x00004a27      0x17d C:/Freescale/KSDK_1.3.0/examples/frdmkl25z/demo_apps/hello_world/kds/../../../../../lib/ksdk_platform_lib/kds/KL25Z4/debug/libksdk_platform.a(fsl_gpio_hal.o)
 .debug_line    0x00004ba4       0xf3 C:/Freescale/KSDK_1.3.0/examples/frdmkl25z/demo_apps/hello_world/kds/../../../../../lib/ksdk_platform_lib/kds/KL25Z4/debug/libksdk_platform.a(fsl_gpio_common.o)

.debug_str      0x00000000     0x5e59
 .debug_str     0x00000000      0xb8f ./utilities/fsl_debug_console.o
                                0xbe2 (size before relaxing)
 .debug_str     0x00000b8f       0x9d ./utilities/fsl_misc_utilities.o
                                0x279 (size before relaxing)
 .debug_str     0x00000c2c      0x193 ./utilities/print_scan.o
                                0x3c4 (size before relaxing)
 .debug_str     0x00000dbf      0x12a ./startup/startup.o
                                0x303 (size before relaxing)
 .debug_str     0x00000ee9      0x183 ./startup/system_MKL25Z4.o
                                0x35c (size before relaxing)
 .debug_str     0x0000106c       0xa5 ./src/circbuff.o
                                0x2a0 (size before relaxing)
 .debug_str     0x00001111      0x699 ./src/lptmr.o
                                0x889 (size before relaxing)
 .debug_str     0x000017aa       0x63 ./source/fsl_lptmr_irq.o
                                0x231 (size before relaxing)
 .debug_str     0x0000180d       0x4d ./source/main.o
                                0x3b5 (size before relaxing)
 .debug_str     0x0000185a      0x79b ./board/board.o
                                0xb47 (size before relaxing)
 .debug_str     0x00001ff5      0x1b6 ./board/gpio_pins.o
                                0x4cf (size before relaxing)
 .debug_str     0x000021ab       0x5f ./board/hardware_init.o
                                0x252 (size before relaxing)
 .debug_str     0x0000220a      0x136 ./board/pin_mux.o
                                0x40a (size before relaxing)
 .debug_str     0x00002340      0x51a C:/Freescale/KSDK_1.3.0/examples/frdmkl25z/demo_apps/hello_world/kds/../../../../../lib/ksdk_platform_lib/kds/KL25Z4/debug/libksdk_platform.a(fsl_uart_hal.o)
                                0x90b (size before relaxing)
 .debug_str     0x0000285a      0x9b3 C:/Freescale/KSDK_1.3.0/examples/frdmkl25z/demo_apps/hello_world/kds/../../../../../lib/ksdk_platform_lib/kds/KL25Z4/debug/libksdk_platform.a(fsl_lptmr_driver.o)
                               0x11fa (size before relaxing)
 .debug_str     0x0000320d      0x534 C:/Freescale/KSDK_1.3.0/examples/frdmkl25z/demo_apps/hello_world/kds/../../../../../lib/ksdk_platform_lib/kds/KL25Z4/debug/libksdk_platform.a(fsl_lpsci_hal.o)
                                0xa11 (size before relaxing)
 .debug_str     0x00003741      0x31f C:/Freescale/KSDK_1.3.0/examples/frdmkl25z/demo_apps/hello_world/kds/../../../../../lib/ksdk_platform_lib/kds/KL25Z4/debug/libksdk_platform.a(fsl_gpio_driver.o)
                                0xb0b (size before relaxing)
 .debug_str     0x00003a60      0xafd C:/Freescale/KSDK_1.3.0/examples/frdmkl25z/demo_apps/hello_world/kds/../../../../../lib/ksdk_platform_lib/kds/KL25Z4/debug/libksdk_platform.a(fsl_clock_MKL25Z4.o)
                               0x1508 (size before relaxing)
 .debug_str     0x0000455d      0xbb3 C:/Freescale/KSDK_1.3.0/examples/frdmkl25z/demo_apps/hello_world/kds/../../../../../lib/ksdk_platform_lib/kds/KL25Z4/debug/libksdk_platform.a(fsl_clock_manager.o)
                               0x16ee (size before relaxing)
 .debug_str     0x00005110       0x61 C:/Freescale/KSDK_1.3.0/examples/frdmkl25z/demo_apps/hello_world/kds/../../../../../lib/ksdk_platform_lib/kds/KL25Z4/debug/libksdk_platform.a(fsl_clock_manager_common.o)
                                0x34e (size before relaxing)
 .debug_str     0x00005171      0x44f C:/Freescale/KSDK_1.3.0/examples/frdmkl25z/demo_apps/hello_world/kds/../../../../../lib/ksdk_platform_lib/kds/KL25Z4/debug/libksdk_platform.a(fsl_sim_hal_MKL25Z4.o)
                                0x778 (size before relaxing)
 .debug_str     0x000055c0       0x58 C:/Freescale/KSDK_1.3.0/examples/frdmkl25z/demo_apps/hello_world/kds/../../../../../lib/ksdk_platform_lib/kds/KL25Z4/debug/libksdk_platform.a(fsl_osc_hal.o)
                                0x233 (size before relaxing)