Archive member included because of file (symbol)

C:/Freescale/KSDK_1.3.0/examples/frdmkl25z/demo_apps/hello_world/kds/../../../../../lib/ksdk_platform_lib/kds/KL25Z4/debug/libksdk_platform.a(fsl_uart_hal.o)
                              ./utilities/fsl_debug_console.o (UART_HAL_SetBaudRate)
C:/Freescale/KSDK_1.3.0/examples/frdmkl25z/demo_apps/hello_world/kds/../../../../../lib/ksdk_platform_lib/kds/KL25Z4/debug/libksdk_platform.a(fsl_lptmr_driver.o)
                              ./source/fsl_lptmr_irq.o (LPTMR_DRV_IRQHandler)
C:/Freescale/KSDK_1.3.0/examples/frdmkl25z/demo_apps/hello_world/kds/../../../../../lib/ksdk_platform_lib/kds/KL25Z4/debug/libksdk_platform.a(fsl_lpsci_hal.o)
                              ./utilities/fsl_debug_console.o (LPSCI_HAL_SetBaudRate)
C:/Freescale/KSDK_1.3.0/examples/frdmkl25z/demo_apps/hello_world/kds/../../../../../lib/ksdk_platform_lib/kds/KL25Z4/debug/libksdk_platform.a(fsl_gpio_driver.o)
                              ./source/main.o (GPIO_DRV_OutputPinInit)
C:/Freescale/KSDK_1.3.0/examples/frdmkl25z/demo_apps/hello_world/kds/../../../../../lib/ksdk_platform_lib/kds/KL25Z4/debug/libksdk_platform.a(fsl_clock_MKL25Z4.o)
                              ./board/board.o (CLOCK_SYS_SetSimConfigration)
C:/Freescale/KSDK_1.3.0/examples/frdmkl25z/demo_apps/hello_world/kds/../../../../../lib/ksdk_platform_lib/kds/KL25Z4/debug/libksdk_platform.a(fsl_clock_manager.o)
                              C:/Freescale/KSDK_1.3.0/examples/frdmkl25z/demo_apps/hello_world/kds/../../../../../lib/ksdk_platform_lib/kds/KL25Z4/debug/libksdk_platform.a(fsl_clock_MKL25Z4.o) (CLOCK_SYS_GetSystickFreq)
C:/Freescale/KSDK_1.3.0/examples/frdmkl25z/demo_apps/hello_world/kds/../../../../../lib/ksdk_platform_lib/kds/KL25Z4/debug/libksdk_platform.a(fsl_clock_manager_common.o)
                              C:/Freescale/KSDK_1.3.0/examples/frdmkl25z/demo_apps/hello_world/kds/../../../../../lib/ksdk_platform_lib/kds/KL25Z4/debug/libksdk_platform.a(fsl_clock_MKL25Z4.o) (g_oscBase)
C:/Freescale/KSDK_1.3.0/examples/frdmkl25z/demo_apps/hello_world/kds/../../../../../lib/ksdk_platform_lib/kds/KL25Z4/debug/libksdk_platform.a(fsl_os_abstraction_bm.o)
                              C:/Freescale/KSDK_1.3.0/examples/frdmkl25z/demo_apps/hello_world/kds/../../../../../lib/ksdk_platform_lib/kds/KL25Z4/debug/libksdk_platform.a(fsl_clock_manager.o) (OSA_EnterCritical)
C:/Freescale/KSDK_1.3.0/examples/frdmkl25z/demo_apps/hello_world/kds/../../../../../lib/ksdk_platform_lib/kds/KL25Z4/debug/libksdk_platform.a(fsl_sim_hal_MKL25Z4.o)
                              C:/Freescale/KSDK_1.3.0/examples/frdmkl25z/demo_apps/hello_world/kds/../../../../../lib/ksdk_platform_lib/kds/KL25Z4/debug/libksdk_platform.a(fsl_clock_MKL25Z4.o) (CLOCK_HAL_SetOutDiv)
C:/Freescale/KSDK_1.3.0/examples/frdmkl25z/demo_apps/hello_world/kds/../../../../../lib/ksdk_platform_lib/kds/KL25Z4/debug/libksdk_platform.a(fsl_osc_hal.o)
                              C:/Freescale/KSDK_1.3.0/examples/frdmkl25z/demo_apps/hello_world/kds/../../../../../lib/ksdk_platform_lib/kds/KL25Z4/debug/libksdk_platform.a(fsl_clock_manager.o) (OSC_HAL_SetCapacitor)
C:/Freescale/KSDK_1.3.0/examples/frdmkl25z/demo_apps/hello_world/kds/../../../../../lib/ksdk_platform_lib/kds/KL25Z4/debug/libksdk_platform.a(fsl_mcg_hal.o)
                              C:/Freescale/KSDK_1.3.0/examples/frdmkl25z/demo_apps/hello_world/kds/../../../../../lib/ksdk_platform_lib/kds/KL25Z4/debug/libksdk_platform.a(fsl_clock_MKL25Z4.o) (g_xtal0ClkFreq)
C:/Freescale/KSDK_1.3.0/examples/frdmkl25z/demo_apps/hello_world/kds/../../../../../lib/ksdk_platform_lib/kds/KL25Z4/debug/libksdk_platform.a(fsl_mcg_hal_modes.o)
                              C:/Freescale/KSDK_1.3.0/examples/frdmkl25z/demo_apps/hello_world/kds/../../../../../lib/ksdk_platform_lib/kds/KL25Z4/debug/libksdk_platform.a(fsl_clock_manager.o) (CLOCK_HAL_GetMcgMode)
C:/Freescale/KSDK_1.3.0/examples/frdmkl25z/demo_apps/hello_world/kds/../../../../../lib/ksdk_platform_lib/kds/KL25Z4/debug/libksdk_platform.a(fsl_lptmr_hal.o)
                              C:/Freescale/KSDK_1.3.0/examples/frdmkl25z/demo_apps/hello_world/kds/../../../../../lib/ksdk_platform_lib/kds/KL25Z4/debug/libksdk_platform.a(fsl_lptmr_driver.o) (LPTMR_HAL_Init)
C:/Freescale/KSDK_1.3.0/examples/frdmkl25z/demo_apps/hello_world/kds/../../../../../lib/ksdk_platform_lib/kds/KL25Z4/debug/libksdk_platform.a(fsl_lptmr_common.o)
                              C:/Freescale/KSDK_1.3.0/examples/frdmkl25z/demo_apps/hello_world/kds/../../../../../lib/ksdk_platform_lib/kds/KL25Z4/debug/libksdk_platform.a(fsl_lptmr_driver.o) (g_lptmrBase)
C:/Freescale/KSDK_1.3.0/examples/frdmkl25z/demo_apps/hello_world/kds/../../../../../lib/ksdk_platform_lib/kds/KL25Z4/debug/libksdk_platform.a(fsl_interrupt_manager.o)
[...]
Memory Configuration

Name             Origin             Length             Attributes
m_interrupts     0x00000000         0x00000100         xr
m_flash_config   0x00000400         0x00000010         xr
m_text           0x00000410         0x0001fbf0         xr
m_data           0x1ffff000         0x00004000         rw
*default*        0x00000000         0xffffffff

Linker script and memory map

LOAD c:/freescale/kds_v3/toolchain/bin/../lib/gcc/arm-none-eabi/4.8.4/armv6-m/crti.o
LOAD c:/freescale/kds_v3/toolchain/bin/../lib/gcc/arm-none-eabi/4.8.4/armv6-m/crtbegin.o
LOAD c:/freescale/kds_v3/toolchain/bin/../lib/gcc/arm-none-eabi/4.8.4/../../../../arm-none-eabi/lib/armv6-m/crt0.o
                0x00000c00                __stack_size__ = 0xc00
                0x00000200                __heap_size__ = 0x200
START GROUP
LOAD ./utilities/fsl_debug_console.o
LOAD ./utilities/fsl_misc_utilities.o
LOAD ./utilities/print_scan.o
LOAD ./startup/startup.o
LOAD ./startup/startup_MKL25Z4.o
LOAD ./startup/system_MKL25Z4.o
LOAD ./src/circbuff.o
LOAD ./src/uart.o
LOAD ./source/fsl_lptmr_irq.o
LOAD ./source/main.o
LOAD ./board/board.o
LOAD ./board/gpio_pins.o
LOAD ./board/hardware_init.o
LOAD ./board/pin_mux.o
LOAD C:/Freescale/KSDK_1.3.0/examples/frdmkl25z/demo_apps/hello_world/kds/../../../../../lib/ksdk_platform_lib/kds/KL25Z4/debug/libksdk_platform.a
LOAD c:/freescale/kds_v3/toolchain/bin/../lib/gcc/arm-none-eabi/4.8.4/../../../../arm-none-eabi/lib/armv6-m\libm.a
LOAD c:/freescale/kds_v3/toolchain/bin/../lib/gcc/arm-none-eabi/4.8.4/../../../../arm-none-eabi/lib/armv6-m\libg_s.a
LOAD c:/freescale/kds_v3/toolchain/bin/../lib/gcc/arm-none-eabi/4.8.4/armv6-m\libgcc.a
LOAD c:/freescale/kds_v3/toolchain/bin/../lib/gcc/arm-none-eabi/4.8.4/../../../../arm-none-eabi/lib/armv6-m\libnosys.a
END GROUP
START GROUP
LOAD c:/freescale/kds_v3/toolchain/bin/../lib/gcc/arm-none-eabi/4.8.4/armv6-m\libgcc.a
LOAD c:/freescale/kds_v3/toolchain/bin/../lib/gcc/arm-none-eabi/4.8.4/../../../../arm-none-eabi/lib/armv6-m\libg_s.a
LOAD c:/freescale/kds_v3/toolchain/bin/../lib/gcc/arm-none-eabi/4.8.4/../../../../arm-none-eabi/lib/armv6-m\libc_s.a
END GROUP
START GROUP
LOAD c:/freescale/kds_v3/toolchain/bin/../lib/gcc/arm-none-eabi/4.8.4/armv6-m\libgcc.a
LOAD c:/freescale/kds_v3/toolchain/bin/../lib/gcc/arm-none-eabi/4.8.4/../../../../arm-none-eabi/lib/armv6-m\libc_s.a
END GROUP
LOAD c:/freescale/kds_v3/toolchain/bin/../lib/gcc/arm-none-eabi/4.8.4/armv6-m/crtend.o
LOAD c:/freescale/kds_v3/toolchain/bin/../lib/gcc/arm-none-eabi/4.8.4/armv6-m/crtn.o
                0x00000400                HEAP_SIZE = DEFINED (__heap_size__)?__heap_size__:0x400
                0x00000400                STACK_SIZE = DEFINED (__stack_size__)?__stack_size__:0x400
                0x00000000                M_VECTOR_RAM_SIZE = DEFINED (__ram_vector_table__)?0x100:0x0

.interrupts     0x00000000       0xc0
                0x00000000                __VECTOR_TABLE = .
                0x00000000                . = ALIGN (0x4)
 *(.isr_vector)
 .isr_vector    0x00000000       0xc0 ./startup/startup_MKL25Z4.o
                0x00000000                __isr_vector
                0x000000c0                . = ALIGN (0x4)

.flash_config   0x00000400       0x10
                0x00000400                . = ALIGN (0x4)
 *(.FlashConfig)
 .FlashConfig   0x00000400       0x10 ./startup/startup_MKL25Z4.o
                0x00000410                . = ALIGN (0x4)

.text           0x00000410     0x6f98
                0x00000410                . = ALIGN (0x4)
 *(.text)
 .text          0x00000410       0x60 c:/freescale/kds_v3/toolchain/bin/../lib/gcc/arm-none-eabi/4.8.4/armv6-m/crtbegin.o
 .text          0x00000470       0x78 c:/freescale/kds_v3/toolchain/bin/../lib/gcc/arm-none-eabi/4.8.4/../../../../arm-none-eabi/lib/armv6-m/crt0.o
                0x00000470                _start
                0x00000470                _mainCRTStartup
 .text          0x000004e8       0x18 ./startup/startup_MKL25Z4.o
                0x000004e8                Reset_Handler
                0x000004f8                HardFault_Handler
                0x000004f8                SysTick_Handler
                0x000004f8                PendSV_Handler
                0x000004f8                NMI_Handler
                0x000004f8                I2C1_IRQHandler
                0x000004f8                UART1_IRQHandler
                0x000004f8                DMA2_IRQHandler
                0x000004f8                TPM0_IRQHandler
                0x000004f8                LLWU_IRQHandler
                0x000004f8                TSI0_IRQHandler
                0x000004f8                ADC0_IRQHandler
                0x000004f8                Reserved39_IRQHandler
                0x000004f8                SPI1_IRQHandler
                0x000004f8                DefaultISR
                0x000004f8                PORTD_IRQHandler
                0x000004f8                TPM2_IRQHandler
                0x000004f8                RTC_IRQHandler
                0x000004f8                I2C0_IRQHandler
                0x000004f8                RTC_Seconds_IRQHandler
                0x000004f8                MCG_IRQHandler
                0x000004f8                UART2_IRQHandler
                0x000004f8                Reserved20_IRQHandler
                0x000004f8                USB0_IRQHandler
                0x000004f8                PIT_IRQHandler
                0x000004f8                SVC_Handler
                0x000004f8                DMA3_IRQHandler
                0x000004f8                DMA0_IRQHandler
                0x000004f8                DAC0_IRQHandler
                0x000004f8                Reserved45_IRQHandler
                0x000004f8                TPM1_IRQHandler
                0x000004f8                LVD_LVW_IRQHandler
                0x000004f8                SPI0_IRQHandler
                0x000004f8                PORTA_IRQHandler
                0x000004f8                FTFA_IRQHandler
                0x000004f8                CMP0_IRQHandler
                0x000004f8                DMA1_IRQHandler
 .text          0x00000500       0x9c c:/freescale/kds_v3/toolchain/bin/../lib/gcc/arm-none-eabi/4.8.4/armv6-m\libgcc.a(_udivsi3.o)
                0x00000500                __aeabi_uidiv
                0x00000500                __udivsi3
                0x00000588                __aeabi_uidivmod
 .text          0x0000059c       0xc0 c:/freescale/kds_v3/toolchain/bin/../lib/gcc/arm-none-eabi/4.8.4/armv6-m\libgcc.a(_divsi3.o)
                0x0000059c                __divsi3
                0x0000059c                __aeabi_idiv
                0x00000648                __aeabi_idivmod
 .text          0x0000065c        0x4 c:/freescale/kds_v3/toolchain/bin/../lib/gcc/arm-none-eabi/4.8.4/armv6-m\libgcc.a(_dvmd_tls.o)
                0x0000065c                __aeabi_idiv0
                0x0000065c                __aeabi_ldiv0
 .text          0x00000660       0x7c c:/freescale/kds_v3/toolchain/bin/../lib/gcc/arm-none-eabi/4.8.4/armv6-m\libgcc.a(_arm_cmpdf2.o)
                0x00000660                __aeabi_cdrcmple
                0x00000670                __aeabi_cdcmple
                0x00000670                __aeabi_cdcmpeq
                0x00000680                __aeabi_dcmpeq
                0x0000068c                __aeabi_dcmplt
                0x000006a0                __aeabi_dcmple
                0x000006b4                __aeabi_dcmpgt
                0x000006c8                __aeabi_dcmpge
 *fill*         0x000006dc        0x4 
 .text          0x000006e0       0x40 c:/freescale/kds_v3/toolchain/bin/../lib/gcc/arm-none-eabi/4.8.4/armv6-m\libgcc.a(_fixunsdfsi.o)
                0x000006e0                __aeabi_d2uiz
                0x000006e0                __fixunsdfsi
 .text          0x00000720      0x644 c:/freescale/kds_v3/toolchain/bin/../lib/gcc/arm-none-eabi/4.8.4/armv6-m\libgcc.a(adddf3.o)
                0x00000720                __aeabi_dadd
 .text          0x00000d64      0x648 c:/freescale/kds_v3/toolchain/bin/../lib/gcc/arm-none-eabi/4.8.4/armv6-m\libgcc.a(divdf3.o)
                0x00000d64                __aeabi_ddiv
 .text          0x000013ac       0x94 c:/freescale/kds_v3/toolchain/bin/../lib/gcc/arm-none-eabi/4.8.4/armv6-m\libgcc.a(eqdf2.o)
                0x000013ac                __nedf2
                0x000013ac                __eqdf2
 .text          0x00001440       0xfc c:/freescale/kds_v3/toolchain/bin/../lib/gcc/arm-none-eabi/4.8.4/armv6-m\libgcc.a(gedf2.o)
                0x00001440                __gedf2
                0x00001440                __gtdf2
 .text          0x0000153c       0xfc c:/freescale/kds_v3/toolchain/bin/../lib/gcc/arm-none-eabi/4.8.4/armv6-m\libgcc.a(ledf2.o)
                0x0000153c                __ledf2
                0x0000153c                __ltdf2
 .text          0x00001638      0x520 c:/freescale/kds_v3/toolchain/bin/../lib/gcc/arm-none-eabi/4.8.4/armv6-m\libgcc.a(muldf3.o)
                0x00001638                __aeabi_dmul
 .text          0x00001b58      0x668 c:/freescale/kds_v3/toolchain/bin/../lib/gcc/arm-none-eabi/4.8.4/armv6-m\libgcc.a(subdf3.o)
                0x00001b58                __aeabi_dsub
 .text          0x000021c0       0x68 c:/freescale/kds_v3/toolchain/bin/../lib/gcc/arm-none-eabi/4.8.4/armv6-m\libgcc.a(fixdfsi.o)
                0x000021c0                __aeabi_d2iz
 .text          0x00002228       0x7c c:/freescale/kds_v3/toolchain/bin/../lib/gcc/arm-none-eabi/4.8.4/armv6-m\libgcc.a(floatsidf.o)
                0x00002228                __aeabi_i2d
 .text          0x000022a4       0x3c c:/freescale/kds_v3/toolchain/bin/../lib/gcc/arm-none-eabi/4.8.4/armv6-m\libgcc.a(_clzsi2.o)
                0x000022a4                __clzsi2
 *(.text*)
 .text.UART_HAL_EnableTransmitter
                0x000022e0       0x1c ./utilities/fsl_debug_console.o
 .text.UART_HAL_EnableReceiver
                0x000022fc       0x1c ./utilities/fsl_debug_console.o
 .text.UART_HAL_SetBitCountPerChar
                0x00002318       0x28 ./utilities/fsl_debug_console.o
 .text.UART_HAL_SetStopBitCount
                0x00002340       0x28 ./utilities/fsl_debug_console.o
 .text.LPSCI_HAL_EnableTransmitter
                0x00002368       0x1c ./utilities/fsl_debug_console.o
 .text.LPSCI_HAL_EnableReceiver
                0x00002384       0x1c ./utilities/fsl_debug_console.o
 .text.LPSCI_HAL_SetBitCountPerChar
                0x000023a0       0x28 ./utilities/fsl_debug_console.o
 .text.LPSCI_HAL_SetStopBitCount
                0x000023c8       0x28 ./utilities/fsl_debug_console.o
 .text.DbgConsole_Init
                0x000023f0      0x160 ./utilities/fsl_debug_console.o
                0x000023f0                DbgConsole_Init
 .text._write   0x00002550       0x5c ./utilities/fsl_debug_console.o
                0x00002550                _write
 .text._read    0x000025ac       0x48 ./utilities/fsl_debug_console.o
                0x000025ac                _read
 .text._sbrk    0x000025f4       0x5c ./utilities/fsl_misc_utilities.o
                0x000025f4                _sbrk
 .text.init_data_bss
                0x00002650       0xc8 ./startup/startup.o
                0x00002650                init_data_bss
 .text.SystemInit
                0x00002718       0x18 ./startup/system_MKL25Z4.o
                0x00002718                SystemInit
 .text.push     0x00002730       0x80 ./src/circbuff.o
                0x00002730                push
 .text.pop      0x000027b0       0x6c ./src/circbuff.o
                0x000027b0                pop
 .text.circbuff_reset
                0x0000281c       0x20 ./src/circbuff.o
                0x0000281c                circbuff_reset
 .text.circbuff_init
                0x0000283c       0x44 ./src/circbuff.o
                0x0000283c                circbuff_init
 .text.buffer_status
                0x00002880       0x3c ./src/circbuff.o
                0x00002880                buffer_status
 .text.buffer_size
                0x000028bc       0x1c ./src/circbuff.o
                0x000028bc                buffer_size
 .text.NVIC_EnableIRQ
                0x000028d8       0x2c ./src/uart.o
 .text.uart_init
                0x00002904       0xf0 ./src/uart.o
                0x00002904                uart_init
 .text.uart_tx  0x000029f4       0x40 ./src/uart.o
                0x000029f4                uart_tx
 .text.report   0x00002a34       0xb0 ./src/uart.o
                0x00002a34                report
 .text.UART0_IRQHandler
                0x00002ae4       0x78 ./src/uart.o
                0x00002ae4                UART0_IRQHandler
 *fill*         0x00002b5c        0x4 
 .text.myprintf
                0x00002b60      0x1a8 ./src/uart.o
                0x00002b60                myprintf
 .text.LPTMR0_IRQHandler
                0x00002d08       0x10 ./source/fsl_lptmr_irq.o
                0x00002d08                LPTMR0_IRQHandler
 .text.main     0x00002d18       0x7c ./source/main.o
                0x00002d18                main
 .text.PORT_HAL_SetMuxMode
                0x00002d94       0x4c ./board/board.o
 .text.CLOCK_HAL_SetLpsciSrc
                0x00002de0       0x30 ./board/board.o
 .text.CLOCK_SYS_SetLpsciSrc
                0x00002e10       0x2c ./board/board.o
 .text.SMC_HAL_SetProtection
                0x00002e3c       0x1c ./board/board.o
 .text.BOARD_InitOsc0
                0x00002e58       0x40 ./board/board.o
                0x00002e58                BOARD_InitOsc0
 .text.CLOCK_SetBootConfig
                0x00002e98       0x3c ./board/board.o
 .text.BOARD_ClockInit
                0x00002ed4       0x44 ./board/board.o
                0x00002ed4                BOARD_ClockInit
 .text.dbg_uart_init
                0x00002f18       0x24 ./board/board.o
                0x00002f18                dbg_uart_init
 .text.hardware_init
                0x00002f3c       0x24 ./board/hardware_init.o
                0x00002f3c                hardware_init
 .text.PORT_HAL_SetMuxMode
                0x00002f60       0x4c ./board/pin_mux.o
 .text.configure_lpsci_pins
                0x00002fac       0x34 ./board/pin_mux.o
                0x00002fac                configure_lpsci_pins
 .text.UART_HAL_SetBaudRate
                0x00002fe0       0x6c C:/Freescale/KSDK_1.3.0/examples/frdmkl25z/demo_apps/hello_world/kds/../../../../../lib/ksdk_platform_lib/kds/KL25Z4/debug/libksdk_platform.a(fsl_uart_hal.o)
                0x00002fe0                UART_HAL_SetBaudRate
 .text.UART_HAL_SetParityMode
                0x0000304c       0x40 C:/Freescale/KSDK_1.3.0/examples/frdmkl25z/demo_apps/hello_world/kds/../../../../../lib/ksdk_platform_lib/kds/KL25Z4/debug/libksdk_platform.a(fsl_uart_hal.o)
                0x0000304c                UART_HAL_SetParityMode
 .text.UART_HAL_Putchar
                0x0000308c       0x34 C:/Freescale/KSDK_1.3.0/examples/frdmkl25z/demo_apps/hello_world/kds/../../../../../lib/ksdk_platform_lib/kds/KL25Z4/debug/libksdk_platform.a(fsl_uart_hal.o)
                0x0000308c                UART_HAL_Putchar
 .text.UART_HAL_Getchar
                0x000030c0       0x34 C:/Freescale/KSDK_1.3.0/examples/frdmkl25z/demo_apps/hello_world/kds/../../../../../lib/ksdk_platform_lib/kds/KL25Z4/debug/libksdk_platform.a(fsl_uart_hal.o)
                0x000030c0                UART_HAL_Getchar
 .text.UART_HAL_SendDataPolling
                0x000030f4       0x44 C:/Freescale/KSDK_1.3.0/examples/frdmkl25z/demo_apps/hello_world/kds/../../../../../lib/ksdk_platform_lib/kds/KL25Z4/debug/libksdk_platform.a(fsl_uart_hal.o)
                0x000030f4                UART_HAL_SendDataPolling
 .text.UART_HAL_ReceiveDataPolling
                0x00003138       0xa4 C:/Freescale/KSDK_1.3.0/examples/frdmkl25z/demo_apps/hello_world/kds/../../../../../lib/ksdk_platform_lib/kds/KL25Z4/debug/libksdk_platform.a(fsl_uart_hal.o)
                0x00003138                UART_HAL_ReceiveDataPolling
 .text.LPTMR_HAL_ClearIntFlag
                0x000031dc       0x1c C:/Freescale/KSDK_1.3.0/examples/frdmkl25z/demo_apps/hello_world/kds/../../../../../lib/ksdk_platform_lib/kds/KL25Z4/debug/libksdk_platform.a(fsl_lptmr_driver.o)
 .text.SIM_HAL_GetGateCmd
                0x000031f8       0x50 C:/Freescale/KSDK_1.3.0/examples/frdmkl25z/demo_apps/hello_world/kds/../../../../../lib/ksdk_platform_lib/kds/KL25Z4/debug/libksdk_platform.a(fsl_lptmr_driver.o)
 .text.CLOCK_SYS_GetLptmrGateCmd
                0x00003248       0x20 C:/Freescale/KSDK_1.3.0/examples/frdmkl25z/demo_apps/hello_world/kds/../../../../../lib/ksdk_platform_lib/kds/KL25Z4/debug/libksdk_platform.a(fsl_lptmr_driver.o)
 .text.LPTMR_DRV_IRQHandler
                0x00003268       0x90 C:/Freescale/KSDK_1.3.0/examples/frdmkl25z/demo_apps/hello_world/kds/../../../../../lib/ksdk_platform_lib/kds/KL25Z4/debug/libksdk_platform.a(fsl_lptmr_driver.o)
                0x00003268                LPTMR_DRV_IRQHandler
 .text.LPSCI_HAL_Putchar
                0x000032f8       0x1c C:/Freescale/KSDK_1.3.0/examples/frdmkl25z/demo_apps/hello_world/kds/../../../../../lib/ksdk_platform_lib/kds/KL25Z4/debug/libksdk_platform.a(fsl_lpsci_hal.o)
 .text.LPSCI_HAL_Getchar
                0x00003314       0x1c C:/Freescale/KSDK_1.3.0/examples/frdmkl25z/demo_apps/hello_world/kds/../../../../../lib/ksdk_platform_lib/kds/KL25Z4/debug/libksdk_platform.a(fsl_lpsci_hal.o)
 .text.LPSCI_HAL_SetBaudRate
                0x00003330      0x14c C:/Freescale/KSDK_1.3.0/examples/frdmkl25z/demo_apps/hello_world/kds/../../../../../lib/ksdk_platform_lib/kds/KL25Z4/debug/libksdk_platform.a(fsl_lpsci_hal.o)
                0x00003330                LPSCI_HAL_SetBaudRate
 .text.LPSCI_HAL_SetParityMode
                0x0000347c       0x40 C:/Freescale/KSDK_1.3.0/examples/frdmkl25z/demo_apps/hello_world/kds/../../../../../lib/ksdk_platform_lib/kds/KL25Z4/debug/libksdk_platform.a(fsl_lpsci_hal.o)
                0x0000347c                LPSCI_HAL_SetParityMode
 .text.LPSCI_HAL_SendDataPolling
                0x000034bc       0x44 C:/Freescale/KSDK_1.3.0/examples/frdmkl25z/demo_apps/hello_world/kds/../../../../../lib/ksdk_platform_lib/kds/KL25Z4/debug/libksdk_platform.a(fsl_lpsci_hal.o)
                0x000034bc                LPSCI_HAL_SendDataPolling
 .text.LPSCI_HAL_ReceiveDataPolling
                0x00003500       0x88 C:/Freescale/KSDK_1.3.0/examples/frdmkl25z/demo_apps/hello_world/kds/../../../../../lib/ksdk_platform_lib/kds/KL25Z4/debug/libksdk_platform.a(fsl_lpsci_hal.o)
                0x00003500                LPSCI_HAL_ReceiveDataPolling
 .text.PORT_HAL_SetSlewRateMode
                0x00003588       0x4c C:/Freescale/KSDK_1.3.0/examples/frdmkl25z/demo_apps/hello_world/kds/../../../../../lib/ksdk_platform_lib/kds/KL25Z4/debug/libksdk_platform.a(fsl_gpio_driver.o)
 .text.PORT_HAL_SetDriveStrengthMode
                0x000035d4       0x4c C:/Freescale/KSDK_1.3.0/examples/frdmkl25z/demo_apps/hello_world/kds/../../../../../lib/ksdk_platform_lib/kds/KL25Z4/debug/libksdk_platform.a(fsl_gpio_driver.o)
 .text.PORT_HAL_SetMuxMode
                0x00003620       0x4c C:/Freescale/KSDK_1.3.0/examples/frdmkl25z/demo_apps/hello_world/kds/../../../../../lib/ksdk_platform_lib/kds/KL25Z4/debug/libksdk_platform.a(fsl_gpio_driver.o)
 .text.GPIO_DRV_OutputPinInit
                0x0000366c       0x9c C:/Freescale/KSDK_1.3.0/examples/frdmkl25z/demo_apps/hello_world/kds/../../../../../lib/ksdk_platform_lib/kds/KL25Z4/debug/libksdk_platform.a(fsl_gpio_driver.o)
                0x0000366c                GPIO_DRV_OutputPinInit
 .text.SIM_HAL_EnableClock
                0x00003708       0x58 C:/Freescale/KSDK_1.3.0/examples/frdmkl25z/demo_apps/hello_world/kds/../../../../../lib/ksdk_platform_lib/kds/KL25Z4/debug/libksdk_platform.a(fsl_clock_MKL25Z4.o)
 .text.CLOCK_HAL_GetLpsciSrc
                0x00003760       0x28 C:/Freescale/KSDK_1.3.0/examples/frdmkl25z/demo_apps/hello_world/kds/../../../../../lib/ksdk_platform_lib/kds/KL25Z4/debug/libksdk_platform.a(fsl_clock_MKL25Z4.o)
 .text.CLOCK_HAL_SetExternalRefClock32kSrc
                0x00003788       0x28 C:/Freescale/KSDK_1.3.0/examples/frdmkl25z/demo_apps/hello_world/kds/../../../../../lib/ksdk_platform_lib/kds/KL25Z4/debug/libksdk_platform.a(fsl_clock_MKL25Z4.o)
 .text.CLOCK_HAL_SetPllfllSel
                0x000037b0       0x2c C:/Freescale/KSDK_1.3.0/examples/frdmkl25z/demo_apps/hello_world/kds/../../../../../lib/ksdk_platform_lib/kds/KL25Z4/debug/libksdk_platform.a(fsl_clock_MKL25Z4.o)
 .text.CLOCK_HAL_GetPllfllSel
                0x000037dc       0x24 C:/Freescale/KSDK_1.3.0/examples/frdmkl25z/demo_apps/hello_world/kds/../../../../../lib/ksdk_platform_lib/kds/KL25Z4/debug/libksdk_platform.a(fsl_clock_MKL25Z4.o)
 .text.CLOCK_HAL_GetOutDiv1
                0x00003800       0x28 C:/Freescale/KSDK_1.3.0/examples/frdmkl25z/demo_apps/hello_world/kds/../../../../../lib/ksdk_platform_lib/kds/KL25Z4/debug/libksdk_platform.a(fsl_clock_MKL25Z4.o)
 .text.CLOCK_HAL_GetOutDiv4
                0x00003828       0x28 C:/Freescale/KSDK_1.3.0/examples/frdmkl25z/demo_apps/hello_world/kds/../../../../../lib/ksdk_platform_lib/kds/KL25Z4/debug/libksdk_platform.a(fsl_clock_MKL25Z4.o)
 .text.OSC_HAL_GetExternalRefClkCmd
                0x00003850       0x24 C:/Freescale/KSDK_1.3.0/examples/frdmkl25z/demo_apps/hello_world/kds/../../../../../lib/ksdk_platform_lib/kds/KL25Z4/debug/libksdk_platform.a(fsl_clock_MKL25Z4.o)
 .text.CLOCK_SYS_SetSimConfigration
                0x00003874       0x48 C:/Freescale/KSDK_1.3.0/examples/frdmkl25z/demo_apps/hello_world/kds/../../../../../lib/ksdk_platform_lib/kds/KL25Z4/debug/libksdk_platform.a(fsl_clock_MKL25Z4.o)
                0x00003874                CLOCK_SYS_SetSimConfigration
 .text.CLOCK_SYS_GetSystemClockFreq
                0x000038bc       0x34 C:/Freescale/KSDK_1.3.0/examples/frdmkl25z/demo_apps/hello_world/kds/../../../../../lib/ksdk_platform_lib/kds/KL25Z4/debug/libksdk_platform.a(fsl_clock_MKL25Z4.o)
                0x000038bc                CLOCK_SYS_GetSystemClockFreq
 .text.CLOCK_SYS_GetBusClockFreq
                0x000038f0       0x2c C:/Freescale/KSDK_1.3.0/examples/frdmkl25z/demo_apps/hello_world/kds/../../../../../lib/ksdk_platform_lib/kds/KL25Z4/debug/libksdk_platform.a(fsl_clock_MKL25Z4.o)
                0x000038f0                CLOCK_SYS_GetBusClockFreq
 .text.CLOCK_SYS_GetPllFllClockFreq
                0x0000391c       0x5c C:/Freescale/KSDK_1.3.0/examples/frdmkl25z/demo_apps/hello_world/kds/../../../../../lib/ksdk_platform_lib/kds/KL25Z4/debug/libksdk_platform.a(fsl_clock_MKL25Z4.o)
                0x0000391c                CLOCK_SYS_GetPllFllClockFreq
 .text.CLOCK_SYS_GetOsc0ExternalRefClockFreq
                0x00003978       0x2c C:/Freescale/KSDK_1.3.0/examples/frdmkl25z/demo_apps/hello_world/kds/../../../../../lib/ksdk_platform_lib/kds/KL25Z4/debug/libksdk_platform.a(fsl_clock_MKL25Z4.o)
                0x00003978                CLOCK_SYS_GetOsc0ExternalRefClockFreq
 .text.CLOCK_SYS_GetLpsciFreq
                0x000039a4       0x68 C:/Freescale/KSDK_1.3.0/examples/frdmkl25z/demo_apps/hello_world/kds/../../../../../lib/ksdk_platform_lib/kds/KL25Z4/debug/libksdk_platform.a(fsl_clock_MKL25Z4.o)
                0x000039a4                CLOCK_SYS_GetLpsciFreq
 .text.CLOCK_SYS_GetUartFreq
                0x00003a0c       0x2c C:/Freescale/KSDK_1.3.0/examples/frdmkl25z/demo_apps/hello_world/kds/../../../../../lib/ksdk_platform_lib/kds/KL25Z4/debug/libksdk_platform.a(fsl_clock_MKL25Z4.o)
                0x00003a0c                CLOCK_SYS_GetUartFreq
 .text.CLOCK_SYS_EnablePortClock
                0x00003a38       0x4c C:/Freescale/KSDK_1.3.0/examples/frdmkl25z/demo_apps/hello_world/kds/../../../../../lib/ksdk_platform_lib/kds/KL25Z4/debug/libksdk_platform.a(fsl_clock_MKL25Z4.o)
                0x00003a38                CLOCK_SYS_EnablePortClock
 .text.CLOCK_SYS_EnableLpsciClock
                0x00003a84       0x40 C:/Freescale/KSDK_1.3.0/examples/frdmkl25z/demo_apps/hello_world/kds/../../../../../lib/ksdk_platform_lib/kds/KL25Z4/debug/libksdk_platform.a(fsl_clock_MKL25Z4.o)
                0x00003a84                CLOCK_SYS_EnableLpsciClock
 .text.CLOCK_SYS_EnableUartClock
                0x00003ac4       0x4c C:/Freescale/KSDK_1.3.0/examples/frdmkl25z/demo_apps/hello_world/kds/../../../../../lib/ksdk_platform_lib/kds/KL25Z4/debug/libksdk_platform.a(fsl_clock_MKL25Z4.o)
                0x00003ac4                CLOCK_SYS_EnableUartClock
 .text.CLOCK_HAL_SetClkOutSrc
                0x00003b10       0x28 C:/Freescale/KSDK_1.3.0/examples/frdmkl25z/demo_apps/hello_world/kds/../../../../../lib/ksdk_platform_lib/kds/KL25Z4/debug/libksdk_platform.a(fsl_clock_manager.o)
 .text.CLOCK_HAL_SetClksFrdivIrefs
                0x00003b38       0x60 C:/Freescale/KSDK_1.3.0/examples/frdmkl25z/demo_apps/hello_world/kds/../../../../../lib/ksdk_platform_lib/kds/KL25Z4/debug/libksdk_platform.a(fsl_clock_manager.o)
 .text.CLOCK_HAL_GetClkOutStat
                0x00003b98       0x20 C:/Freescale/KSDK_1.3.0/examples/frdmkl25z/demo_apps/hello_world/kds/../../../../../lib/ksdk_platform_lib/kds/KL25Z4/debug/libksdk_platform.a(fsl_clock_manager.o)
 .text.CLOCK_HAL_GetFllSrc
                0x00003bb8       0x20 C:/Freescale/KSDK_1.3.0/examples/frdmkl25z/demo_apps/hello_world/kds/../../../../../lib/ksdk_platform_lib/kds/KL25Z4/debug/libksdk_platform.a(fsl_clock_manager.o)
 .text.CLOCK_HAL_IsOsc0Stable
                0x00003bd8       0x24 C:/Freescale/KSDK_1.3.0/examples/frdmkl25z/demo_apps/hello_world/kds/../../../../../lib/ksdk_platform_lib/kds/KL25Z4/debug/libksdk_platform.a(fsl_clock_manager.o)
 .text.OSC_HAL_SetExternalRefClkCmd
                0x00003bfc       0x28 C:/Freescale/KSDK_1.3.0/examples/frdmkl25z/demo_apps/hello_world/kds/../../../../../lib/ksdk_platform_lib/kds/KL25Z4/debug/libksdk_platform.a(fsl_clock_manager.o)
 .text.OSC_HAL_SetExternalRefClkInStopModeCmd
                0x00003c24       0x28 C:/Freescale/KSDK_1.3.0/examples/frdmkl25z/demo_apps/hello_world/kds/../../../../../lib/ksdk_platform_lib/kds/KL25Z4/debug/libksdk_platform.a(fsl_clock_manager.o)
 .text.CLOCK_SYS_BootToPee
                0x00003c4c       0xd0 C:/Freescale/KSDK_1.3.0/examples/frdmkl25z/demo_apps/hello_world/kds/../../../../../lib/ksdk_platform_lib/kds/KL25Z4/debug/libksdk_platform.a(fsl_clock_manager.o)
                0x00003c4c                CLOCK_SYS_BootToPee
 .text.CLOCK_SYS_OscInit
                0x00003d1c       0xf0 C:/Freescale/KSDK_1.3.0/examples/frdmkl25z/demo_apps/hello_world/kds/../../../../../lib/ksdk_platform_lib/kds/KL25Z4/debug/libksdk_platform.a(fsl_clock_manager.o)
                0x00003d1c                CLOCK_SYS_OscInit
 .text.CLOCK_SYS_SetOscerConfigration
                0x00003e0c       0x3c C:/Freescale/KSDK_1.3.0/examples/frdmkl25z/demo_apps/hello_world/kds/../../../../../lib/ksdk_platform_lib/kds/KL25Z4/debug/libksdk_platform.a(fsl_clock_manager.o)
                0x00003e0c                CLOCK_SYS_SetOscerConfigration
 .text.CLOCK_HAL_SetOutDiv
                0x00003e48       0x50 C:/Freescale/KSDK_1.3.0/examples/frdmkl25z/demo_apps/hello_world/kds/../../../../../lib/ksdk_platform_lib/kds/KL25Z4/debug/libksdk_platform.a(fsl_sim_hal_MKL25Z4.o)
                0x00003e48                CLOCK_HAL_SetOutDiv
 .text.OSC_HAL_SetCapacitor
                0x00003e98       0x28 C:/Freescale/KSDK_1.3.0/examples/frdmkl25z/demo_apps/hello_world/kds/../../../../../lib/ksdk_platform_lib/kds/KL25Z4/debug/libksdk_platform.a(fsl_osc_hal.o)
                0x00003e98                OSC_HAL_SetCapacitor
 .text.CLOCK_HAL_GetClkOutStat
                0x00003ec0       0x20 C:/Freescale/KSDK_1.3.0/examples/frdmkl25z/demo_apps/hello_world/kds/../../../../../lib/ksdk_platform_lib/kds/KL25Z4/debug/libksdk_platform.a(fsl_mcg_hal.o)
 .text.CLOCK_HAL_SetInternalRefClkMode
                0x00003ee0       0x24 C:/Freescale/KSDK_1.3.0/examples/frdmkl25z/demo_apps/hello_world/kds/../../../../../lib/ksdk_platform_lib/kds/KL25Z4/debug/libksdk_platform.a(fsl_mcg_hal.o)
 .text.CLOCK_HAL_GetInternalRefClkMode
                0x00003f04       0x20 C:/Freescale/KSDK_1.3.0/examples/frdmkl25z/demo_apps/hello_world/kds/../../../../../lib/ksdk_platform_lib/kds/KL25Z4/debug/libksdk_platform.a(fsl_mcg_hal.o)
 .text.CLOCK_HAL_IsPllSelected
                0x00003f24       0x24 C:/Freescale/KSDK_1.3.0/examples/frdmkl25z/demo_apps/hello_world/kds/../../../../../lib/ksdk_platform_lib/kds/KL25Z4/debug/libksdk_platform.a(fsl_mcg_hal.o)
 .text.CLOCK_HAL_IsOsc0Stable
                0x00003f48       0x24 C:/Freescale/KSDK_1.3.0/examples/frdmkl25z/demo_apps/hello_world/kds/../../../../../lib/ksdk_platform_lib/kds/KL25Z4/debug/libksdk_platform.a(fsl_mcg_hal.o)
 .text.CLOCK_HAL_PrepareOsc
                0x00003f6c       0x3c C:/Freescale/KSDK_1.3.0/examples/frdmkl25z/demo_apps/hello_world/kds/../../../../../lib/ksdk_platform_lib/kds/KL25Z4/debug/libksdk_platform.a(fsl_mcg_hal.o)
                0x00003f6c                CLOCK_HAL_PrepareOsc
 .text.CLOCK_HAL_GetMcgExternalClkFreq
                0x00003fa8       0x18 C:/Freescale/KSDK_1.3.0/examples/frdmkl25z/demo_apps/hello_world/kds/../../../../../lib/ksdk_platform_lib/kds/KL25Z4/debug/libksdk_platform.a(fsl_mcg_hal.o)
 .text.CLOCK_HAL_TestFllExternalRefFreq
                0x00003fc0       0x7c C:/Freescale/KSDK_1.3.0/examples/frdmkl25z/demo_apps/hello_world/kds/../../../../../lib/ksdk_platform_lib/kds/KL25Z4/debug/libksdk_platform.a(fsl_mcg_hal.o)
                0x00003fc0                CLOCK_HAL_TestFllExternalRefFreq
 .text.CLOCK_HAL_GetFllRefClk
                0x0000403c       0x8c C:/Freescale/KSDK_1.3.0/examples/frdmkl25z/demo_apps/hello_world/kds/../../../../../lib/ksdk_platform_lib/kds/KL25Z4/debug/libksdk_platform.a(fsl_mcg_hal.o)
                0x0000403c                CLOCK_HAL_GetFllRefClk
 .text.CLOCK_HAL_TestFllFreq
                0x000040c8       0x6c C:/Freescale/KSDK_1.3.0/examples/frdmkl25z/demo_apps/hello_world/kds/../../../../../lib/ksdk_platform_lib/kds/KL25Z4/debug/libksdk_platform.a(fsl_mcg_hal.o)
                0x000040c8                CLOCK_HAL_TestFllFreq
 .text.CLOCK_HAL_GetFllClk
                0x00004134       0x7c C:/Freescale/KSDK_1.3.0/examples/frdmkl25z/demo_apps/hello_world/kds/../../../../../lib/ksdk_platform_lib/kds/KL25Z4/debug/libksdk_platform.a(fsl_mcg_hal.o)
                0x00004134                CLOCK_HAL_GetFllClk
 .text.CLOCK_HAL_UpdateFastClkInternalRefDiv
                0x000041b0       0xb8 C:/Freescale/KSDK_1.3.0/examples/frdmkl25z/demo_apps/hello_world/kds/../../../../../lib/ksdk_platform_lib/kds/KL25Z4/debug/libksdk_platform.a(fsl_mcg_hal.o)
                0x000041b0                CLOCK_HAL_UpdateFastClkInternalRefDiv
 .text.CLOCK_HAL_UpdateInternalRefClk
                0x00004268       0x8c C:/Freescale/KSDK_1.3.0/examples/frdmkl25z/demo_apps/hello_world/kds/../../../../../lib/ksdk_platform_lib/kds/KL25Z4/debug/libksdk_platform.a(fsl_mcg_hal.o)
                0x00004268                CLOCK_HAL_UpdateInternalRefClk
 .text.CLOCK_HAL_GetPll0RefFreq
                0x000042f4       0x1c C:/Freescale/KSDK_1.3.0/examples/frdmkl25z/demo_apps/hello_world/kds/../../../../../lib/ksdk_platform_lib/kds/KL25Z4/debug/libksdk_platform.a(fsl_mcg_hal.o)
                0x000042f4                CLOCK_HAL_GetPll0RefFreq
 .text.CLOCK_HAL_GetPll0Clk
                0x00004310       0x90 C:/Freescale/KSDK_1.3.0/examples/frdmkl25z/demo_apps/hello_world/kds/../../../../../lib/ksdk_platform_lib/kds/KL25Z4/debug/libksdk_platform.a(fsl_mcg_hal.o)
                0x00004310                CLOCK_HAL_GetPll0Clk
 .text.CLOCK_HAL_GetInternalRefClk
                0x000043a0       0x64 C:/Freescale/KSDK_1.3.0/examples/frdmkl25z/demo_apps/hello_world/kds/../../../../../lib/ksdk_platform_lib/kds/KL25Z4/debug/libksdk_platform.a(fsl_mcg_hal.o)
                0x000043a0                CLOCK_HAL_GetInternalRefClk
 .text.CLOCK_HAL_GetOutClk
                0x00004404       0x7c C:/Freescale/KSDK_1.3.0/examples/frdmkl25z/demo_apps/hello_world/kds/../../../../../lib/ksdk_platform_lib/kds/KL25Z4/debug/libksdk_platform.a(fsl_mcg_hal.o)
                0x00004404                CLOCK_HAL_GetOutClk
 .text.CLOCK_HAL_SetOsc0Mode
                0x00004480       0x68 C:/Freescale/KSDK_1.3.0/examples/frdmkl25z/demo_apps/hello_world/kds/../../../../../lib/ksdk_platform_lib/kds/KL25Z4/debug/libksdk_platform.a(fsl_mcg_hal.o)
                0x00004480                CLOCK_HAL_SetOsc0Mode
 .text.CLOCK_HAL_GetClkOutStat
                0x000044e8       0x20 C:/Freescale/KSDK_1.3.0/examples/frdmkl25z/demo_apps/hello_world/kds/../../../../../lib/ksdk_platform_lib/kds/KL25Z4/debug/libksdk_platform.a(fsl_mcg_hal_modes.o)
 .text.CLOCK_HAL_SetPll0EnableCmd
                0x00004508       0x28 C:/Freescale/KSDK_1.3.0/examples/frdmkl25z/demo_apps/hello_world/kds/../../../../../lib/ksdk_platform_lib/kds/KL25Z4/debug/libksdk_platform.a(fsl_mcg_hal_modes.o)
 .text.CLOCK_HAL_IsPll0Locked
                0x00004530       0x24 C:/Freescale/KSDK_1.3.0/examples/frdmkl25z/demo_apps/hello_world/kds/../../../../../lib/ksdk_platform_lib/kds/KL25Z4/debug/libksdk_platform.a(fsl_mcg_hal_modes.o)
 .text.CLOCK_HAL_IsPllSelected
                0x00004554       0x24 C:/Freescale/KSDK_1.3.0/examples/frdmkl25z/demo_apps/hello_world/kds/../../../../../lib/ksdk_platform_lib/kds/KL25Z4/debug/libksdk_platform.a(fsl_mcg_hal_modes.o)
 .text.CLOCK_HAL_SetPbeMode
                0x00004578      0x100 C:/Freescale/KSDK_1.3.0/examples/frdmkl25z/demo_apps/hello_world/kds/../../../../../lib/ksdk_platform_lib/kds/KL25Z4/debug/libksdk_platform.a(fsl_mcg_hal_modes.o)
                0x00004578                CLOCK_HAL_SetPbeMode
 .text.GPIO_HAL_SetPinDir
                0x00004678       0x6c C:/Freescale/KSDK_1.3.0/examples/frdmkl25z/demo_apps/hello_world/kds/../../../../../lib/ksdk_platform_lib/kds/KL25Z4/debug/libksdk_platform.a(fsl_gpio_hal.o)
                0x00004678                GPIO_HAL_SetPinDir
 .text.GPIO_HAL_WritePinOutput
                0x000046e4       0x50 C:/Freescale/KSDK_1.3.0/examples/frdmkl25z/demo_apps/hello_world/kds/../../../../../lib/ksdk_platform_lib/kds/KL25Z4/debug/libksdk_platform.a(fsl_gpio_hal.o)
                0x000046e4                GPIO_HAL_WritePinOutput
 *fill*         0x00004734        0x4 
 .text.pow      0x00004738      0x370 c:/freescale/kds_v3/toolchain/bin/../lib/gcc/arm-none-eabi/4.8.4/../../../../arm-none-eabi/lib/armv6-m\libm.a(lib_a-w_pow.o)
                0x00004738                pow
 .text.__ieee754_pow
                0x00004aa8      0xb20 c:/freescale/kds_v3/toolchain/bin/../lib/gcc/arm-none-eabi/4.8.4/../../../../arm-none-eabi/lib/armv6-m\libm.a(lib_a-e_pow.o)
                0x00004aa8                __ieee754_pow
 .text.__ieee754_sqrt
                0x000055c8      0x1cc c:/freescale/kds_v3/toolchain/bin/../lib/gcc/arm-none-eabi/4.8.4/../../../../arm-none-eabi/lib/armv6-m\libm.a(lib_a-e_sqrt.o)
                0x000055c8                __ieee754_sqrt
 .text.fabs     0x00005794        0x8 c:/freescale/kds_v3/toolchain/bin/../lib/gcc/arm-none-eabi/4.8.4/../../../../arm-none-eabi/lib/armv6-m\libm.a(lib_a-s_fabs.o)
                0x00005794                fabs
 .text.finite   0x0000579c       0x10 c:/freescale/kds_v3/toolchain/bin/../lib/gcc/arm-none-eabi/4.8.4/../../../../arm-none-eabi/lib/armv6-m\libm.a(lib_a-s_finite.o)
                0x0000579c                finite
 .text.__fpclassifyd
                0x000057ac       0x60 c:/freescale/kds_v3/toolchain/bin/../lib/gcc/arm-none-eabi/4.8.4/../../../../arm-none-eabi/lib/armv6-m\libm.a(lib_a-s_fpclassify.o)
                0x000057ac                __fpclassifyd
 .text.matherr  0x0000580c        0x4 c:/freescale/kds_v3/toolchain/bin/../lib/gcc/arm-none-eabi/4.8.4/../../../../arm-none-eabi/lib/armv6-m\libm.a(lib_a-s_matherr.o)
                0x0000580c                matherr
 .text.nan      0x00005810       0x10 c:/freescale/kds_v3/toolchain/bin/../lib/gcc/arm-none-eabi/4.8.4/../../../../arm-none-eabi/lib/armv6-m\libm.a(lib_a-s_nan.o)
                0x00005810                nan
 .text.rint     0x00005820      0x154 c:/freescale/kds_v3/toolchain/bin/../lib/gcc/arm-none-eabi/4.8.4/../../../../arm-none-eabi/lib/armv6-m\libm.a(lib_a-s_rint.o)
                0x00005820                rint
 *fill*         0x00005974        0x4 
 .text.scalbn   0x00005978      0x110 c:/freescale/kds_v3/toolchain/bin/../lib/gcc/arm-none-eabi/4.8.4/../../../../arm-none-eabi/lib/armv6-m\libm.a(lib_a-s_scalbn.o)
                0x00005978                scalbn
 .text.copysign
                0x00005a88       0x10 c:/freescale/kds_v3/toolchain/bin/../lib/gcc/arm-none-eabi/4.8.4/../../../../arm-none-eabi/lib/armv6-m\libm.a(lib_a-s_copysign.o)
                0x00005a88                copysign
 .text.__assert_func
                0x00005a98       0x3c c:/freescale/kds_v3/toolchain/bin/../lib/gcc/arm-none-eabi/4.8.4/../../../../arm-none-eabi/lib/armv6-m\libg_s.a(lib_a-assert.o)
                0x00005a98                __assert_func
 .text.__errno  0x00005ad4        0xc c:/freescale/kds_v3/toolchain/bin/../lib/gcc/arm-none-eabi/4.8.4/../../../../arm-none-eabi/lib/armv6-m\libg_s.a(lib_a-errno.o)
                0x00005ad4                __errno
 .text.exit     0x00005ae0       0x2c c:/freescale/kds_v3/toolchain/bin/../lib/gcc/arm-none-eabi/4.8.4/../../../../arm-none-eabi/lib/armv6-m\libg_s.a(lib_a-exit.o)
                0x00005ae0                exit
 .text.fprintf  0x00005b0c       0x24 c:/freescale/kds_v3/toolchain/bin/../lib/gcc/arm-none-eabi/4.8.4/../../../../arm-none-eabi/lib/armv6-m\libg_s.a(lib_a-fprintf.o)
                0x00005b0c                fiprintf
                0x00005b0c                fprintf
 .text.__libc_init_array
                0x00005b30       0x4c c:/freescale/kds_v3/toolchain/bin/../lib/gcc/arm-none-eabi/4.8.4/../../../../arm-none-eabi/lib/armv6-m\libg_s.a(lib_a-init.o)
                0x00005b30                __libc_init_array
 .text.malloc   0x00005b7c       0x14 c:/freescale/kds_v3/toolchain/bin/../lib/gcc/arm-none-eabi/4.8.4/../../../../arm-none-eabi/lib/armv6-m\libg_s.a(lib_a-malloc.o)
                0x00005b7c                malloc
 .text.memset   0x00005b90       0x10 c:/freescale/kds_v3/toolchain/bin/../lib/gcc/arm-none-eabi/4.8.4/../../../../arm-none-eabi/lib/armv6-m\libg_s.a(lib_a-memset.o)
                0x00005b90                memset
 .text._free_r  0x00005ba0       0x90 c:/freescale/kds_v3/toolchain/bin/../lib/gcc/arm-none-eabi/4.8.4/../../../../arm-none-eabi/lib/armv6-m\libg_s.a(lib_a-nano-freer.o)
                0x00005ba0                _free_r
 .text._malloc_r
                0x00005c30       0xa8 c:/freescale/kds_v3/toolchain/bin/../lib/gcc/arm-none-eabi/4.8.4/../../../../arm-none-eabi/lib/armv6-m\libg_s.a(lib_a-nano-mallocr.o)
                0x00005c30                _malloc_r
 .text._sbrk_r  0x00005cd8       0x24 c:/freescale/kds_v3/toolchain/bin/../lib/gcc/arm-none-eabi/4.8.4/../../../../arm-none-eabi/lib/armv6-m\libg_s.a(lib_a-sbrkr.o)
                0x00005cd8                _sbrk_r
 .text.strlen   0x00005cfc        0xe c:/freescale/kds_v3/toolchain/bin/../lib/gcc/arm-none-eabi/4.8.4/../../../../arm-none-eabi/lib/armv6-m\libg_s.a(lib_a-strlen.o)
                0x00005cfc                strlen
 .text.__sfputc_r
                0x00005d0a       0x2a c:/freescale/kds_v3/toolchain/bin/../lib/gcc/arm-none-eabi/4.8.4/../../../../arm-none-eabi/lib/armv6-m\libg_s.a(lib_a-vfprintf.o)
 .text.__sfputs_r
                0x00005d34       0x24 c:/freescale/kds_v3/toolchain/bin/../lib/gcc/arm-none-eabi/4.8.4/../../../../arm-none-eabi/lib/armv6-m\libg_s.a(lib_a-vfprintf.o)
                0x00005d34                __sfputs_r
 .text._vfprintf_r
                0x00005d58      0x210 c:/freescale/kds_v3/toolchain/bin/../lib/gcc/arm-none-eabi/4.8.4/../../../../arm-none-eabi/lib/armv6-m\libg_s.a(lib_a-vfprintf.o)
                0x00005d58                _vfprintf_r
                0x00005d58                _vfiprintf_r
 .text._printf_common
                0x00005f68       0xe8 c:/freescale/kds_v3/toolchain/bin/../lib/gcc/arm-none-eabi/4.8.4/../../../../arm-none-eabi/lib/armv6-m\libg_s.a(lib_a-vfprintf_i.o)
                0x00005f68                _printf_common
 .text._printf_i
                0x00006050      0x22c c:/freescale/kds_v3/toolchain/bin/../lib/gcc/arm-none-eabi/4.8.4/../../../../arm-none-eabi/lib/armv6-m\libg_s.a(lib_a-vfprintf_i.o)
                0x00006050                _printf_i
 .text.__swbuf_r
                0x0000627c       0xb0 c:/freescale/kds_v3/toolchain/bin/../lib/gcc/arm-none-eabi/4.8.4/../../../../arm-none-eabi/lib/armv6-m\libg_s.a(lib_a-wbuf.o)
                0x0000627c                __swbuf_r
 .text.__swsetup_r
                0x0000632c       0xe4 c:/freescale/kds_v3/toolchain/bin/../lib/gcc/arm-none-eabi/4.8.4/../../../../arm-none-eabi/lib/armv6-m\libg_s.a(lib_a-wsetup.o)
                0x0000632c                __swsetup_r
 .text.abort    0x00006410        0xe c:/freescale/kds_v3/toolchain/bin/../lib/gcc/arm-none-eabi/4.8.4/../../../../arm-none-eabi/lib/armv6-m\libg_s.a(lib_a-abort.o)
                0x00006410                abort
 .text.__sflush_r
                0x0000641e      0x112 c:/freescale/kds_v3/toolchain/bin/../lib/gcc/arm-none-eabi/4.8.4/../../../../arm-none-eabi/lib/armv6-m\libg_s.a(lib_a-fflush.o)
                0x0000641e                __sflush_r
 .text._fflush_r
                0x00006530       0x58 c:/freescale/kds_v3/toolchain/bin/../lib/gcc/arm-none-eabi/4.8.4/../../../../arm-none-eabi/lib/armv6-m\libg_s.a(lib_a-fflush.o)
                0x00006530                _fflush_r
 .text._cleanup_r
                0x00006588       0x34 c:/freescale/kds_v3/toolchain/bin/../lib/gcc/arm-none-eabi/4.8.4/../../../../arm-none-eabi/lib/armv6-m\libg_s.a(lib_a-findfp.o)
                0x00006588                _cleanup_r
 .text.std.isra.0
                0x000065bc       0x48 c:/freescale/kds_v3/toolchain/bin/../lib/gcc/arm-none-eabi/4.8.4/../../../../arm-none-eabi/lib/armv6-m\libg_s.a(lib_a-findfp.o)
 .text.__sfmoreglue
                0x00006604       0x2c c:/freescale/kds_v3/toolchain/bin/../lib/gcc/arm-none-eabi/4.8.4/../../../../arm-none-eabi/lib/armv6-m\libg_s.a(lib_a-findfp.o)
                0x00006604                __sfmoreglue
 .text.__sinit  0x00006630       0x64 c:/freescale/kds_v3/toolchain/bin/../lib/gcc/arm-none-eabi/4.8.4/../../../../arm-none-eabi/lib/armv6-m\libg_s.a(lib_a-findfp.o)
                0x00006630                __sinit
 .text.__sfp    0x00006694       0x7c c:/freescale/kds_v3/toolchain/bin/../lib/gcc/arm-none-eabi/4.8.4/../../../../arm-none-eabi/lib/armv6-m\libg_s.a(lib_a-findfp.o)
                0x00006694                __sfp
 .text.__smakebuf_r
                0x00006710       0xa0 c:/freescale/kds_v3/toolchain/bin/../lib/gcc/arm-none-eabi/4.8.4/../../../../arm-none-eabi/lib/armv6-m\libg_s.a(lib_a-makebuf.o)
                0x00006710                __smakebuf_r
 .text.memchr   0x000067b0       0x16 c:/freescale/kds_v3/toolchain/bin/../lib/gcc/arm-none-eabi/4.8.4/../../../../arm-none-eabi/lib/armv6-m\libg_s.a(lib_a-memchr-stub.o)
                0x000067b0                memchr
 .text._raise_r
                0x000067c6       0x56 c:/freescale/kds_v3/toolchain/bin/../lib/gcc/arm-none-eabi/4.8.4/../../../../arm-none-eabi/lib/armv6-m\libg_s.a(lib_a-signal.o)
                0x000067c6                _raise_r
 .text.raise    0x0000681c       0x14 c:/freescale/kds_v3/toolchain/bin/../lib/gcc/arm-none-eabi/4.8.4/../../../../arm-none-eabi/lib/armv6-m\libg_s.a(lib_a-signal.o)
                0x0000681c                raise
 .text._kill_r  0x00006830       0x24 c:/freescale/kds_v3/toolchain/bin/../lib/gcc/arm-none-eabi/4.8.4/../../../../arm-none-eabi/lib/armv6-m\libg_s.a(lib_a-signalr.o)
                0x00006830                _kill_r
 .text._getpid_r
                0x00006854        0x8 c:/freescale/kds_v3/toolchain/bin/../lib/gcc/arm-none-eabi/4.8.4/../../../../arm-none-eabi/lib/armv6-m\libg_s.a(lib_a-signalr.o)
                0x00006854                _getpid_r
 .text.__sread  0x0000685c       0x28 c:/freescale/kds_v3/toolchain/bin/../lib/gcc/arm-none-eabi/4.8.4/../../../../arm-none-eabi/lib/armv6-m\libg_s.a(lib_a-stdio.o)
                0x0000685c                __sread
 .text.__swrite
                0x00006884       0x38 c:/freescale/kds_v3/toolchain/bin/../lib/gcc/arm-none-eabi/4.8.4/../../../../arm-none-eabi/lib/armv6-m\libg_s.a(lib_a-stdio.o)
                0x00006884                __swrite
 .text.__sseek  0x000068bc       0x2c c:/freescale/kds_v3/toolchain/bin/../lib/gcc/arm-none-eabi/4.8.4/../../../../arm-none-eabi/lib/armv6-m\libg_s.a(lib_a-stdio.o)
                0x000068bc                __sseek
 .text.__sclose
                0x000068e8        0xc c:/freescale/kds_v3/toolchain/bin/../lib/gcc/arm-none-eabi/4.8.4/../../../../arm-none-eabi/lib/armv6-m\libg_s.a(lib_a-stdio.o)
                0x000068e8                __sclose
 .text._write_r
                0x000068f4       0x28 c:/freescale/kds_v3/toolchain/bin/../lib/gcc/arm-none-eabi/4.8.4/../../../../arm-none-eabi/lib/armv6-m\libg_s.a(lib_a-writer.o)
                0x000068f4                _write_r
 .text._close_r
                0x0000691c       0x24 c:/freescale/kds_v3/toolchain/bin/../lib/gcc/arm-none-eabi/4.8.4/../../../../arm-none-eabi/lib/armv6-m\libg_s.a(lib_a-closer.o)
                0x0000691c                _close_r
 .text._fstat_r
                0x00006940       0x24 c:/freescale/kds_v3/toolchain/bin/../lib/gcc/arm-none-eabi/4.8.4/../../../../arm-none-eabi/lib/armv6-m\libg_s.a(lib_a-fstatr.o)
                0x00006940                _fstat_r
 .text._isatty_r
                0x00006964       0x24 c:/freescale/kds_v3/toolchain/bin/../lib/gcc/arm-none-eabi/4.8.4/../../../../arm-none-eabi/lib/armv6-m\libg_s.a(lib_a-isattyr.o)
                0x00006964                _isatty_r
 .text._lseek_r
                0x00006988       0x28 c:/freescale/kds_v3/toolchain/bin/../lib/gcc/arm-none-eabi/4.8.4/../../../../arm-none-eabi/lib/armv6-m\libg_s.a(lib_a-lseekr.o)
                0x00006988                _lseek_r
 .text._read_r  0x000069b0       0x28 c:/freescale/kds_v3/toolchain/bin/../lib/gcc/arm-none-eabi/4.8.4/../../../../arm-none-eabi/lib/armv6-m\libg_s.a(lib_a-readr.o)
                0x000069b0                _read_r
 .text._close   0x000069d8       0x10 c:/freescale/kds_v3/toolchain/bin/../lib/gcc/arm-none-eabi/4.8.4/../../../../arm-none-eabi/lib/armv6-m\libnosys.a(close.o)
                0x000069d8                _close
 .text._fstat   0x000069e8       0x10 c:/freescale/kds_v3/toolchain/bin/../lib/gcc/arm-none-eabi/4.8.4/../../../../arm-none-eabi/lib/armv6-m\libnosys.a(fstat.o)
                0x000069e8                _fstat
 .text._getpid  0x000069f8       0x10 c:/freescale/kds_v3/toolchain/bin/../lib/gcc/arm-none-eabi/4.8.4/../../../../arm-none-eabi/lib/armv6-m\libnosys.a(getpid.o)
                0x000069f8                _getpid
 .text._isatty  0x00006a08       0x10 c:/freescale/kds_v3/toolchain/bin/../lib/gcc/arm-none-eabi/4.8.4/../../../../arm-none-eabi/lib/armv6-m\libnosys.a(isatty.o)
                0x00006a08                _isatty
 .text._kill    0x00006a18       0x10 c:/freescale/kds_v3/toolchain/bin/../lib/gcc/arm-none-eabi/4.8.4/../../../../arm-none-eabi/lib/armv6-m\libnosys.a(kill.o)
                0x00006a18                _kill
 .text._lseek   0x00006a28       0x10 c:/freescale/kds_v3/toolchain/bin/../lib/gcc/arm-none-eabi/4.8.4/../../../../arm-none-eabi/lib/armv6-m\libnosys.a(lseek.o)
                0x00006a28                _lseek
 .text._exit    0x00006a38        0x4 c:/freescale/kds_v3/toolchain/bin/../lib/gcc/arm-none-eabi/4.8.4/../../../../arm-none-eabi/lib/armv6-m\libnosys.a(_exit.o)
                0x00006a38                _exit
 *(.rodata)
 .rodata        0x00006a3c        0xc ./utilities/fsl_debug_console.o
 .rodata        0x00006a48       0x14 ./src/circbuff.o
 .rodata        0x00006a5c       0x1c ./src/uart.o
 .rodata        0x00006a78       0x14 ./source/main.o
 .rodata        0x00006a8c       0x40 ./board/board.o
 .rodata        0x00006acc       0x40 ./board/pin_mux.o
 .rodata        0x00006b0c      0x124 C:/Freescale/KSDK_1.3.0/examples/frdmkl25z/demo_apps/hello_world/kds/../../../../../lib/ksdk_platform_lib/kds/KL25Z4/debug/libksdk_platform.a(fsl_lptmr_driver.o)
 .rodata        0x00006c30       0xf0 C:/Freescale/KSDK_1.3.0/examples/frdmkl25z/demo_apps/hello_world/kds/../../../../../lib/ksdk_platform_lib/kds/KL25Z4/debug/libksdk_platform.a(fsl_gpio_driver.o)
 .rodata        0x00006d20      0x22c C:/Freescale/KSDK_1.3.0/examples/frdmkl25z/demo_apps/hello_world/kds/../../../../../lib/ksdk_platform_lib/kds/KL25Z4/debug/libksdk_platform.a(fsl_clock_MKL25Z4.o)
 .rodata        0x00006f4c       0xcc C:/Freescale/KSDK_1.3.0/examples/frdmkl25z/demo_apps/hello_world/kds/../../../../../lib/ksdk_platform_lib/kds/KL25Z4/debug/libksdk_platform.a(fsl_clock_manager.o)
 .rodata        0x00007018       0x4c C:/Freescale/KSDK_1.3.0/examples/frdmkl25z/demo_apps/hello_world/kds/../../../../../lib/ksdk_platform_lib/kds/KL25Z4/debug/libksdk_platform.a(fsl_gpio_hal.o)
 .rodata        0x00007064       0x40 c:/freescale/kds_v3/toolchain/bin/../lib/gcc/arm-none-eabi/4.8.4/armv6-m\libgcc.a(divdf3.o)
 .rodata        0x000070a4       0x40 c:/freescale/kds_v3/toolchain/bin/../lib/gcc/arm-none-eabi/4.8.4/armv6-m\libgcc.a(muldf3.o)
 *(.rodata*)
 .rodata.g_defaultClockConfigRun
                0x000070e4       0x14 ./board/board.o
                0x000070e4                g_defaultClockConfigRun
 .rodata.__func__.4998
                0x000070f8       0x14 ./board/board.o
 .rodata.__func__.4978
                0x0000710c       0x14 ./board/pin_mux.o
 .rodata.__func__.6578
                0x00007120       0x18 C:/Freescale/KSDK_1.3.0/examples/frdmkl25z/demo_apps/hello_world/kds/../../../../../lib/ksdk_platform_lib/kds/KL25Z4/debug/libksdk_platform.a(fsl_lptmr_driver.o)
 .rodata.__func__.4978
                0x00007138       0x14 C:/Freescale/KSDK_1.3.0/examples/frdmkl25z/demo_apps/hello_world/kds/../../../../../lib/ksdk_platform_lib/kds/KL25Z4/debug/libksdk_platform.a(fsl_gpio_driver.o)
 .rodata.__func__.4960
                0x0000714c       0x1c C:/Freescale/KSDK_1.3.0/examples/frdmkl25z/demo_apps/hello_world/kds/../../../../../lib/ksdk_platform_lib/kds/KL25Z4/debug/libksdk_platform.a(fsl_gpio_driver.o)
 .rodata.__func__.4972
                0x00007168       0x20 C:/Freescale/KSDK_1.3.0/examples/frdmkl25z/demo_apps/hello_world/kds/../../../../../lib/ksdk_platform_lib/kds/KL25Z4/debug/libksdk_platform.a(fsl_gpio_driver.o)
 .rodata.portGateTable
                0x00007188        0x8 C:/Freescale/KSDK_1.3.0/examples/frdmkl25z/demo_apps/hello_world/kds/../../../../../lib/ksdk_platform_lib/kds/KL25Z4/debug/libksdk_platform.a(fsl_clock_MKL25Z4.o)
 .rodata.uartGateTable
                0x00007190        0x4 C:/Freescale/KSDK_1.3.0/examples/frdmkl25z/demo_apps/hello_world/kds/../../../../../lib/ksdk_platform_lib/kds/KL25Z4/debug/libksdk_platform.a(fsl_clock_MKL25Z4.o)
 .rodata.__func__.6456
                0x00007194       0x1c C:/Freescale/KSDK_1.3.0/examples/frdmkl25z/demo_apps/hello_world/kds/../../../../../lib/ksdk_platform_lib/kds/KL25Z4/debug/libksdk_platform.a(fsl_clock_MKL25Z4.o)
 .rodata.__func__.6529
                0x000071b0       0x1c C:/Freescale/KSDK_1.3.0/examples/frdmkl25z/demo_apps/hello_world/kds/../../../../../lib/ksdk_platform_lib/kds/KL25Z4/debug/libksdk_platform.a(fsl_clock_MKL25Z4.o)
 .rodata.__func__.6534
                0x000071cc       0x1c C:/Freescale/KSDK_1.3.0/examples/frdmkl25z/demo_apps/hello_world/kds/../../../../../lib/ksdk_platform_lib/kds/KL25Z4/debug/libksdk_platform.a(fsl_clock_MKL25Z4.o)
 .rodata.__func__.6614
                0x000071e8       0x14 C:/Freescale/KSDK_1.3.0/examples/frdmkl25z/demo_apps/hello_world/kds/../../../../../lib/ksdk_platform_lib/kds/KL25Z4/debug/libksdk_platform.a(fsl_clock_manager.o)
 .rodata.g_oscBase
                0x000071fc        0x4 C:/Freescale/KSDK_1.3.0/examples/frdmkl25z/demo_apps/hello_world/kds/../../../../../lib/ksdk_platform_lib/kds/KL25Z4/debug/libksdk_platform.a(fsl_clock_manager_common.o)
                0x000071fc                g_oscBase
 .rodata.fllFactorTable.5209
                0x00007200       0x10 C:/Freescale/KSDK_1.3.0/examples/frdmkl25z/demo_apps/hello_world/kds/../../../../../lib/ksdk_platform_lib/kds/KL25Z4/debug/libksdk_platform.a(fsl_mcg_hal.o)
 .rodata.g_lptmrBase
                0x00007210        0x4 C:/Freescale/KSDK_1.3.0/examples/frdmkl25z/demo_apps/hello_world/kds/../../../../../lib/ksdk_platform_lib/kds/KL25Z4/debug/libksdk_platform.a(fsl_lptmr_common.o)
                0x00007210                g_lptmrBase
 .rodata.__func__.5059
                0x00007214       0x14 C:/Freescale/KSDK_1.3.0/examples/frdmkl25z/demo_apps/hello_world/kds/../../../../../lib/ksdk_platform_lib/kds/KL25Z4/debug/libksdk_platform.a(fsl_gpio_hal.o)
 .rodata.__func__.5065
                0x00007228       0x18 C:/Freescale/KSDK_1.3.0/examples/frdmkl25z/demo_apps/hello_world/kds/../../../../../lib/ksdk_platform_lib/kds/KL25Z4/debug/libksdk_platform.a(fsl_gpio_hal.o)
 .rodata.g_gpioBase
                0x00007240       0x14 C:/Freescale/KSDK_1.3.0/examples/frdmkl25z/demo_apps/hello_world/kds/../../../../../lib/ksdk_platform_lib/kds/KL25Z4/debug/libksdk_platform.a(fsl_gpio_common.o)
                0x00007240                g_gpioBase
 .rodata.g_portBase
                0x00007254       0x14 C:/Freescale/KSDK_1.3.0/examples/frdmkl25z/demo_apps/hello_world/kds/../../../../../lib/ksdk_platform_lib/kds/KL25Z4/debug/libksdk_platform.a(fsl_gpio_common.o)
                0x00007254                g_portBase
 .rodata.str1.4
                0x00007268        0x4 c:/freescale/kds_v3/toolchain/bin/../lib/gcc/arm-none-eabi/4.8.4/../../../../arm-none-eabi/lib/armv6-m\libm.a(lib_a-w_pow.o)
 *fill*         0x0000726c        0x4 
 .rodata.dp_h   0x00007270       0x10 c:/freescale/kds_v3/toolchain/bin/../lib/gcc/arm-none-eabi/4.8.4/../../../../arm-none-eabi/lib/armv6-m\libm.a(lib_a-e_pow.o)
 .rodata.dp_l   0x00007280       0x10 c:/freescale/kds_v3/toolchain/bin/../lib/gcc/arm-none-eabi/4.8.4/../../../../arm-none-eabi/lib/armv6-m\libm.a(lib_a-e_pow.o)
 .rodata.bp     0x00007290       0x10 c:/freescale/kds_v3/toolchain/bin/../lib/gcc/arm-none-eabi/4.8.4/../../../../arm-none-eabi/lib/armv6-m\libm.a(lib_a-e_pow.o)
 .rodata.str1.4
                0x000072a0        0x4 c:/freescale/kds_v3/toolchain/bin/../lib/gcc/arm-none-eabi/4.8.4/../../../../arm-none-eabi/lib/armv6-m\libm.a(lib_a-e_pow.o)
 *fill*         0x000072a4        0x4 
 .rodata.TWO52  0x000072a8       0x10 c:/freescale/kds_v3/toolchain/bin/../lib/gcc/arm-none-eabi/4.8.4/../../../../arm-none-eabi/lib/armv6-m\libm.a(lib_a-s_rint.o)
 .rodata.str1.1
                0x000072b8       0x3c c:/freescale/kds_v3/toolchain/bin/../lib/gcc/arm-none-eabi/4.8.4/../../../../arm-none-eabi/lib/armv6-m\libg_s.a(lib_a-assert.o)
                                 0x3d (size before relaxing)
 .rodata.str1.1
                0x000072f4        0x2 c:/freescale/kds_v3/toolchain/bin/../lib/gcc/arm-none-eabi/4.8.4/../../../../arm-none-eabi/lib/armv6-m\libg_s.a(lib_a-impure.o)
 *fill*         0x000072f6        0x2 
 .rodata._global_impure_ptr
                0x000072f8        0x4 c:/freescale/kds_v3/toolchain/bin/../lib/gcc/arm-none-eabi/4.8.4/../../../../arm-none-eabi/lib/armv6-m\libg_s.a(lib_a-impure.o)
                0x000072f8                _global_impure_ptr
 .rodata.str1.1
                0x000072fc       0x11 c:/freescale/kds_v3/toolchain/bin/../lib/gcc/arm-none-eabi/4.8.4/../../../../arm-none-eabi/lib/armv6-m\libg_s.a(lib_a-vfprintf.o)
 .rodata.str1.1
                0x0000730d       0x22 c:/freescale/kds_v3/toolchain/bin/../lib/gcc/arm-none-eabi/4.8.4/../../../../arm-none-eabi/lib/armv6-m\libg_s.a(lib_a-vfprintf_i.o)
 *fill*         0x0000732f        0x1 
 .rodata.__sf_fake_stdin
                0x00007330       0x20 c:/freescale/kds_v3/toolchain/bin/../lib/gcc/arm-none-eabi/4.8.4/../../../../arm-none-eabi/lib/armv6-m\libg_s.a(lib_a-findfp.o)
                0x00007330                __sf_fake_stdin
 .rodata.__sf_fake_stdout
                0x00007350       0x20 c:/freescale/kds_v3/toolchain/bin/../lib/gcc/arm-none-eabi/4.8.4/../../../../arm-none-eabi/lib/armv6-m\libg_s.a(lib_a-findfp.o)
                0x00007350                __sf_fake_stdout
 .rodata.__sf_fake_stderr
                0x00007370       0x20 c:/freescale/kds_v3/toolchain/bin/../lib/gcc/arm-none-eabi/4.8.4/../../../../arm-none-eabi/lib/armv6-m\libg_s.a(lib_a-findfp.o)
                0x00007370                __sf_fake_stderr
 *(.glue_7)
 .glue_7        0x00000000        0x0 linker stubs
 *(.glue_7t)
 .glue_7t       0x00000000        0x0 linker stubs
 *(.eh_frame)
 .eh_frame      0x00007390        0x0 c:/freescale/kds_v3/toolchain/bin/../lib/gcc/arm-none-eabi/4.8.4/armv6-m/crtbegin.o
 *(.init)
 .init          0x00007390        0x4 c:/freescale/kds_v3/toolchain/bin/../lib/gcc/arm-none-eabi/4.8.4/armv6-m/crti.o
                0x00007390                _init
 .init          0x00007394        0x8 c:/freescale/kds_v3/toolchain/bin/../lib/gcc/arm-none-eabi/4.8.4/armv6-m/crtn.o
 *(.fini)
 .fini          0x0000739c        0x4 c:/freescale/kds_v3/toolchain/bin/../lib/gcc/arm-none-eabi/4.8.4/armv6-m/crti.o
                0x0000739c                _fini
 .fini          0x000073a0        0x8 c:/freescale/kds_v3/toolchain/bin/../lib/gcc/arm-none-eabi/4.8.4/armv6-m/crtn.o
                0x000073a8                . = ALIGN (0x4)

.vfp11_veneer   0x000073a8        0x0
 .vfp11_veneer  0x00000000        0x0 linker stubs

.v4_bx          0x000073a8        0x0
 .v4_bx         0x00000000        0x0 linker stubs

.iplt           0x000073a8        0x0
 .iplt          0x00000000        0x0 c:/freescale/kds_v3/toolchain/bin/../lib/gcc/arm-none-eabi/4.8.4/armv6-m/crtbegin.o

.ARM.extab
 *(.ARM.extab* .gnu.linkonce.armextab.*)

.ARM            0x000073a8        0x8
                0x000073a8                __exidx_start = .
 *(.ARM.exidx*)
 .ARM.exidx     0x000073a8        0x8 c:/freescale/kds_v3/toolchain/bin/../lib/gcc/arm-none-eabi/4.8.4/../../../../arm-none-eabi/lib/armv6-m/crt0.o
                0x000073b0                __exidx_end = .

.rel.dyn        0x000073b0        0x0
 .rel.iplt      0x00000000        0x0 c:/freescale/kds_v3/toolchain/bin/../lib/gcc/arm-none-eabi/4.8.4/armv6-m/crtbegin.o

.ctors          0x000073b0        0x0
                0x000073b0                __CTOR_LIST__ = .
 *crtbegin.o(.ctors)
 *crtbegin?.o(.ctors)
 *(EXCLUDE_FILE(*crtend.o *crtend?.o) .ctors)
 *(SORT(.ctors.*))
 *(.ctors)
                0x000073b0                __CTOR_END__ = .

.dtors          0x000073b0        0x0
                0x000073b0                __DTOR_LIST__ = .
 *crtbegin.o(.dtors)
 *crtbegin?.o(.dtors)
 *(EXCLUDE_FILE(*crtend.o *crtend?.o) .dtors)
 *(SORT(.dtors.*))
 *(.dtors)
                0x000073b0                __DTOR_END__ = .

.preinit_array  0x000073b0        0x0
                0x000073b0                PROVIDE (__preinit_array_start, .)
 *(.preinit_array*)
                0x000073b0                PROVIDE (__preinit_array_end, .)

.init_array     0x000073b0        0x4
                0x000073b0                PROVIDE (__init_array_start, .)
 *(SORT(.init_array.*))
 *(.init_array*)
 .init_array    0x000073b0        0x4 c:/freescale/kds_v3/toolchain/bin/../lib/gcc/arm-none-eabi/4.8.4/armv6-m/crtbegin.o
                0x000073b4                PROVIDE (__init_array_end, .)

.fini_array     0x000073b4        0x4
                0x000073b4                PROVIDE (__fini_array_start, .)
 *(SORT(.fini_array.*))
 *(.fini_array*)
 .fini_array    0x000073b4        0x4 c:/freescale/kds_v3/toolchain/bin/../lib/gcc/arm-none-eabi/4.8.4/armv6-m/crtbegin.o
                0x000073b8                PROVIDE (__fini_array_end, .)
                0x000073b8                __etext = .
                0x000073b8                __DATA_ROM = .

.mtb            0x1ffff000        0x0
                0x1ffff000                . = ALIGN (0x8)
                0x1ffff000                _mtb_start = .
 *(.mtb_buf)
                0x1ffff000                . = ALIGN (0x8)
                0x1ffff000                _mtb_end = .

.interrupts_ram
                0x1ffff000        0x0
                0x1ffff000                . = ALIGN (0x4)
                0x1ffff000                __VECTOR_RAM__ = .
                0x1ffff000                __interrupts_ram_start__ = .
 *(.m_interrupts_ram)
                0x1ffff000                . = (. + M_VECTOR_RAM_SIZE)
                0x1ffff000                . = ALIGN (0x4)
                0x1ffff000                __interrupts_ram_end__ = .
                0x00000000                __VECTOR_RAM = DEFINED (__ram_vector_table__)?__VECTOR_RAM__:ORIGIN (m_interrupts)
                0x00000000                __RAM_VECTOR_TABLE_SIZE_BYTES = DEFINED (__ram_vector_table__)?(__interrupts_ram_end__ - __interrupts_ram_start__):0x0

.data           0x1ffff000      0x4a8 load address 0x000073b8
                0x1ffff000                . = ALIGN (0x4)
                0x1ffff000                __DATA_RAM = .
                0x1ffff000                __data_start__ = .
 *(.data)
 *(.data*)
 .data.SystemCoreClock
                0x1ffff000        0x4 ./startup/system_MKL25Z4.o
                0x1ffff000                SystemCoreClock
 .data.lookup   0x1ffff004      0x400 ./src/circbuff.o
                0x1ffff004                lookup
 .data.ledPins  0x1ffff404       0x30 ./board/gpio_pins.o
                0x1ffff404                ledPins
 .data.g_fastInternalRefClkFreq
                0x1ffff434        0x4 C:/Freescale/KSDK_1.3.0/examples/frdmkl25z/demo_apps/hello_world/kds/../../../../../lib/ksdk_platform_lib/kds/KL25Z4/debug/libksdk_platform.a(fsl_mcg_hal.o)
                0x1ffff434                g_fastInternalRefClkFreq
 .data.g_slowInternalRefClkFreq
                0x1ffff438        0x4 C:/Freescale/KSDK_1.3.0/examples/frdmkl25z/demo_apps/hello_world/kds/../../../../../lib/ksdk_platform_lib/kds/KL25Z4/debug/libksdk_platform.a(fsl_mcg_hal.o)
                0x1ffff438                g_slowInternalRefClkFreq
 .data.__fdlib_version
                0x1ffff43c        0x1 c:/freescale/kds_v3/toolchain/bin/../lib/gcc/arm-none-eabi/4.8.4/../../../../arm-none-eabi/lib/armv6-m\libm.a(lib_a-s_lib_ver.o)
                0x1ffff43c                __fdlib_version
 *fill*         0x1ffff43d        0x3 
 .data.impure_data
                0x1ffff440       0x60 c:/freescale/kds_v3/toolchain/bin/../lib/gcc/arm-none-eabi/4.8.4/../../../../arm-none-eabi/lib/armv6-m\libg_s.a(lib_a-impure.o)
 .data._impure_ptr
                0x1ffff4a0        0x4 c:/freescale/kds_v3/toolchain/bin/../lib/gcc/arm-none-eabi/4.8.4/../../../../arm-none-eabi/lib/armv6-m\libg_s.a(lib_a-impure.o)
                0x1ffff4a0                _impure_ptr
 *(.jcr*)
 .jcr           0x1ffff4a4        0x0 c:/freescale/kds_v3/toolchain/bin/../lib/gcc/arm-none-eabi/4.8.4/armv6-m/crtbegin.o
 .jcr           0x1ffff4a4        0x4 c:/freescale/kds_v3/toolchain/bin/../lib/gcc/arm-none-eabi/4.8.4/armv6-m/crtend.o
                0x1ffff4a8                . = ALIGN (0x4)
                0x1ffff4a8                __data_end__ = .
                0x00007860                __DATA_END = (__DATA_ROM + (__data_end__ - __data_start__))
                0x00020000                text_end = (ORIGIN (m_text) + 0x1fbf0)
                0x00000001                ASSERT ((__DATA_END <= text_end), region m_text overflowed with text and data)

.igot.plt       0x1ffff4a8        0x0 load address 0x00007860
 .igot.plt      0x00000000        0x0 c:/freescale/kds_v3/toolchain/bin/../lib/gcc/arm-none-eabi/4.8.4/armv6-m/crtbegin.o

.bss            0x1ffff4a8       0x58 load address 0x00007860
                0x1ffff4a8                . = ALIGN (0x4)
                0x1ffff4a8                __START_BSS = .
                0x1ffff4a8                __bss_start__ = .
 *(.bss)
 .bss           0x1ffff4a8       0x1c c:/freescale/kds_v3/toolchain/bin/../lib/gcc/arm-none-eabi/4.8.4/armv6-m/crtbegin.o
 *(.bss*)
 .bss.s_debugConsole
                0x1ffff4c4       0x10 ./utilities/fsl_debug_console.o
 .bss.heap_end.5140
                0x1ffff4d4        0x4 ./utilities/fsl_misc_utilities.o
 .bss.count     0x1ffff4d8        0x2 ./src/circbuff.o
                0x1ffff4d8                count
 .bss.pop_value
                0x1ffff4da        0x1 ./src/circbuff.o
                0x1ffff4da                pop_value
 *fill*         0x1ffff4db        0x1 
 .bss.number    0x1ffff4dc        0x2 ./src/circbuff.o
                0x1ffff4dc                number
 .bss.divisor_check
                0x1ffff4de        0x2 ./src/circbuff.o
                0x1ffff4de                divisor_check
 .bss.divisor   0x1ffff4e0        0x2 ./src/circbuff.o
                0x1ffff4e0                divisor
 .bss.power     0x1ffff4e2        0x1 ./src/circbuff.o
                0x1ffff4e2                power
 .bss.send_count
                0x1ffff4e3        0x1 ./src/circbuff.o
                0x1ffff4e3                send_count
 .bss.SMA       0x1ffff4e4        0x4 ./src/circbuff.o
                0x1ffff4e4                SMA
 .bss.rx_data   0x1ffff4e8        0x1 ./src/circbuff.o
                0x1ffff4e8                rx_data
 *fill*         0x1ffff4e9        0x3 
 .bss.g_xtal0ClkFreq
                0x1ffff4ec        0x4 C:/Freescale/KSDK_1.3.0/examples/frdmkl25z/demo_apps/hello_world/kds/../../../../../lib/ksdk_platform_lib/kds/KL25Z4/debug/libksdk_platform.a(fsl_mcg_hal.o)
                0x1ffff4ec                g_xtal0ClkFreq
 .bss.g_lptmrStatePtr
                0x1ffff4f0        0x4 C:/Freescale/KSDK_1.3.0/examples/frdmkl25z/demo_apps/hello_world/kds/../../../../../lib/ksdk_platform_lib/kds/KL25Z4/debug/libksdk_platform.a(fsl_lptmr_common.o)
                0x1ffff4f0                g_lptmrStatePtr
 .bss.__malloc_sbrk_start
                0x1ffff4f4        0x4 c:/freescale/kds_v3/toolchain/bin/../lib/gcc/arm-none-eabi/4.8.4/../../../../arm-none-eabi/lib/armv6-m\libg_s.a(lib_a-nano-mallocr.o)
                0x1ffff4f4                __malloc_sbrk_start
 .bss.__malloc_free_list
                0x1ffff4f8        0x4 c:/freescale/kds_v3/toolchain/bin/../lib/gcc/arm-none-eabi/4.8.4/../../../../arm-none-eabi/lib/armv6-m\libg_s.a(lib_a-nano-mallocr.o)
                0x1ffff4f8                __malloc_free_list
 *(COMMON)
 COMMON         0x1ffff4fc        0x4 c:/freescale/kds_v3/toolchain/bin/../lib/gcc/arm-none-eabi/4.8.4/../../../../arm-none-eabi/lib/armv6-m\libg_s.a(lib_a-reent.o)
                0x1ffff4fc                errno
                0x1ffff500                . = ALIGN (0x4)
                0x1ffff500                __bss_end__ = .
                0x1ffff500                __END_BSS = .

.heap           0x1ffff500      0x200 load address 0x000078b8
                0x1ffff500                . = ALIGN (0x8)
                0x1ffff500                __end__ = .
                0x1ffff500                PROVIDE (end, .)
                0x1ffff500                __HeapBase = .
                0x1ffff700                . = (. + HEAP_SIZE)
 *fill*         0x1ffff500      0x200 
                0x1ffff700                __HeapLimit = .

.stack          0x1ffff700      0xc00 load address 0x00007ab8
                0x1ffff700                . = ALIGN (0x8)
                0x20000300                . = (. + STACK_SIZE)
 *fill*         0x1ffff700      0xc00 
                0x20003000                __StackTop = (ORIGIN (m_data) + 0x4000)
                0x20002400                __StackLimit = (__StackTop - STACK_SIZE)
                0x20003000                PROVIDE (__stack, __StackTop)

.ARM.attributes
                0x00000000       0x28
 *(.ARM.attributes)
 .ARM.attributes
                0x00000000       0x1e c:/freescale/kds_v3/toolchain/bin/../lib/gcc/arm-none-eabi/4.8.4/armv6-m/crti.o
 .ARM.attributes
                0x0000001e       0x2c c:/freescale/kds_v3/toolchain/bin/../lib/gcc/arm-none-eabi/4.8.4/armv6-m/crtbegin.o
 .ARM.attributes
                0x0000004a       0x1b c:/freescale/kds_v3/toolchain/bin/../lib/gcc/arm-none-eabi/4.8.4/../../../../arm-none-eabi/lib/armv6-m/crt0.o
 .ARM.attributes
                0x00000065       0x32 ./utilities/fsl_debug_console.o
 .ARM.attributes
                0x00000097       0x32 ./utilities/fsl_misc_utilities.o
 .ARM.attributes
                0x000000c9       0x32 ./startup/startup.o
 .ARM.attributes
                0x000000fb       0x1b ./startup/startup_MKL25Z4.o
 .ARM.attributes
                0x00000116       0x32 ./startup/system_MKL25Z4.o
 .ARM.attributes
                0x00000148       0x32 ./src/circbuff.o
 .ARM.attributes
                0x0000017a       0x32 ./src/uart.o
 .ARM.attributes
                0x000001ac       0x32 ./source/fsl_lptmr_irq.o
 .ARM.attributes
                0x000001de       0x32 ./source/main.o
 .ARM.attributes
                0x00000210       0x32 ./board/board.o
 .ARM.attributes
                0x00000242       0x32 ./board/gpio_pins.o
 .ARM.attributes
                0x00000274       0x32 ./board/hardware_init.o
 .ARM.attributes
                0x000002a6       0x32 ./board/pin_mux.o
 .ARM.attributes
                0x000002d8       0x32 C:/Freescale/KSDK_1.3.0/examples/frdmkl25z/demo_apps/hello_world/kds/../../../../../lib/ksdk_platform_lib/kds/KL25Z4/debug/libksdk_platform.a(fsl_uart_hal.o)
 .ARM.attributes
                0x0000030a       0x32 C:/Freescale/KSDK_1.3.0/examples/frdmkl25z/demo_apps/hello_world/kds/../../../../../lib/ksdk_platform_lib/kds/KL25Z4/debug/libksdk_platform.a(fsl_lptmr_driver.o)
 .ARM.attributes
                0x0000033c       0x32 C:/Freescale/KSDK_1.3.0/examples/frdmkl25z/demo_apps/hello_world/kds/../../../../../lib/ksdk_platform_lib/kds/KL25Z4/debug/libksdk_platform.a(fsl_lpsci_hal.o)
 .ARM.attributes
                0x0000036e       0x32 C:/Freescale/KSDK_1.3.0/examples/frdmkl25z/demo_apps/hello_world/kds/../../../../../lib/ksdk_platform_lib/kds/KL25Z4/debug/libksdk_platform.a(fsl_gpio_driver.o)
 .ARM.attributes
                0x000003a0       0x32 C:/Freescale/KSDK_1.3.0/examples/frdmkl25z/demo_apps/hello_world/kds/../../../../../lib/ksdk_platform_lib/kds/KL25Z4/debug/libksdk_platform.a(fsl_clock_MKL25Z4.o)
 .ARM.attributes
                0x000003d2       0x32 C:/Freescale/KSDK_1.3.0/examples/frdmkl25z/demo_apps/hello_world/kds/../../../../../lib/ksdk_platform_lib/kds/KL25Z4/debug/libksdk_platform.a(fsl_clock_manager.o)
 .ARM.attributes
                0x00000404       0x32 C:/Freescale/KSDK_1.3.0/examples/frdmkl25z/demo_apps/hello_world/kds/../../../../../lib/ksdk_platform_lib/kds/KL25Z4/debug/libksdk_platform.a(fsl_clock_manager_common.o)
 .ARM.attributes
                0x00000436       0x32 C:/Freescale/KSDK_1.3.0/examples/frdmkl25z/demo_apps/hello_world/kds/../../../../../lib/ksdk_platform_lib/kds/KL25Z4/debug/libksdk_platform.a(fsl_sim_hal_MKL25Z4.o)
 .ARM.attributes
                0x00000468       0x32 C:/Freescale/KSDK_1.3.0/examples/frdmkl25z/demo_apps/hello_world/kds/../../../../../lib/ksdk_platform_lib/kds/KL25Z4/debug/libksdk_platform.a(fsl_osc_hal.o)
 .ARM.attributes
                0x0000049a       0x32 C:/Freescale/KSDK_1.3.0/examples/frdmkl25z/demo_apps/hello_world/kds/../../../../../lib/ksdk_platform_lib/kds/KL25Z4/debug/libksdk_platform.a(fsl_mcg_hal.o)
 .ARM.attributes
                0x000004cc       0x32 C:/Freescale/KSDK_1.3.0/examples/frdmkl25z/demo_apps/hello_world/kds/../../../../../lib/ksdk_platform_lib/kds/KL25Z4/debug/libksdk_platform.a(fsl_mcg_hal_modes.o)
 .ARM.attributes
                0x000004fe       0x32 C:/Freescale/KSDK_1.3.0/examples/frdmkl25z/demo_apps/hello_world/kds/../../../../../lib/ksdk_platform_lib/kds/KL25Z4/debug/libksdk_platform.a(fsl_lptmr_common.o)
 .ARM.attributes
                0x00000530       0x32 C:/Freescale/KSDK_1.3.0/examples/frdmkl25z/demo_apps/hello_world/kds/../../../../../lib/ksdk_platform_lib/kds/KL25Z4/debug/libksdk_platform.a(fsl_gpio_hal.o)
 .ARM.attributes
                0x00000562       0x32 C:/Freescale/KSDK_1.3.0/examples/frdmkl25z/demo_apps/hello_world/kds/../../../../../lib/ksdk_platform_lib/kds/KL25Z4/debug/libksdk_platform.a(fsl_gpio_common.o)
 .ARM.attributes
                0x00000594       0x2c c:/freescale/kds_v3/toolchain/bin/../lib/gcc/arm-none-eabi/4.8.4/../../../../arm-none-eabi/lib/armv6-m\libm.a(lib_a-w_pow.o)
 .ARM.attributes
                0x000005c0       0x2c c:/freescale/kds_v3/toolchain/bin/../lib/gcc/arm-none-eabi/4.8.4/../../../../arm-none-eabi/lib/armv6-m\libm.a(lib_a-e_pow.o)
 .ARM.attributes
                0x000005ec       0x2c c:/freescale/kds_v3/toolchain/bin/../lib/gcc/arm-none-eabi/4.8.4/../../../../arm-none-eabi/lib/armv6-m\libm.a(lib_a-e_sqrt.o)
 .ARM.attributes
                0x00000618       0x2c c:/freescale/kds_v3/toolchain/bin/../lib/gcc/arm-none-eabi/4.8.4/../../../../arm-none-eabi/lib/armv6-m\libm.a(lib_a-s_fabs.o)
 .ARM.attributes
                0x00000644       0x2c c:/freescale/kds_v3/toolchain/bin/../lib/gcc/arm-none-eabi/4.8.4/../../../../arm-none-eabi/lib/armv6-m\libm.a(lib_a-s_finite.o)
 .ARM.attributes
                0x00000670       0x2c c:/freescale/kds_v3/toolchain/bin/../lib/gcc/arm-none-eabi/4.8.4/../../../../arm-none-eabi/lib/armv6-m\libm.a(lib_a-s_fpclassify.o)
 .ARM.attributes
                0x0000069c       0x2c c:/freescale/kds_v3/toolchain/bin/../lib/gcc/arm-none-eabi/4.8.4/../../../../arm-none-eabi/lib/armv6-m\libm.a(lib_a-s_lib_ver.o)
 .ARM.attributes
                0x000006c8       0x2c c:/freescale/kds_v3/toolchain/bin/../lib/gcc/arm-none-eabi/4.8.4/../../../../arm-none-eabi/lib/armv6-m\libm.a(lib_a-s_matherr.o)
 .ARM.attributes
                0x000006f4       0x2c c:/freescale/kds_v3/toolchain/bin/../lib/gcc/arm-none-eabi/4.8.4/../../../../arm-none-eabi/lib/armv6-m\libm.a(lib_a-s_nan.o)
 .ARM.attributes
                0x00000720       0x2c c:/freescale/kds_v3/toolchain/bin/../lib/gcc/arm-none-eabi/4.8.4/../../../../arm-none-eabi/lib/armv6-m\libm.a(lib_a-s_rint.o)
 .ARM.attributes
                0x0000074c       0x2c c:/freescale/kds_v3/toolchain/bin/../lib/gcc/arm-none-eabi/4.8.4/../../../../arm-none-eabi/lib/armv6-m\libm.a(lib_a-s_scalbn.o)
 .ARM.attributes
                0x00000778       0x2c c:/freescale/kds_v3/toolchain/bin/../lib/gcc/arm-none-eabi/4.8.4/../../../../arm-none-eabi/lib/armv6-m\libm.a(lib_a-s_copysign.o)
 .ARM.attributes
                0x000007a4       0x2c c:/freescale/kds_v3/toolchain/bin/../lib/gcc/arm-none-eabi/4.8.4/../../../../arm-none-eabi/lib/armv6-m\libg_s.a(lib_a-assert.o)
 .ARM.attributes
                0x000007d0       0x2c c:/freescale/kds_v3/toolchain/bin/../lib/gcc/arm-none-eabi/4.8.4/../../../../arm-none-eabi/lib/armv6-m\libg_s.a(lib_a-errno.o)
 .ARM.attributes
                0x000007fc       0x2c c:/freescale/kds_v3/toolchain/bin/../lib/gcc/arm-none-eabi/4.8.4/../../../../arm-none-eabi/lib/armv6-m\libg_s.a(lib_a-exit.o)
 .ARM.attributes
                0x00000828       0x2c c:/freescale/kds_v3/toolchain/bin/../lib/gcc/arm-none-eabi/4.8.4/../../../../arm-none-eabi/lib/armv6-m\libg_s.a(lib_a-fprintf.o)
 .ARM.attributes
                0x00000854       0x2c c:/freescale/kds_v3/toolchain/bin/../lib/gcc/arm-none-eabi/4.8.4/../../../../arm-none-eabi/lib/armv6-m\libg_s.a(lib_a-impure.o)
 .ARM.attributes
                0x00000880       0x2c c:/freescale/kds_v3/toolchain/bin/../lib/gcc/arm-none-eabi/4.8.4/../../../../arm-none-eabi/lib/armv6-m\libg_s.a(lib_a-init.o)
 .ARM.attributes
                0x000008ac       0x2c c:/freescale/kds_v3/toolchain/bin/../lib/gcc/arm-none-eabi/4.8.4/../../../../arm-none-eabi/lib/armv6-m\libg_s.a(lib_a-malloc.o)
 .ARM.attributes
                0x000008d8       0x2c c:/freescale/kds_v3/toolchain/bin/../lib/gcc/arm-none-eabi/4.8.4/../../../../arm-none-eabi/lib/armv6-m\libg_s.a(lib_a-memset.o)
 .ARM.attributes
                0x00000904       0x2c c:/freescale/kds_v3/toolchain/bin/../lib/gcc/arm-none-eabi/4.8.4/../../../../arm-none-eabi/lib/armv6-m\libg_s.a(lib_a-nano-freer.o)
 .ARM.attributes
                0x00000930       0x2c c:/freescale/kds_v3/toolchain/bin/../lib/gcc/arm-none-eabi/4.8.4/../../../../arm-none-eabi/lib/armv6-m\libg_s.a(lib_a-nano-mallocr.o)
 .ARM.attributes
                0x0000095c       0x2c c:/freescale/kds_v3/toolchain/bin/../lib/gcc/arm-none-eabi/4.8.4/../../../../arm-none-eabi/lib/armv6-m\libg_s.a(lib_a-sbrkr.o)
 .ARM.attributes
                0x00000988       0x2c c:/freescale/kds_v3/toolchain/bin/../lib/gcc/arm-none-eabi/4.8.4/../../../../arm-none-eabi/lib/armv6-m\libg_s.a(lib_a-strlen.o)
 .ARM.attributes
                0x000009b4       0x2c c:/freescale/kds_v3/toolchain/bin/../lib/gcc/arm-none-eabi/4.8.4/../../../../arm-none-eabi/lib/armv6-m\libg_s.a(lib_a-vfprintf.o)
 .ARM.attributes
                0x000009e0       0x2c c:/freescale/kds_v3/toolchain/bin/../lib/gcc/arm-none-eabi/4.8.4/../../../../arm-none-eabi/lib/armv6-m\libg_s.a(lib_a-vfprintf_i.o)
 .ARM.attributes
                0x00000a0c       0x2c c:/freescale/kds_v3/toolchain/bin/../lib/gcc/arm-none-eabi/4.8.4/../../../../arm-none-eabi/lib/armv6-m\libg_s.a(lib_a-wbuf.o)
 .ARM.attributes
                0x00000a38       0x2c c:/freescale/kds_v3/toolchain/bin/../lib/gcc/arm-none-eabi/4.8.4/../../../../arm-none-eabi/lib/armv6-m\libg_s.a(lib_a-wsetup.o)
 .ARM.attributes
                0x00000a64       0x2c c:/freescale/kds_v3/toolchain/bin/../lib/gcc/arm-none-eabi/4.8.4/../../../../arm-none-eabi/lib/armv6-m\libg_s.a(lib_a-abort.o)
 .ARM.attributes
                0x00000a90       0x2c c:/freescale/kds_v3/toolchain/bin/../lib/gcc/arm-none-eabi/4.8.4/../../../../arm-none-eabi/lib/armv6-m\libg_s.a(lib_a-fflush.o)
 .ARM.attributes
                0x00000abc       0x2c c:/freescale/kds_v3/toolchain/bin/../lib/gcc/arm-none-eabi/4.8.4/../../../../arm-none-eabi/lib/armv6-m\libg_s.a(lib_a-findfp.o)
 .ARM.attributes
                0x00000ae8       0x2c c:/freescale/kds_v3/toolchain/bin/../lib/gcc/arm-none-eabi/4.8.4/../../../../arm-none-eabi/lib/armv6-m\libg_s.a(lib_a-makebuf.o)
 .ARM.attributes
                0x00000b14       0x2c c:/freescale/kds_v3/toolchain/bin/../lib/gcc/arm-none-eabi/4.8.4/../../../../arm-none-eabi/lib/armv6-m\libg_s.a(lib_a-memchr-stub.o)
 .ARM.attributes
                0x00000b40       0x2c c:/freescale/kds_v3/toolchain/bin/../lib/gcc/arm-none-eabi/4.8.4/../../../../arm-none-eabi/lib/armv6-m\libg_s.a(lib_a-reent.o)
 .ARM.attributes
                0x00000b6c       0x2c c:/freescale/kds_v3/toolchain/bin/../lib/gcc/arm-none-eabi/4.8.4/../../../../arm-none-eabi/lib/armv6-m\libg_s.a(lib_a-signal.o)
 .ARM.attributes
                0x00000b98       0x2c c:/freescale/kds_v3/toolchain/bin/../lib/gcc/arm-none-eabi/4.8.4/../../../../arm-none-eabi/lib/armv6-m\libg_s.a(lib_a-signalr.o)
 .ARM.attributes
                0x00000bc4       0x2c c:/freescale/kds_v3/toolchain/bin/../lib/gcc/arm-none-eabi/4.8.4/../../../../arm-none-eabi/lib/armv6-m\libg_s.a(lib_a-stdio.o)
 .ARM.attributes
                0x00000bf0       0x2c c:/freescale/kds_v3/toolchain/bin/../lib/gcc/arm-none-eabi/4.8.4/../../../../arm-none-eabi/lib/armv6-m\libg_s.a(lib_a-writer.o)
 .ARM.attributes
                0x00000c1c       0x2c c:/freescale/kds_v3/toolchain/bin/../lib/gcc/arm-none-eabi/4.8.4/../../../../arm-none-eabi/lib/armv6-m\libg_s.a(lib_a-closer.o)
 .ARM.attributes
                0x00000c48       0x2c c:/freescale/kds_v3/toolchain/bin/../lib/gcc/arm-none-eabi/4.8.4/../../../../arm-none-eabi/lib/armv6-m\libg_s.a(lib_a-fstatr.o)
 .ARM.attributes
                0x00000c74       0x2c c:/freescale/kds_v3/toolchain/bin/../lib/gcc/arm-none-eabi/4.8.4/../../../../arm-none-eabi/lib/armv6-m\libg_s.a(lib_a-isattyr.o)
 .ARM.attributes
                0x00000ca0       0x2c c:/freescale/kds_v3/toolchain/bin/../lib/gcc/arm-none-eabi/4.8.4/../../../../arm-none-eabi/lib/armv6-m\libg_s.a(lib_a-lseekr.o)
 .ARM.attributes
                0x00000ccc       0x2c c:/freescale/kds_v3/toolchain/bin/../lib/gcc/arm-none-eabi/4.8.4/../../../../arm-none-eabi/lib/armv6-m\libg_s.a(lib_a-readr.o)
 .ARM.attributes
                0x00000cf8       0x1e c:/freescale/kds_v3/toolchain/bin/../lib/gcc/arm-none-eabi/4.8.4/armv6-m\libgcc.a(_udivsi3.o)
 .ARM.attributes
                0x00000d16       0x1e c:/freescale/kds_v3/toolchain/bin/../lib/gcc/arm-none-eabi/4.8.4/armv6-m\libgcc.a(_divsi3.o)
 .ARM.attributes
                0x00000d34       0x1e c:/freescale/kds_v3/toolchain/bin/../lib/gcc/arm-none-eabi/4.8.4/armv6-m\libgcc.a(_dvmd_tls.o)
 .ARM.attributes
                0x00000d52       0x1e c:/freescale/kds_v3/toolchain/bin/../lib/gcc/arm-none-eabi/4.8.4/armv6-m\libgcc.a(_arm_cmpdf2.o)
 .ARM.attributes
                0x00000d70       0x2c c:/freescale/kds_v3/toolchain/bin/../lib/gcc/arm-none-eabi/4.8.4/armv6-m\libgcc.a(_fixunsdfsi.o)
 .ARM.attributes
                0x00000d9c       0x2c c:/freescale/kds_v3/toolchain/bin/../lib/gcc/arm-none-eabi/4.8.4/armv6-m\libgcc.a(adddf3.o)
 .ARM.attributes
                0x00000dc8       0x2c c:/freescale/kds_v3/toolchain/bin/../lib/gcc/arm-none-eabi/4.8.4/armv6-m\libgcc.a(divdf3.o)
 .ARM.attributes
                0x00000df4       0x2c c:/freescale/kds_v3/toolchain/bin/../lib/gcc/arm-none-eabi/4.8.4/armv6-m\libgcc.a(eqdf2.o)
 .ARM.attributes
                0x00000e20       0x2c c:/freescale/kds_v3/toolchain/bin/../lib/gcc/arm-none-eabi/4.8.4/armv6-m\libgcc.a(gedf2.o)
 .ARM.attributes
                0x00000e4c       0x2c c:/freescale/kds_v3/toolchain/bin/../lib/gcc/arm-none-eabi/4.8.4/armv6-m\libgcc.a(ledf2.o)
 .ARM.attributes
                0x00000e78       0x2c c:/freescale/kds_v3/toolchain/bin/../lib/gcc/arm-none-eabi/4.8.4/armv6-m\libgcc.a(muldf3.o)
 .ARM.attributes
                0x00000ea4       0x2c c:/freescale/kds_v3/toolchain/bin/../lib/gcc/arm-none-eabi/4.8.4/armv6-m\libgcc.a(subdf3.o)
 .ARM.attributes
                0x00000ed0       0x2c c:/freescale/kds_v3/toolchain/bin/../lib/gcc/arm-none-eabi/4.8.4/armv6-m\libgcc.a(fixdfsi.o)
 .ARM.attributes
                0x00000efc       0x2c c:/freescale/kds_v3/toolchain/bin/../lib/gcc/arm-none-eabi/4.8.4/armv6-m\libgcc.a(floatsidf.o)
 .ARM.attributes
                0x00000f28       0x1e c:/freescale/kds_v3/toolchain/bin/../lib/gcc/arm-none-eabi/4.8.4/armv6-m\libgcc.a(_clzsi2.o)
 .ARM.attributes
                0x00000f46       0x2c c:/freescale/kds_v3/toolchain/bin/../lib/gcc/arm-none-eabi/4.8.4/../../../../arm-none-eabi/lib/armv6-m\libnosys.a(close.o)
 .ARM.attributes
                0x00000f72       0x2c c:/freescale/kds_v3/toolchain/bin/../lib/gcc/arm-none-eabi/4.8.4/../../../../arm-none-eabi/lib/armv6-m\libnosys.a(fstat.o)
 .ARM.attributes
                0x00000f9e       0x2c c:/freescale/kds_v3/toolchain/bin/../lib/gcc/arm-none-eabi/4.8.4/../../../../arm-none-eabi/lib/armv6-m\libnosys.a(getpid.o)
 .ARM.attributes
                0x00000fca       0x2c c:/freescale/kds_v3/toolchain/bin/../lib/gcc/arm-none-eabi/4.8.4/../../../../arm-none-eabi/lib/armv6-m\libnosys.a(isatty.o)
 .ARM.attributes
                0x00000ff6       0x2c c:/freescale/kds_v3/toolchain/bin/../lib/gcc/arm-none-eabi/4.8.4/../../../../arm-none-eabi/lib/armv6-m\libnosys.a(kill.o)
 .ARM.attributes
                0x00001022       0x2c c:/freescale/kds_v3/toolchain/bin/../lib/gcc/arm-none-eabi/4.8.4/../../../../arm-none-eabi/lib/armv6-m\libnosys.a(lseek.o)
 .ARM.attributes
                0x0000104e       0x2c c:/freescale/kds_v3/toolchain/bin/../lib/gcc/arm-none-eabi/4.8.4/../../../../arm-none-eabi/lib/armv6-m\libnosys.a(_exit.o)
 .ARM.attributes
                0x0000107a       0x2c c:/freescale/kds_v3/toolchain/bin/../lib/gcc/arm-none-eabi/4.8.4/armv6-m/crtend.o
 .ARM.attributes
                0x000010a6       0x1e c:/freescale/kds_v3/toolchain/bin/../lib/gcc/arm-none-eabi/4.8.4/armv6-m/crtn.o
                0x00000001                ASSERT ((__StackLimit >= __HeapLimit), region m_data overflowed with stack and heap)
OUTPUT(hello_world_frdmkl25z.elf elf32-littlearm)

.debug_info     0x00000000     0xbde7
 .debug_info    0x00000000      0xa4c ./utilities/fsl_debug_console.o
 .debug_info    0x00000a4c      0x16e ./utilities/fsl_misc_utilities.o
 .debug_info    0x00000bba      0x27c ./startup/startup.o
 .debug_info    0x00000e36       0xc2 ./startup/startup_MKL25Z4.o
 .debug_info    0x00000ef8      0x3cf ./startup/system_MKL25Z4.o
 .debug_info    0x000012c7      0x337 ./src/circbuff.o
 .debug_info    0x000015fe      0x8f9 ./src/uart.o
 .debug_info    0x00001ef7       0x92 ./source/fsl_lptmr_irq.o
 .debug_info    0x00001f89      0x3bc ./source/main.o
 .debug_info    0x00002345      0xa43 ./board/board.o
 .debug_info    0x00002d88      0x25d ./board/gpio_pins.o
 .debug_info    0x00002fe5       0xd3 ./board/hardware_init.o
 .debug_info    0x000030b8      0x3f1 ./board/pin_mux.o
 .debug_info    0x000034a9      0x80e C:/Freescale/KSDK_1.3.0/examples/frdmkl25z/demo_apps/hello_world/kds/../../../../../lib/ksdk_platform_lib/kds/KL25Z4/debug/libksdk_platform.a(fsl_uart_hal.o)
 .debug_info    0x00003cb7      0xfc8 C:/Freescale/KSDK_1.3.0/examples/frdmkl25z/demo_apps/hello_world/kds/../../../../../lib/ksdk_platform_lib/kds/KL25Z4/debug/libksdk_platform.a(fsl_lptmr_driver.o)
 .debug_info    0x00004c7f      0x917 C:/Freescale/KSDK_1.3.0/examples/frdmkl25z/demo_apps/hello_world/kds/../../../../../lib/ksdk_platform_lib/kds/KL25Z4/debug/libksdk_platform.a(fsl_lpsci_hal.o)
 .debug_info    0x00005596      0xe50 C:/Freescale/KSDK_1.3.0/examples/frdmkl25z/demo_apps/hello_world/kds/../../../../../lib/ksdk_platform_lib/kds/KL25Z4/debug/libksdk_platform.a(fsl_gpio_driver.o)
 .debug_info    0x000063e6     0x17a4 C:/Freescale/KSDK_1.3.0/examples/frdmkl25z/demo_apps/hello_world/kds/../../../../../lib/ksdk_platform_lib/kds/KL25Z4/debug/libksdk_platform.a(fsl_clock_MKL25Z4.o)
 .debug_info    0x00007b8a     0x1682 C:/Freescale/KSDK_1.3.0/examples/frdmkl25z/demo_apps/hello_world/kds/../../../../../lib/ksdk_platform_lib/kds/KL25Z4/debug/libksdk_platform.a(fsl_clock_manager.o)
 .debug_info    0x0000920c      0x448 C:/Freescale/KSDK_1.3.0/examples/frdmkl25z/demo_apps/hello_world/kds/../../../../../lib/ksdk_platform_lib/kds/KL25Z4/debug/libksdk_platform.a(fsl_clock_manager_common.o)
 .debug_info    0x00009654      0x953 C:/Freescale/KSDK_1.3.0/examples/frdmkl25z/demo_apps/hello_world/kds/../../../../../lib/ksdk_platform_lib/kds/KL25Z4/debug/libksdk_platform.a(fsl_sim_hal_MKL25Z4.o)
 .debug_info    0x00009fa7       0xef C:/Freescale/KSDK_1.3.0/examples/frdmkl25z/demo_apps/hello_world/kds/../../../../../lib/ksdk_platform_lib/kds/KL25Z4/debug/libksdk_platform.a(fsl_osc_hal.o)
 .debug_info    0x0000a096      0xc23 C:/Freescale/KSDK_1.3.0/examples/frdmkl25z/demo_apps/hello_world/kds/../../../../../lib/ksdk_platform_lib/kds/KL25Z4/debug/libksdk_platform.a(fsl_mcg_hal.o)
 .debug_info    0x0000acb9      0x850 C:/Freescale/KSDK_1.3.0/examples/frdmkl25z/demo_apps/hello_world/kds/../../../../../lib/ksdk_platform_lib/kds/KL25Z4/debug/libksdk_platform.a(fsl_mcg_hal_modes.o)
 .debug_info    0x0000b509      0x28b C:/Freescale/KSDK_1.3.0/examples/frdmkl25z/demo_apps/hello_world/kds/../../../../../lib/ksdk_platform_lib/kds/KL25Z4/debug/libksdk_platform.a(fsl_lptmr_common.o)
 .debug_info    0x0000b794      0x2d6 C:/Freescale/KSDK_1.3.0/examples/frdmkl25z/demo_apps/hello_world/kds/../../../../../lib/ksdk_platform_lib/kds/KL25Z4/debug/libksdk_platform.a(fsl_gpio_hal.o)
 .debug_info    0x0000ba6a      0x37d C:/Freescale/KSDK_1.3.0/examples/frdmkl25z/demo_apps/hello_world/kds/../../../../../lib/ksdk_platform_lib/kds/KL25Z4/debug/libksdk_platform.a(fsl_gpio_common.o)

.debug_abbrev   0x00000000     0x263f
 .debug_abbrev  0x00000000      0x237 ./utilities/fsl_debug_console.o
 .debug_abbrev  0x00000237       0xc1 ./utilities/fsl_misc_utilities.o
 .debug_abbrev  0x000002f8       0xe6 ./startup/startup.o
 .debug_abbrev  0x000003de       0x14 ./startup/startup_MKL25Z4.o
 .debug_abbrev  0x000003f2      0x106 ./startup/system_MKL25Z4.o
 .debug_abbrev  0x000004f8      0x13d ./src/circbuff.o
 .debug_abbrev  0x00000635      0x24b ./src/uart.o
 .debug_abbrev  0x00000880       0x42 ./source/fsl_lptmr_irq.o
 .debug_abbrev  0x000008c2      0x117 ./source/main.o
 .debug_abbrev  0x000009d9      0x253 ./board/board.o
 .debug_abbrev  0x00000c2c       0x8c ./board/gpio_pins.o
 .debug_abbrev  0x00000cb8       0x72 ./board/hardware_init.o
 .debug_abbrev  0x00000d2a      0x125 ./board/pin_mux.o
 .debug_abbrev  0x00000e4f      0x1eb C:/Freescale/KSDK_1.3.0/examples/frdmkl25z/demo_apps/hello_world/kds/../../../../../lib/ksdk_platform_lib/kds/KL25Z4/debug/libksdk_platform.a(fsl_uart_hal.o)
 .debug_abbrev  0x0000103a      0x26c C:/Freescale/KSDK_1.3.0/examples/frdmkl25z/demo_apps/hello_world/kds/../../../../../lib/ksdk_platform_lib/kds/KL25Z4/debug/libksdk_platform.a(fsl_lptmr_driver.o)
 .debug_abbrev  0x000012a6      0x20e C:/Freescale/KSDK_1.3.0/examples/frdmkl25z/demo_apps/hello_world/kds/../../../../../lib/ksdk_platform_lib/kds/KL25Z4/debug/libksdk_platform.a(fsl_lpsci_hal.o)
 .debug_abbrev  0x000014b4      0x277 C:/Freescale/KSDK_1.3.0/examples/frdmkl25z/demo_apps/hello_world/kds/../../../../../lib/ksdk_platform_lib/kds/KL25Z4/debug/libksdk_platform.a(fsl_gpio_driver.o)
 .debug_abbrev  0x0000172b      0x2ef C:/Freescale/KSDK_1.3.0/examples/frdmkl25z/demo_apps/hello_world/kds/../../../../../lib/ksdk_platform_lib/kds/KL25Z4/debug/libksdk_platform.a(fsl_clock_MKL25Z4.o)
 .debug_abbrev  0x00001a1a      0x2a9 C:/Freescale/KSDK_1.3.0/examples/frdmkl25z/demo_apps/hello_world/kds/../../../../../lib/ksdk_platform_lib/kds/KL25Z4/debug/libksdk_platform.a(fsl_clock_manager.o)
 .debug_abbrev  0x00001cc3       0xdb C:/Freescale/KSDK_1.3.0/examples/frdmkl25z/demo_apps/hello_world/kds/../../../../../lib/ksdk_platform_lib/kds/KL25Z4/debug/libksdk_platform.a(fsl_clock_manager_common.o)
 .debug_abbrev  0x00001d9e      0x188 C:/Freescale/KSDK_1.3.0/examples/frdmkl25z/demo_apps/hello_world/kds/../../../../../lib/ksdk_platform_lib/kds/KL25Z4/debug/libksdk_platform.a(fsl_sim_hal_MKL25Z4.o)
 .debug_abbrev  0x00001f26       0x99 C:/Freescale/KSDK_1.3.0/examples/frdmkl25z/demo_apps/hello_world/kds/../../../../../lib/ksdk_platform_lib/kds/KL25Z4/debug/libksdk_platform.a(fsl_osc_hal.o)
 .debug_abbrev  0x00001fbf      0x234 C:/Freescale/KSDK_1.3.0/examples/frdmkl25z/demo_apps/hello_world/kds/../../../../../lib/ksdk_platform_lib/kds/KL25Z4/debug/libksdk_platform.a(fsl_mcg_hal.o)
 .debug_abbrev  0x000021f3      0x1a4 C:/Freescale/KSDK_1.3.0/examples/frdmkl25z/demo_apps/hello_world/kds/../../../../../lib/ksdk_platform_lib/kds/KL25Z4/debug/libksdk_platform.a(fsl_mcg_hal_modes.o)
 .debug_abbrev  0x00002397       0xd3 C:/Freescale/KSDK_1.3.0/examples/frdmkl25z/demo_apps/hello_world/kds/../../../../../lib/ksdk_platform_lib/kds/KL25Z4/debug/libksdk_platform.a(fsl_lptmr_common.o)
 .debug_abbrev  0x0000246a      0x118 C:/Freescale/KSDK_1.3.0/examples/frdmkl25z/demo_apps/hello_world/kds/../../../../../lib/ksdk_platform_lib/kds/KL25Z4/debug/libksdk_platform.a(fsl_gpio_hal.o)
 .debug_abbrev  0x00002582       0xbd C:/Freescale/KSDK_1.3.0/examples/frdmkl25z/demo_apps/hello_world/kds/../../../../../lib/ksdk_platform_lib/kds/KL25Z4/debug/libksdk_platform.a(fsl_gpio_common.o)

.debug_aranges  0x00000000      0xc98
 .debug_aranges
                0x00000000       0xa0 ./utilities/fsl_debug_console.o
 .debug_aranges
                0x000000a0       0x28 ./utilities/fsl_misc_utilities.o
 .debug_aranges
                0x000000c8       0x20 ./startup/startup.o
 .debug_aranges
                0x000000e8       0x20 ./startup/startup_MKL25Z4.o
 .debug_aranges
                0x00000108       0x28 ./startup/system_MKL25Z4.o
 .debug_aranges
                0x00000130       0x50 ./src/circbuff.o
 .debug_aranges
                0x00000180       0x50 ./src/uart.o
 .debug_aranges
                0x000001d0       0x20 ./source/fsl_lptmr_irq.o
 .debug_aranges
                0x000001f0       0x20 ./source/main.o
 .debug_aranges
                0x00000210       0x70 ./board/board.o
 .debug_aranges
                0x00000280       0x18 ./board/gpio_pins.o
 .debug_aranges
                0x00000298       0x20 ./board/hardware_init.o
 .debug_aranges
                0x000002b8       0x80 ./board/pin_mux.o
 .debug_aranges
                0x00000338       0xb0 C:/Freescale/KSDK_1.3.0/examples/frdmkl25z/demo_apps/hello_world/kds/../../../../../lib/ksdk_platform_lib/kds/KL25Z4/debug/libksdk_platform.a(fsl_uart_hal.o)
 .debug_aranges
                0x000003e8       0xe0 C:/Freescale/KSDK_1.3.0/examples/frdmkl25z/demo_apps/hello_world/kds/../../../../../lib/ksdk_platform_lib/kds/KL25Z4/debug/libksdk_platform.a(fsl_lptmr_driver.o)
 .debug_aranges
                0x000004c8       0xc8 C:/Freescale/KSDK_1.3.0/examples/frdmkl25z/demo_apps/hello_world/kds/../../../../../lib/ksdk_platform_lib/kds/KL25Z4/debug/libksdk_platform.a(fsl_lpsci_hal.o)
 .debug_aranges
                0x00000590       0xf0 C:/Freescale/KSDK_1.3.0/examples/frdmkl25z/demo_apps/hello_world/kds/../../../../../lib/ksdk_platform_lib/kds/KL25Z4/debug/libksdk_platform.a(fsl_gpio_driver.o)
 .debug_aranges
                0x00000680      0x210 C:/Freescale/KSDK_1.3.0/examples/frdmkl25z/demo_apps/hello_world/kds/../../../../../lib/ksdk_platform_lib/kds/KL25Z4/debug/libksdk_platform.a(fsl_clock_MKL25Z4.o)
 .debug_aranges
                0x00000890      0x150 C:/Freescale/KSDK_1.3.0/examples/frdmkl25z/demo_apps/hello_world/kds/../../../../../lib/ksdk_platform_lib/kds/KL25Z4/debug/libksdk_platform.a(fsl_clock_manager.o)
 .debug_aranges
                0x000009e0       0x18 C:/Freescale/KSDK_1.3.0/examples/frdmkl25z/demo_apps/hello_world/kds/../../../../../lib/ksdk_platform_lib/kds/KL25Z4/debug/libksdk_platform.a(fsl_clock_manager_common.o)
 .debug_aranges
                0x000009f8       0x90 C:/Freescale/KSDK_1.3.0/examples/frdmkl25z/demo_apps/hello_world/kds/../../../../../lib/ksdk_platform_lib/kds/KL25Z4/debug/libksdk_platform.a(fsl_sim_hal_MKL25Z4.o)
 .debug_aranges
                0x00000a88       0x20 C:/Freescale/KSDK_1.3.0/examples/frdmkl25z/demo_apps/hello_world/kds/../../../../../lib/ksdk_platform_lib/kds/KL25Z4/debug/libksdk_platform.a(fsl_osc_hal.o)
 .debug_aranges
                0x00000aa8       0xf0 C:/Freescale/KSDK_1.3.0/examples/frdmkl25z/demo_apps/hello_world/kds/../../../../../lib/ksdk_platform_lib/kds/KL25Z4/debug/libksdk_platform.a(fsl_mcg_hal.o)
 .debug_aranges